Archive member included because of file (symbol)

C:\Users\Alex\AppData\Local\Temp\VMBuilds\Test_tracker1\arduino_zero_native\Release/core.a(cortex_handlers.c.o)
                              (Reset_Handler)
C:\Users\Alex\AppData\Local\Temp\VMBuilds\Test_tracker1\arduino_zero_native\Release/core.a(delay.c.o)
                              C:\Users\Alex\AppData\Local\Temp\VMBuilds\Test_tracker1\arduino_zero_native\Release/core.a(cortex_handlers.c.o) (SysTick_DefaultHandler)
C:\Users\Alex\AppData\Local\Temp\VMBuilds\Test_tracker1\arduino_zero_native\Release/core.a(hooks.c.o)
                              C:\Users\Alex\AppData\Local\Temp\VMBuilds\Test_tracker1\arduino_zero_native\Release/core.a(delay.c.o) (yield)
C:\Users\Alex\AppData\Local\Temp\VMBuilds\Test_tracker1\arduino_zero_native\Release/core.a(startup.c.o)
                              C:\Users\Alex\AppData\Local\Temp\VMBuilds\Test_tracker1\arduino_zero_native\Release/core.a(cortex_handlers.c.o) (SystemInit)
C:\Users\Alex\AppData\Local\Temp\VMBuilds\Test_tracker1\arduino_zero_native\Release/core.a(wiring.c.o)
                              C:\Users\Alex\AppData\Local\Temp\VMBuilds\Test_tracker1\arduino_zero_native\Release/core.a(startup.c.o) (SystemCoreClock)
C:\Users\Alex\AppData\Local\Temp\VMBuilds\Test_tracker1\arduino_zero_native\Release/core.a(wiring_analog.c.o)
                              C:\Users\Alex\AppData\Local\Temp\VMBuilds\Test_tracker1\arduino_zero_native\Release/core.a(wiring.c.o) (analogReference)
C:\Users\Alex\AppData\Local\Temp\VMBuilds\Test_tracker1\arduino_zero_native\Release/core.a(wiring_digital.c.o)
                              C:\Users\Alex\AppData\Local\Temp\VMBuilds\Test_tracker1\arduino_zero_native\Release/core.a(wiring.c.o) (pinMode)
C:\Users\Alex\AppData\Local\Temp\VMBuilds\Test_tracker1\arduino_zero_native\Release/core.a(wiring_private.c.o)
                              C:\Users\Alex\AppData\Local\Temp\VMBuilds\Test_tracker1\arduino_zero_native\Release/core.a(wiring_analog.c.o) (pinPeripheral)
C:\Users\Alex\AppData\Local\Temp\VMBuilds\Test_tracker1\arduino_zero_native\Release/core.a(main.cpp.o)
                              c:/users/alex/appdata/local/arduino15/packages/arduino/tools/arm-none-eabi-gcc/4.8.3-2014q1/bin/../lib/gcc/arm-none-eabi/4.8.3/../../../../arm-none-eabi/lib/armv6-m/crt0.o (main)
C:\Users\Alex\AppData\Local\Temp\VMBuilds\Test_tracker1\arduino_zero_native\Release/core.a(Print.cpp.o)
                              C:\Users\Alex\AppData\Local\Temp\VMBuilds\Test_tracker1\arduino_zero_native\Release\Test_tracker1.cpp.o (Print::println(char const*))
C:\Users\Alex\AppData\Local\Temp\VMBuilds\Test_tracker1\arduino_zero_native\Release/core.a(Reset.cpp.o)
                              C:\Users\Alex\AppData\Local\Temp\VMBuilds\Test_tracker1\arduino_zero_native\Release/core.a(delay.c.o) (tickReset)
C:\Users\Alex\AppData\Local\Temp\VMBuilds\Test_tracker1\arduino_zero_native\Release/core.a(SERCOM.cpp.o)
                              C:\Users\Alex\AppData\Local\Temp\VMBCore\arduino16x\f4e4fb79301fbd088d63ca0524c96428\variant\variant.cpp.o (SERCOM::SERCOM(Sercom*))
C:\Users\Alex\AppData\Local\Temp\VMBuilds\Test_tracker1\arduino_zero_native\Release/core.a(Uart.cpp.o)
                              C:\Users\Alex\AppData\Local\Temp\VMBuilds\Test_tracker1\arduino_zero_native\Release\Test_tracker1.cpp.o (Uart::begin(unsigned long))
C:\Users\Alex\AppData\Local\Temp\VMBuilds\Test_tracker1\arduino_zero_native\Release/core.a(CDC.cpp.o)
                              C:\Users\Alex\AppData\Local\Temp\VMBuilds\Test_tracker1\arduino_zero_native\Release\Test_tracker1.cpp.o (Serial_::write(unsigned char))
C:\Users\Alex\AppData\Local\Temp\VMBuilds\Test_tracker1\arduino_zero_native\Release/core.a(USBCore.cpp.o)
                              C:\Users\Alex\AppData\Local\Temp\VMBuilds\Test_tracker1\arduino_zero_native\Release/core.a(main.cpp.o) (USBDeviceClass::init())
C:\Users\Alex\AppData\Local\Temp\VMBuilds\Test_tracker1\arduino_zero_native\Release/core.a(abi.cpp.o)
                              C:\Users\Alex\AppData\Local\Temp\VMBuilds\Test_tracker1\arduino_zero_native\Release/core.a(Print.cpp.o) (__cxa_pure_virtual)
C:\Users\Alex\AppData\Local\Temp\VMBuilds\Test_tracker1\arduino_zero_native\Release/core.a(new.cpp.o)
                              C:\Users\Alex\AppData\Local\Temp\VMBuilds\Test_tracker1\arduino_zero_native\Release/core.a(USBCore.cpp.o) (operator new(unsigned int))
C:\Users\Alex\AppData\Local\Temp\VMBuilds\Test_tracker1\arduino_zero_native\Release/core.a(PluggableUSB.cpp.o)
                              C:\Users\Alex\AppData\Local\Temp\VMBuilds\Test_tracker1\arduino_zero_native\Release/core.a(USBCore.cpp.o) (PluggableUSB_::getInterface(unsigned char*))
c:/users/alex/appdata/local/arduino15/packages/arduino/tools/arm-none-eabi-gcc/4.8.3-2014q1/bin/../lib/gcc/arm-none-eabi/4.8.3/../../../../arm-none-eabi/lib/armv6-m\libm.a(lib_a-s_fpclassify.o)
[...]
Memory Configuration

Name             Origin             Length             Attributes
FLASH            0x00002000         0x0003e000         xr
RAM              0x20000000         0x00008000         xrw
*default*        0x00000000         0xffffffff

Linker script and memory map

LOAD c:/users/alex/appdata/local/arduino15/packages/arduino/tools/arm-none-eabi-gcc/4.8.3-2014q1/bin/../lib/gcc/arm-none-eabi/4.8.3/armv6-m/crti.o
LOAD c:/users/alex/appdata/local/arduino15/packages/arduino/tools/arm-none-eabi-gcc/4.8.3-2014q1/bin/../lib/gcc/arm-none-eabi/4.8.3/armv6-m/crtbegin.o
LOAD c:/users/alex/appdata/local/arduino15/packages/arduino/tools/arm-none-eabi-gcc/4.8.3-2014q1/bin/../lib/gcc/arm-none-eabi/4.8.3/../../../../arm-none-eabi/lib/armv6-m/crt0.o
LOAD C:\Users\Alex\AppData\Local\Temp\VMBuilds\Test_tracker1\arduino_zero_native\Release\Test_tracker1.cpp.o
LOAD C:\Users\Alex\AppData\Local\Temp\VMBCore\arduino16x\f4e4fb79301fbd088d63ca0524c96428\variant\variant.cpp.o
START GROUP
LOAD C:\Users\Alex\AppData\Local\arduino15\packages\arduino\tools\CMSIS\4.5.0/CMSIS/Lib/GCC/\libarm_cortexM0l_math.a
LOAD c:/users/alex/appdata/local/arduino15/packages/arduino/tools/arm-none-eabi-gcc/4.8.3-2014q1/bin/../lib/gcc/arm-none-eabi/4.8.3/../../../../arm-none-eabi/lib/armv6-m\libm.a
LOAD C:\Users\Alex\AppData\Local\Temp\VMBuilds\Test_tracker1\arduino_zero_native\Release/core.a
END GROUP
START GROUP
LOAD c:/users/alex/appdata/local/arduino15/packages/arduino/tools/arm-none-eabi-gcc/4.8.3-2014q1/bin/../lib/gcc/arm-none-eabi/4.8.3/armv6-m\libgcc.a
LOAD c:/users/alex/appdata/local/arduino15/packages/arduino/tools/arm-none-eabi-gcc/4.8.3-2014q1/bin/../lib/gcc/arm-none-eabi/4.8.3/../../../../arm-none-eabi/lib/armv6-m\libc_s.a
END GROUP
START GROUP
LOAD c:/users/alex/appdata/local/arduino15/packages/arduino/tools/arm-none-eabi-gcc/4.8.3-2014q1/bin/../lib/gcc/arm-none-eabi/4.8.3/armv6-m\libgcc.a
LOAD c:/users/alex/appdata/local/arduino15/packages/arduino/tools/arm-none-eabi-gcc/4.8.3-2014q1/bin/../lib/gcc/arm-none-eabi/4.8.3/../../../../arm-none-eabi/lib/armv6-m\libc_s.a
LOAD c:/users/alex/appdata/local/arduino15/packages/arduino/tools/arm-none-eabi-gcc/4.8.3-2014q1/bin/../lib/gcc/arm-none-eabi/4.8.3/../../../../arm-none-eabi/lib/armv6-m\libnosys.a
END GROUP
START GROUP
LOAD c:/users/alex/appdata/local/arduino15/packages/arduino/tools/arm-none-eabi-gcc/4.8.3-2014q1/bin/../lib/gcc/arm-none-eabi/4.8.3/armv6-m\libgcc.a
LOAD c:/users/alex/appdata/local/arduino15/packages/arduino/tools/arm-none-eabi-gcc/4.8.3-2014q1/bin/../lib/gcc/arm-none-eabi/4.8.3/../../../../arm-none-eabi/lib/armv6-m\libc_s.a
LOAD c:/users/alex/appdata/local/arduino15/packages/arduino/tools/arm-none-eabi-gcc/4.8.3-2014q1/bin/../lib/gcc/arm-none-eabi/4.8.3/../../../../arm-none-eabi/lib/armv6-m\libnosys.a
END GROUP
LOAD c:/users/alex/appdata/local/arduino15/packages/arduino/tools/arm-none-eabi-gcc/4.8.3-2014q1/bin/../lib/gcc/arm-none-eabi/4.8.3/armv6-m/crtend.o
LOAD c:/users/alex/appdata/local/arduino15/packages/arduino/tools/arm-none-eabi-gcc/4.8.3-2014q1/bin/../lib/gcc/arm-none-eabi/4.8.3/armv6-m/crtn.o

.text           0x00002000     0x2868
                0x00002000                __text_start__ = .
 *(.sketch_boot)
                0x00002000                . = ALIGN (0x2000)
 *(.isr_vector)
 .isr_vector    0x00002000       0xb4 C:\Users\Alex\AppData\Local\Temp\VMBuilds\Test_tracker1\arduino_zero_native\Release/core.a(cortex_handlers.c.o)
                0x00002000                exception_table
 *(.text*)
 .text          0x000020b4       0x60 c:/users/alex/appdata/local/arduino15/packages/arduino/tools/arm-none-eabi-gcc/4.8.3-2014q1/bin/../lib/gcc/arm-none-eabi/4.8.3/armv6-m/crtbegin.o
 .text.setup    0x00002114       0x3c C:\Users\Alex\AppData\Local\Temp\VMBuilds\Test_tracker1\arduino_zero_native\Release\Test_tracker1.cpp.o
                0x00002114                setup
 .text.loop     0x00002150       0x40 C:\Users\Alex\AppData\Local\Temp\VMBuilds\Test_tracker1\arduino_zero_native\Release\Test_tracker1.cpp.o
                0x00002150                loop
 .text.SERCOM0_Handler
                0x00002190       0x10 C:\Users\Alex\AppData\Local\Temp\VMBCore\arduino16x\f4e4fb79301fbd088d63ca0524c96428\variant\variant.cpp.o
                0x00002190                SERCOM0_Handler
 .text.SERCOM5_Handler
                0x000021a0       0x10 C:\Users\Alex\AppData\Local\Temp\VMBCore\arduino16x\f4e4fb79301fbd088d63ca0524c96428\variant\variant.cpp.o
                0x000021a0                SERCOM5_Handler
 .text.startup._GLOBAL__sub_I_g_APinDescription
                0x000021b0       0x94 C:\Users\Alex\AppData\Local\Temp\VMBCore\arduino16x\f4e4fb79301fbd088d63ca0524c96428\variant\variant.cpp.o
 .text.Dummy_Handler
                0x00002244        0x2 C:\Users\Alex\AppData\Local\Temp\VMBuilds\Test_tracker1\arduino_zero_native\Release/core.a(cortex_handlers.c.o)
                0x00002244                DMAC_Handler
                0x00002244                HardFault_Handler
                0x00002244                AC_Handler
                0x00002244                PendSV_Handler
                0x00002244                NMI_Handler
                0x00002244                TC7_Handler
                0x00002244                SERCOM1_Handler
                0x00002244                ADC_Handler
                0x00002244                TCC1_Handler
                0x00002244                SERCOM2_Handler
                0x00002244                TCC0_Handler
                0x00002244                RTC_Handler
                0x00002244                EIC_Handler
                0x00002244                TC6_Handler
                0x00002244                WDT_Handler
                0x00002244                TC4_Handler
                0x00002244                TC3_Handler
                0x00002244                Dummy_Handler
                0x00002244                PM_Handler
                0x00002244                SVC_Handler
                0x00002244                TCC2_Handler
                0x00002244                EVSYS_Handler
                0x00002244                SERCOM3_Handler
                0x00002244                SERCOM4_Handler
                0x00002244                I2S_Handler
                0x00002244                NVMCTRL_Handler
                0x00002244                DAC_Handler
                0x00002244                PTC_Handler
                0x00002244                SYSCTRL_Handler
 *fill*         0x00002246        0x2 
 .text.USB_Handler
                0x00002248       0x14 C:\Users\Alex\AppData\Local\Temp\VMBuilds\Test_tracker1\arduino_zero_native\Release/core.a(cortex_handlers.c.o)
                0x00002248                USB_Handler
 .text.Reset_Handler
                0x0000225c       0x54 C:\Users\Alex\AppData\Local\Temp\VMBuilds\Test_tracker1\arduino_zero_native\Release/core.a(cortex_handlers.c.o)
                0x0000225c                Reset_Handler
 .text.SysTick_Handler
                0x000022b0       0x10 C:\Users\Alex\AppData\Local\Temp\VMBuilds\Test_tracker1\arduino_zero_native\Release/core.a(cortex_handlers.c.o)
                0x000022b0                SysTick_Handler
 .text.USB_SetHandler
                0x000022c0        0xc C:\Users\Alex\AppData\Local\Temp\VMBuilds\Test_tracker1\arduino_zero_native\Release/core.a(cortex_handlers.c.o)
                0x000022c0                USB_SetHandler
 .text.millis   0x000022cc        0xc C:\Users\Alex\AppData\Local\Temp\VMBuilds\Test_tracker1\arduino_zero_native\Release/core.a(delay.c.o)
                0x000022cc                millis
 .text.delay    0x000022d8       0x20 C:\Users\Alex\AppData\Local\Temp\VMBuilds\Test_tracker1\arduino_zero_native\Release/core.a(delay.c.o)
                0x000022d8                delay
 .text.SysTick_DefaultHandler
                0x000022f8       0x14 C:\Users\Alex\AppData\Local\Temp\VMBuilds\Test_tracker1\arduino_zero_native\Release/core.a(delay.c.o)
                0x000022f8                SysTick_DefaultHandler
 .text.__empty  0x0000230c        0x2 C:\Users\Alex\AppData\Local\Temp\VMBuilds\Test_tracker1\arduino_zero_native\Release/core.a(hooks.c.o)
                0x0000230c                yield
 .text.__false  0x0000230e        0x4 C:\Users\Alex\AppData\Local\Temp\VMBuilds\Test_tracker1\arduino_zero_native\Release/core.a(hooks.c.o)
                0x0000230e                sysTickHook
 *fill*         0x00002312        0x2 
 .text.SystemInit
                0x00002314      0x168 C:\Users\Alex\AppData\Local\Temp\VMBuilds\Test_tracker1\arduino_zero_native\Release/core.a(startup.c.o)
                0x00002314                SystemInit
 .text.init     0x0000247c       0xf0 C:\Users\Alex\AppData\Local\Temp\VMBuilds\Test_tracker1\arduino_zero_native\Release/core.a(wiring.c.o)
                0x0000247c                init
 .text.analogReference
                0x0000256c       0x5c C:\Users\Alex\AppData\Local\Temp\VMBuilds\Test_tracker1\arduino_zero_native\Release/core.a(wiring_analog.c.o)
                0x0000256c                analogReference
 .text.pinMode  0x000025c8       0xb4 C:\Users\Alex\AppData\Local\Temp\VMBuilds\Test_tracker1\arduino_zero_native\Release/core.a(wiring_digital.c.o)
                0x000025c8                pinMode
 .text.digitalWrite
                0x0000267c       0x60 C:\Users\Alex\AppData\Local\Temp\VMBuilds\Test_tracker1\arduino_zero_native\Release/core.a(wiring_digital.c.o)
                0x0000267c                digitalWrite
 .text.pinPeripheral
                0x000026dc       0xc4 C:\Users\Alex\AppData\Local\Temp\VMBuilds\Test_tracker1\arduino_zero_native\Release/core.a(wiring_private.c.o)
                0x000026dc                pinPeripheral
 .text._Z11initVariantv
                0x000027a0        0x2 C:\Users\Alex\AppData\Local\Temp\VMBuilds\Test_tracker1\arduino_zero_native\Release/core.a(main.cpp.o)
                0x000027a0                initVariant()
 *fill*         0x000027a2        0x2 
 .text.startup.main
                0x000027a4       0x40 C:\Users\Alex\AppData\Local\Temp\VMBuilds\Test_tracker1\arduino_zero_native\Release/core.a(main.cpp.o)
                0x000027a4                main
 .text._ZN5Print5writeEPKhj
                0x000027e4       0x28 C:\Users\Alex\AppData\Local\Temp\VMBuilds\Test_tracker1\arduino_zero_native\Release/core.a(Print.cpp.o)
                0x000027e4                Print::write(unsigned char const*, unsigned int)
 .text._ZN5Print5writeEPKc
                0x0000280c       0x1c C:\Users\Alex\AppData\Local\Temp\VMBuilds\Test_tracker1\arduino_zero_native\Release/core.a(Print.cpp.o)
                0x0000280c                Print::write(char const*)
 .text._ZN5Print7printlnEv
                0x00002828       0x10 C:\Users\Alex\AppData\Local\Temp\VMBuilds\Test_tracker1\arduino_zero_native\Release/core.a(Print.cpp.o)
                0x00002828                Print::println()
 .text._ZN5Print7printlnEPKc
                0x00002838       0x14 C:\Users\Alex\AppData\Local\Temp\VMBuilds\Test_tracker1\arduino_zero_native\Release/core.a(Print.cpp.o)
                0x00002838                Print::println(char const*)
 .text.initiateReset
                0x0000284c        0xc C:\Users\Alex\AppData\Local\Temp\VMBuilds\Test_tracker1\arduino_zero_native\Release/core.a(Reset.cpp.o)
                0x0000284c                initiateReset
 .text.cancelReset
                0x00002858       0x10 C:\Users\Alex\AppData\Local\Temp\VMBuilds\Test_tracker1\arduino_zero_native\Release/core.a(Reset.cpp.o)
                0x00002858                cancelReset
 .text.tickReset
                0x00002868       0x74 C:\Users\Alex\AppData\Local\Temp\VMBuilds\Test_tracker1\arduino_zero_native\Release/core.a(Reset.cpp.o)
                0x00002868                tickReset
 .text._ZN6SERCOMC2EP6Sercom
                0x000028dc        0x4 C:\Users\Alex\AppData\Local\Temp\VMBuilds\Test_tracker1\arduino_zero_native\Release/core.a(SERCOM.cpp.o)
                0x000028dc                SERCOM::SERCOM(Sercom*)
                0x000028dc                SERCOM::SERCOM(Sercom*)
 .text._ZN6SERCOM9initFrameE18SercomUartCharSize15SercomDataOrder16SercomParityMode19SercomNumberStopBit
                0x000028e0       0x38 C:\Users\Alex\AppData\Local\Temp\VMBuilds\Test_tracker1\arduino_zero_native\Release/core.a(SERCOM.cpp.o)
                0x000028e0                SERCOM::initFrame(SercomUartCharSize, SercomDataOrder, SercomParityMode, SercomNumberStopBit)
 .text._ZN6SERCOM8initPadsE15SercomUartTXPad11SercomRXPad
                0x00002918       0x26 C:\Users\Alex\AppData\Local\Temp\VMBuilds\Test_tracker1\arduino_zero_native\Release/core.a(SERCOM.cpp.o)
                0x00002918                SERCOM::initPads(SercomUartTXPad, SercomRXPad)
 .text._ZN6SERCOM9resetUARTEv
                0x0000293e       0x1c C:\Users\Alex\AppData\Local\Temp\VMBuilds\Test_tracker1\arduino_zero_native\Release/core.a(SERCOM.cpp.o)
                0x0000293e                SERCOM::resetUART()
 .text._ZN6SERCOM10enableUARTEv
                0x0000295a       0x14 C:\Users\Alex\AppData\Local\Temp\VMBuilds\Test_tracker1\arduino_zero_native\Release/core.a(SERCOM.cpp.o)
                0x0000295a                SERCOM::enableUART()
 .text._ZN6SERCOM9flushUARTEv
                0x0000296e       0x10 C:\Users\Alex\AppData\Local\Temp\VMBuilds\Test_tracker1\arduino_zero_native\Release/core.a(SERCOM.cpp.o)
                0x0000296e                SERCOM::flushUART()
 .text._ZN6SERCOM15clearStatusUARTEv
                0x0000297e        0x8 C:\Users\Alex\AppData\Local\Temp\VMBuilds\Test_tracker1\arduino_zero_native\Release/core.a(SERCOM.cpp.o)
                0x0000297e                SERCOM::clearStatusUART()
 .text._ZN6SERCOM17availableDataUARTEv
                0x00002986        0xa C:\Users\Alex\AppData\Local\Temp\VMBuilds\Test_tracker1\arduino_zero_native\Release/core.a(SERCOM.cpp.o)
                0x00002986                SERCOM::availableDataUART()
 .text._ZN6SERCOM11isUARTErrorEv
                0x00002990        0x8 C:\Users\Alex\AppData\Local\Temp\VMBuilds\Test_tracker1\arduino_zero_native\Release/core.a(SERCOM.cpp.o)
                0x00002990                SERCOM::isUARTError()
 .text._ZN6SERCOM20acknowledgeUARTErrorEv
                0x00002998        0xe C:\Users\Alex\AppData\Local\Temp\VMBuilds\Test_tracker1\arduino_zero_native\Release/core.a(SERCOM.cpp.o)
                0x00002998                SERCOM::acknowledgeUARTError()
 .text._ZN6SERCOM23isDataRegisterEmptyUARTEv
                0x000029a6        0xa C:\Users\Alex\AppData\Local\Temp\VMBuilds\Test_tracker1\arduino_zero_native\Release/core.a(SERCOM.cpp.o)
                0x000029a6                SERCOM::isDataRegisterEmptyUART()
 .text._ZN6SERCOM12readDataUARTEv
                0x000029b0        0x8 C:\Users\Alex\AppData\Local\Temp\VMBuilds\Test_tracker1\arduino_zero_native\Release/core.a(SERCOM.cpp.o)
                0x000029b0                SERCOM::readDataUART()
 .text._ZN6SERCOM13writeDataUARTEh
                0x000029b8        0xe C:\Users\Alex\AppData\Local\Temp\VMBuilds\Test_tracker1\arduino_zero_native\Release/core.a(SERCOM.cpp.o)
                0x000029b8                SERCOM::writeDataUART(unsigned char)
 .text._ZN6SERCOM36enableDataRegisterEmptyInterruptUARTEv
                0x000029c6        0x8 C:\Users\Alex\AppData\Local\Temp\VMBuilds\Test_tracker1\arduino_zero_native\Release/core.a(SERCOM.cpp.o)
                0x000029c6                SERCOM::enableDataRegisterEmptyInterruptUART()
 .text._ZN6SERCOM37disableDataRegisterEmptyInterruptUARTEv
                0x000029ce        0x8 C:\Users\Alex\AppData\Local\Temp\VMBuilds\Test_tracker1\arduino_zero_native\Release/core.a(SERCOM.cpp.o)
                0x000029ce                SERCOM::disableDataRegisterEmptyInterruptUART()
 *fill*         0x000029d6        0x2 
 .text._ZN6SERCOM13initClockNVICEv
                0x000029d8       0xac C:\Users\Alex\AppData\Local\Temp\VMBuilds\Test_tracker1\arduino_zero_native\Release/core.a(SERCOM.cpp.o)
                0x000029d8                SERCOM::initClockNVIC()
 .text._ZN6SERCOM8initUARTE14SercomUartMode20SercomUartSampleRatem
                0x00002a84       0x6c C:\Users\Alex\AppData\Local\Temp\VMBuilds\Test_tracker1\arduino_zero_native\Release/core.a(SERCOM.cpp.o)
                0x00002a84                SERCOM::initUART(SercomUartMode, SercomUartSampleRate, unsigned long)
 .text._ZN4UartcvbEv
                0x00002af0        0x4 C:\Users\Alex\AppData\Local\Temp\VMBuilds\Test_tracker1\arduino_zero_native\Release/core.a(Uart.cpp.o)
                0x00002af0                Uart::operator bool()
 .text._ZN4Uart5beginEm
                0x00002af4       0x10 C:\Users\Alex\AppData\Local\Temp\VMBuilds\Test_tracker1\arduino_zero_native\Release/core.a(Uart.cpp.o)
                0x00002af4                Uart::begin(unsigned long)
 .text._ZN4Uart4peekEv
                0x00002b04       0x16 C:\Users\Alex\AppData\Local\Temp\VMBuilds\Test_tracker1\arduino_zero_native\Release/core.a(Uart.cpp.o)
                0x00002b04                Uart::peek()
 .text._ZN4Uart3endEv
                0x00002b1a       0x1c C:\Users\Alex\AppData\Local\Temp\VMBuilds\Test_tracker1\arduino_zero_native\Release/core.a(Uart.cpp.o)
                0x00002b1a                Uart::end()
 *fill*         0x00002b36        0x2 
 .text._ZN4UartC2EP6SERCOMhh11SercomRXPad15SercomUartTXPadhh
                0x00002b38       0x7c C:\Users\Alex\AppData\Local\Temp\VMBuilds\Test_tracker1\arduino_zero_native\Release/core.a(Uart.cpp.o)
                0x00002b38                Uart::Uart(SERCOM*, unsigned char, unsigned char, SercomRXPad, SercomUartTXPad, unsigned char, unsigned char)
                0x00002b38                Uart::Uart(SERCOM*, unsigned char, unsigned char, SercomRXPad, SercomUartTXPad, unsigned char, unsigned char)
 .text._ZN4UartC2EP6SERCOMhh11SercomRXPad15SercomUartTXPad
                0x00002bb4       0x24 C:\Users\Alex\AppData\Local\Temp\VMBuilds\Test_tracker1\arduino_zero_native\Release/core.a(Uart.cpp.o)
                0x00002bb4                Uart::Uart(SERCOM*, unsigned char, unsigned char, SercomRXPad, SercomUartTXPad)
                0x00002bb4                Uart::Uart(SERCOM*, unsigned char, unsigned char, SercomRXPad, SercomUartTXPad)
 .text._ZN4Uart16extractNbStopBitEt
                0x00002bd8        0xe C:\Users\Alex\AppData\Local\Temp\VMBuilds\Test_tracker1\arduino_zero_native\Release/core.a(Uart.cpp.o)
                0x00002bd8                Uart::extractNbStopBit(unsigned short)
 .text._ZN4Uart15extractCharSizeEt
                0x00002be6       0x2c C:\Users\Alex\AppData\Local\Temp\VMBuilds\Test_tracker1\arduino_zero_native\Release/core.a(Uart.cpp.o)
                0x00002be6                Uart::extractCharSize(unsigned short)
 .text._ZN4Uart13extractParityEt
                0x00002c12       0x18 C:\Users\Alex\AppData\Local\Temp\VMBuilds\Test_tracker1\arduino_zero_native\Release/core.a(Uart.cpp.o)
                0x00002c12                Uart::extractParity(unsigned short)
 *fill*         0x00002c2a        0x2 
 .text._ZN4Uart5beginEmt
                0x00002c2c       0xf4 C:\Users\Alex\AppData\Local\Temp\VMBuilds\Test_tracker1\arduino_zero_native\Release/core.a(Uart.cpp.o)
                0x00002c2c                Uart::begin(unsigned long, unsigned short)
 .text._ZN11RingBufferNILi64EE9availableEv
                0x00002d20        0xc C:\Users\Alex\AppData\Local\Temp\VMBuilds\Test_tracker1\arduino_zero_native\Release/core.a(Uart.cpp.o)
                0x00002d20                RingBufferN<64>::available()
 .text._ZN4Uart5flushEv
                0x00002d2c       0x18 C:\Users\Alex\AppData\Local\Temp\VMBuilds\Test_tracker1\arduino_zero_native\Release/core.a(Uart.cpp.o)
                0x00002d2c                Uart::flush()
 .text._ZN4Uart9availableEv
                0x00002d44        0xa C:\Users\Alex\AppData\Local\Temp\VMBuilds\Test_tracker1\arduino_zero_native\Release/core.a(Uart.cpp.o)
                0x00002d44                Uart::available()
 .text._ZN11RingBufferNILi64EE17availableForStoreEv
                0x00002d4e       0x1c C:\Users\Alex\AppData\Local\Temp\VMBuilds\Test_tracker1\arduino_zero_native\Release/core.a(Uart.cpp.o)
                0x00002d4e                RingBufferN<64>::availableForStore()
 .text._ZN4Uart17availableForWriteEv
                0x00002d6a        0xa C:\Users\Alex\AppData\Local\Temp\VMBuilds\Test_tracker1\arduino_zero_native\Release/core.a(Uart.cpp.o)
                0x00002d6a                Uart::availableForWrite()
 .text._ZN4Uart10IrqHandlerEv
                0x00002d74       0xb2 C:\Users\Alex\AppData\Local\Temp\VMBuilds\Test_tracker1\arduino_zero_native\Release/core.a(Uart.cpp.o)
                0x00002d74                Uart::IrqHandler()
 *fill*         0x00002e26        0x2 
 .text._ZN4Uart5writeEh
                0x00002e28       0xb8 C:\Users\Alex\AppData\Local\Temp\VMBuilds\Test_tracker1\arduino_zero_native\Release/core.a(Uart.cpp.o)
                0x00002e28                Uart::write(unsigned char)
 .text._ZN4Uart4readEv
                0x00002ee0       0x48 C:\Users\Alex\AppData\Local\Temp\VMBuilds\Test_tracker1\arduino_zero_native\Release/core.a(Uart.cpp.o)
                0x00002ee0                Uart::read()
 .text._ZN7Serial_17availableForWriteEv
                0x00002f28        0x4 C:\Users\Alex\AppData\Local\Temp\VMBuilds\Test_tracker1\arduino_zero_native\Release/core.a(CDC.cpp.o)
                0x00002f28                Serial_::availableForWrite()
 .text._ZN7Serial_5writeEh
                0x00002f2c       0x14 C:\Users\Alex\AppData\Local\Temp\VMBuilds\Test_tracker1\arduino_zero_native\Release/core.a(CDC.cpp.o)
                0x00002f2c                Serial_::write(unsigned char)
 .text._ZN7Serial_9availableEv
                0x00002f40        0xc C:\Users\Alex\AppData\Local\Temp\VMBuilds\Test_tracker1\arduino_zero_native\Release/core.a(CDC.cpp.o)
                0x00002f40                Serial_::available()
 .text._ZN7Serial_5flushEv
                0x00002f4c        0xc C:\Users\Alex\AppData\Local\Temp\VMBuilds\Test_tracker1\arduino_zero_native\Release/core.a(CDC.cpp.o)
                0x00002f4c                Serial_::flush()
 .text._ZN7Serial_5writeEPKhj
                0x00002f58       0x1c C:\Users\Alex\AppData\Local\Temp\VMBuilds\Test_tracker1\arduino_zero_native\Release/core.a(CDC.cpp.o)
                0x00002f58                Serial_::write(unsigned char const*, unsigned int)
 .text._ZN7Serial_4peekEv
                0x00002f74       0x1c C:\Users\Alex\AppData\Local\Temp\VMBuilds\Test_tracker1\arduino_zero_native\Release/core.a(CDC.cpp.o)
                0x00002f74                Serial_::peek()
 .text._ZN7Serial_4readEv
                0x00002f90       0x24 C:\Users\Alex\AppData\Local\Temp\VMBuilds\Test_tracker1\arduino_zero_native\Release/core.a(CDC.cpp.o)
                0x00002f90                Serial_::read()
 .text._Z16CDC_GetInterfacePh
                0x00002fb4       0x1c C:\Users\Alex\AppData\Local\Temp\VMBuilds\Test_tracker1\arduino_zero_native\Release/core.a(CDC.cpp.o)
                0x00002fb4                CDC_GetInterface(unsigned char*)
 .text._Z9CDC_SetupR8USBSetup
                0x00002fd0       0x80 C:\Users\Alex\AppData\Local\Temp\VMBuilds\Test_tracker1\arduino_zero_native\Release/core.a(CDC.cpp.o)
                0x00002fd0                CDC_Setup(USBSetup&)
 .text._ZN7Serial_5beginEm
                0x00003050        0x2 C:\Users\Alex\AppData\Local\Temp\VMBuilds\Test_tracker1\arduino_zero_native\Release/core.a(CDC.cpp.o)
                0x00003050                Serial_::begin(unsigned long)
 *fill*         0x00003052        0x2 
 .text._ZN7Serial_cvbEv
                0x00003054       0x28 C:\Users\Alex\AppData\Local\Temp\VMBuilds\Test_tracker1\arduino_zero_native\Release/core.a(CDC.cpp.o)
                0x00003054                Serial_::operator bool()
 .text.startup._GLOBAL__sub_I__Z17_CDC_GetInterfacev
                0x0000307c       0x28 C:\Users\Alex\AppData\Local\Temp\VMBuilds\Test_tracker1\arduino_zero_native\Release/core.a(CDC.cpp.o)
 .text._ZL5utox8mPc
                0x000030a4       0x1c C:\Users\Alex\AppData\Local\Temp\VMBuilds\Test_tracker1\arduino_zero_native\Release/core.a(USBCore.cpp.o)
 .text._ZN14USBDeviceClass6initEPEmm.part.4
                0x000030c0       0xc8 C:\Users\Alex\AppData\Local\Temp\VMBuilds\Test_tracker1\arduino_zero_native\Release/core.a(USBCore.cpp.o)
 .text._ZN20USBDevice_SAMD21G18x5resetEv
                0x00003188       0x28 C:\Users\Alex\AppData\Local\Temp\VMBuilds\Test_tracker1\arduino_zero_native\Release/core.a(USBCore.cpp.o)
                0x00003188                USBDevice_SAMD21G18x::reset()
 .text._ZN20USBDevice_SAMD21G18x9calibrateEv
                0x000031b0       0x5c C:\Users\Alex\AppData\Local\Temp\VMBuilds\Test_tracker1\arduino_zero_native\Release/core.a(USBCore.cpp.o)
                0x000031b0                USBDevice_SAMD21G18x::calibrate()
 .text._ZN7__GuardC2Ev
                0x0000320c        0xe C:\Users\Alex\AppData\Local\Temp\VMBuilds\Test_tracker1\arduino_zero_native\Release/core.a(USBCore.cpp.o)
                0x0000320c                __Guard::__Guard()
                0x0000320c                __Guard::__Guard()
 .text._ZN7__GuardD2Ev
                0x0000321a        0xe C:\Users\Alex\AppData\Local\Temp\VMBuilds\Test_tracker1\arduino_zero_native\Release/core.a(USBCore.cpp.o)
                0x0000321a                __Guard::~__Guard()
                0x0000321a                __Guard::~__Guard()
 .text._ZNK26DoubleBufferedEPOutHandler9availableEv
                0x00003228       0x5e C:\Users\Alex\AppData\Local\Temp\VMBuilds\Test_tracker1\arduino_zero_native\Release/core.a(USBCore.cpp.o)
                0x00003228                DoubleBufferedEPOutHandler::available() const
 *fill*         0x00003286        0x2 
 .text._ZN26DoubleBufferedEPOutHandler7releaseEv
                0x00003288       0x58 C:\Users\Alex\AppData\Local\Temp\VMBuilds\Test_tracker1\arduino_zero_native\Release/core.a(USBCore.cpp.o)
                0x00003288                DoubleBufferedEPOutHandler::release()
 .text._ZN26DoubleBufferedEPOutHandler4recvEPvm
                0x000032e0      0x11c C:\Users\Alex\AppData\Local\Temp\VMBuilds\Test_tracker1\arduino_zero_native\Release/core.a(USBCore.cpp.o)
                0x000032e0                DoubleBufferedEPOutHandler::recv(void*, unsigned long)
 .text._ZN26DoubleBufferedEPOutHandler14handleEndpointEv
                0x000033fc       0xc8 C:\Users\Alex\AppData\Local\Temp\VMBuilds\Test_tracker1\arduino_zero_native\Release/core.a(USBCore.cpp.o)
                0x000033fc                DoubleBufferedEPOutHandler::handleEndpoint()
 .text._ZN14USBDeviceClass14SendInterfacesEPm
                0x000034c4       0x2c C:\Users\Alex\AppData\Local\Temp\VMBuilds\Test_tracker1\arduino_zero_native\Release/core.a(USBCore.cpp.o)
                0x000034c4                USBDeviceClass::SendInterfaces(unsigned long*)
 .text._ZN14USBDeviceClass14handleEndpointEh
                0x000034f0       0x40 C:\Users\Alex\AppData\Local\Temp\VMBuilds\Test_tracker1\arduino_zero_native\Release/core.a(USBCore.cpp.o)
                0x000034f0                USBDeviceClass::handleEndpoint(unsigned char)
 .text._ZN14USBDeviceClass4initEv
                0x00003530       0xf0 C:\Users\Alex\AppData\Local\Temp\VMBuilds\Test_tracker1\arduino_zero_native\Release/core.a(USBCore.cpp.o)
                0x00003530                USBDeviceClass::init()
 .text._ZN14USBDeviceClass6attachEv
                0x00003620       0x34 C:\Users\Alex\AppData\Local\Temp\VMBuilds\Test_tracker1\arduino_zero_native\Release/core.a(USBCore.cpp.o)
                0x00003620                USBDeviceClass::attach()
 .text._ZN14USBDeviceClass10setAddressEm
                0x00003654       0x48 C:\Users\Alex\AppData\Local\Temp\VMBuilds\Test_tracker1\arduino_zero_native\Release/core.a(USBCore.cpp.o)
                0x00003654                USBDeviceClass::setAddress(unsigned long)
 .text._ZN14USBDeviceClass25handleClassInterfaceSetupER8USBSetup
                0x0000369c       0x40 C:\Users\Alex\AppData\Local\Temp\VMBuilds\Test_tracker1\arduino_zero_native\Release/core.a(USBCore.cpp.o)
                0x0000369c                USBDeviceClass::handleClassInterfaceSetup(USBSetup&)
 .text._ZN14USBDeviceClass6initEPEmm
                0x000036dc       0xf4 C:\Users\Alex\AppData\Local\Temp\VMBuilds\Test_tracker1\arduino_zero_native\Release/core.a(USBCore.cpp.o)
                0x000036dc                USBDeviceClass::initEP(unsigned long, unsigned long)
 .text._ZN14USBDeviceClass13initEndpointsEv
                0x000037d0       0x24 C:\Users\Alex\AppData\Local\Temp\VMBuilds\Test_tracker1\arduino_zero_native\Release/core.a(USBCore.cpp.o)
                0x000037d0                USBDeviceClass::initEndpoints()
 .text._ZN14USBDeviceClass9availableEm
                0x000037f4       0x2c C:\Users\Alex\AppData\Local\Temp\VMBuilds\Test_tracker1\arduino_zero_native\Release/core.a(USBCore.cpp.o)
                0x000037f4                USBDeviceClass::available(unsigned long)
 .text._ZN14USBDeviceClass5flushEm
                0x00003820       0x2c C:\Users\Alex\AppData\Local\Temp\VMBuilds\Test_tracker1\arduino_zero_native\Release/core.a(USBCore.cpp.o)
                0x00003820                USBDeviceClass::flush(unsigned long)
 .text._ZN14USBDeviceClass14armRecvCtrlOUTEm
                0x0000384c       0x60 C:\Users\Alex\AppData\Local\Temp\VMBuilds\Test_tracker1\arduino_zero_native\Release/core.a(USBCore.cpp.o)
                0x0000384c                USBDeviceClass::armRecvCtrlOUT(unsigned long)
 .text._ZN14USBDeviceClass11recvControlEPvm
                0x000038ac       0x3c C:\Users\Alex\AppData\Local\Temp\VMBuilds\Test_tracker1\arduino_zero_native\Release/core.a(USBCore.cpp.o)
                0x000038ac                USBDeviceClass::recvControl(void*, unsigned long)
 .text._ZN14USBDeviceClass7armRecvEm
                0x000038e8       0x3c C:\Users\Alex\AppData\Local\Temp\VMBuilds\Test_tracker1\arduino_zero_native\Release/core.a(USBCore.cpp.o)
                0x000038e8                USBDeviceClass::armRecv(unsigned long)
 .text._ZN14USBDeviceClass4recvEmPvm
                0x00003924       0xd8 C:\Users\Alex\AppData\Local\Temp\VMBuilds\Test_tracker1\arduino_zero_native\Release/core.a(USBCore.cpp.o)
                0x00003924                USBDeviceClass::recv(unsigned long, void*, unsigned long)
 .text._ZN14USBDeviceClass4recvEm
                0x000039fc       0x1c C:\Users\Alex\AppData\Local\Temp\VMBuilds\Test_tracker1\arduino_zero_native\Release/core.a(USBCore.cpp.o)
                0x000039fc                USBDeviceClass::recv(unsigned long)
 .text._ZN14USBDeviceClass4sendEmPKvm
                0x00003a18      0x124 C:\Users\Alex\AppData\Local\Temp\VMBuilds\Test_tracker1\arduino_zero_native\Release/core.a(USBCore.cpp.o)
                0x00003a18                USBDeviceClass::send(unsigned long, void const*, unsigned long)
 .text._ZN14USBDeviceClass7armSendEmPKvm
                0x00003b3c       0x48 C:\Users\Alex\AppData\Local\Temp\VMBuilds\Test_tracker1\arduino_zero_native\Release/core.a(USBCore.cpp.o)
                0x00003b3c                USBDeviceClass::armSend(unsigned long, void const*, unsigned long)
 .text._ZN14USBDeviceClass11sendControlEPKvm
                0x00003b84       0x58 C:\Users\Alex\AppData\Local\Temp\VMBuilds\Test_tracker1\arduino_zero_native\Release/core.a(USBCore.cpp.o)
                0x00003b84                USBDeviceClass::sendControl(void const*, unsigned long)
 .text._ZN14USBDeviceClass20sendStringDescriptorEPKhh
                0x00003bdc       0x68 C:\Users\Alex\AppData\Local\Temp\VMBuilds\Test_tracker1\arduino_zero_native\Release/core.a(USBCore.cpp.o)
                0x00003bdc                USBDeviceClass::sendStringDescriptor(unsigned char const*, unsigned char)
 .text._ZN14USBDeviceClass12packMessagesEb.part.6
                0x00003c44       0x20 C:\Users\Alex\AppData\Local\Temp\VMBuilds\Test_tracker1\arduino_zero_native\Release/core.a(USBCore.cpp.o)
 .text._ZN14USBDeviceClass17sendConfigurationEm
                0x00003c64       0x90 C:\Users\Alex\AppData\Local\Temp\VMBuilds\Test_tracker1\arduino_zero_native\Release/core.a(USBCore.cpp.o)
                0x00003c64                USBDeviceClass::sendConfiguration(unsigned long)
 .text._ZN14USBDeviceClass14sendDescriptorER8USBSetup
                0x00003cf4       0xec C:\Users\Alex\AppData\Local\Temp\VMBuilds\Test_tracker1\arduino_zero_native\Release/core.a(USBCore.cpp.o)
                0x00003cf4                USBDeviceClass::sendDescriptor(USBSetup&)
 .text._ZN14USBDeviceClass19handleStandardSetupER8USBSetup
                0x00003de0      0x118 C:\Users\Alex\AppData\Local\Temp\VMBuilds\Test_tracker1\arduino_zero_native\Release/core.a(USBCore.cpp.o)
                0x00003de0                USBDeviceClass::handleStandardSetup(USBSetup&)
 .text._ZN14USBDeviceClass10ISRHandlerEv
                0x00003ef8      0x150 C:\Users\Alex\AppData\Local\Temp\VMBuilds\Test_tracker1\arduino_zero_native\Release/core.a(USBCore.cpp.o)
                0x00003ef8                USBDeviceClass::ISRHandler()
 .text.UDD_Handler
                0x00004048       0x10 C:\Users\Alex\AppData\Local\Temp\VMBuilds\Test_tracker1\arduino_zero_native\Release/core.a(USBCore.cpp.o)
                0x00004048                UDD_Handler
 .text.startup._GLOBAL__sub_I__ZN20USBDevice_SAMD21G18x5resetEv
                0x00004058       0x10 C:\Users\Alex\AppData\Local\Temp\VMBuilds\Test_tracker1\arduino_zero_native\Release/core.a(USBCore.cpp.o)
 .text._Znwj    0x00004068        0x8 C:\Users\Alex\AppData\Local\Temp\VMBuilds\Test_tracker1\arduino_zero_native\Release/core.a(new.cpp.o)
                0x00004068                operator new(unsigned int)
 .text._ZN13PluggableUSB_12getInterfaceEPh
                0x00004070       0x2a C:\Users\Alex\AppData\Local\Temp\VMBuilds\Test_tracker1\arduino_zero_native\Release/core.a(PluggableUSB.cpp.o)
                0x00004070                PluggableUSB_::getInterface(unsigned char*)
 .text._ZN13PluggableUSB_13getDescriptorER8USBSetup
                0x0000409a       0x20 C:\Users\Alex\AppData\Local\Temp\VMBuilds\Test_tracker1\arduino_zero_native\Release/core.a(PluggableUSB.cpp.o)
                0x0000409a                PluggableUSB_::getDescriptor(USBSetup&)
 .text._ZN13PluggableUSB_12getShortNameEPc
                0x000040ba       0x1e C:\Users\Alex\AppData\Local\Temp\VMBuilds\Test_tracker1\arduino_zero_native\Release/core.a(PluggableUSB.cpp.o)
                0x000040ba                PluggableUSB_::getShortName(char*)
 .text._ZN13PluggableUSB_5setupER8USBSetup
                0x000040d8       0x24 C:\Users\Alex\AppData\Local\Temp\VMBuilds\Test_tracker1\arduino_zero_native\Release/core.a(PluggableUSB.cpp.o)
                0x000040d8                PluggableUSB_::setup(USBSetup&)
 .text._Z12PluggableUSBv
                0x000040fc       0x24 C:\Users\Alex\AppData\Local\Temp\VMBuilds\Test_tracker1\arduino_zero_native\Release/core.a(PluggableUSB.cpp.o)
                0x000040fc                PluggableUSB()
 .text          0x00004120       0x14 c:/users/alex/appdata/local/arduino15/packages/arduino/tools/arm-none-eabi-gcc/4.8.3-2014q1/bin/../lib/gcc/arm-none-eabi/4.8.3/armv6-m\libgcc.a(_thumb1_case_uqi.o)
                0x00004120                __gnu_thumb1_case_uqi
 .text          0x00004134       0x9c c:/users/alex/appdata/local/arduino15/packages/arduino/tools/arm-none-eabi-gcc/4.8.3-2014q1/bin/../lib/gcc/arm-none-eabi/4.8.3/armv6-m\libgcc.a(_udivsi3.o)
                0x00004134                __aeabi_uidiv
                0x00004134                __udivsi3
                0x000041bc                __aeabi_uidivmod
 .text          0x000041d0        0x4 c:/users/alex/appdata/local/arduino15/packages/arduino/tools/arm-none-eabi-gcc/4.8.3-2014q1/bin/../lib/gcc/arm-none-eabi/4.8.3/armv6-m\libgcc.a(_dvmd_tls.o)
                0x000041d0                __aeabi_idiv0
                0x000041d0                __aeabi_ldiv0
 .text.__libc_init_array
                0x000041d4       0x4c c:/users/alex/appdata/local/arduino15/packages/arduino/tools/arm-none-eabi-gcc/4.8.3-2014q1/bin/../lib/gcc/arm-none-eabi/4.8.3/../../../../arm-none-eabi/lib/armv6-m\libc_s.a(lib_a-init.o)
                0x000041d4                __libc_init_array
 .text.malloc   0x00004220       0x14 c:/users/alex/appdata/local/arduino15/packages/arduino/tools/arm-none-eabi-gcc/4.8.3-2014q1/bin/../lib/gcc/arm-none-eabi/4.8.3/../../../../arm-none-eabi/lib/armv6-m\libc_s.a(lib_a-malloc.o)
                0x00004220                malloc
 .text.memcpy   0x00004234       0x12 c:/users/alex/appdata/local/arduino15/packages/arduino/tools/arm-none-eabi-gcc/4.8.3-2014q1/bin/../lib/gcc/arm-none-eabi/4.8.3/../../../../arm-none-eabi/lib/armv6-m\libc_s.a(lib_a-memcpy-stub.o)
                0x00004234                memcpy
 .text.memset   0x00004246       0x10 c:/users/alex/appdata/local/arduino15/packages/arduino/tools/arm-none-eabi-gcc/4.8.3-2014q1/bin/../lib/gcc/arm-none-eabi/4.8.3/../../../../arm-none-eabi/lib/armv6-m\libc_s.a(lib_a-memset.o)
                0x00004246                memset
 *fill*         0x00004256        0x2 
 .text._malloc_r
                0x00004258       0xa8 c:/users/alex/appdata/local/arduino15/packages/arduino/tools/arm-none-eabi-gcc/4.8.3-2014q1/bin/../lib/gcc/arm-none-eabi/4.8.3/../../../../arm-none-eabi/lib/armv6-m\libc_s.a(lib_a-nano-mallocr.o)
                0x00004258                _malloc_r
 .text._sbrk_r  0x00004300       0x24 c:/users/alex/appdata/local/arduino15/packages/arduino/tools/arm-none-eabi-gcc/4.8.3-2014q1/bin/../lib/gcc/arm-none-eabi/4.8.3/../../../../arm-none-eabi/lib/armv6-m\libc_s.a(lib_a-sbrkr.o)
                0x00004300                _sbrk_r
 .text.strlen   0x00004324        0xe c:/users/alex/appdata/local/arduino15/packages/arduino/tools/arm-none-eabi-gcc/4.8.3-2014q1/bin/../lib/gcc/arm-none-eabi/4.8.3/../../../../arm-none-eabi/lib/armv6-m\libc_s.a(lib_a-strlen.o)
                0x00004324                strlen
 *fill*         0x00004332        0x2 
 .text._sbrk    0x00004334       0x34 c:/users/alex/appdata/local/arduino15/packages/arduino/tools/arm-none-eabi-gcc/4.8.3-2014q1/bin/../lib/gcc/arm-none-eabi/4.8.3/../../../../arm-none-eabi/lib/armv6-m\libnosys.a(sbrk.o)
                0x00004334                _sbrk
 *(.init)
 .init          0x00004368        0x4 c:/users/alex/appdata/local/arduino15/packages/arduino/tools/arm-none-eabi-gcc/4.8.3-2014q1/bin/../lib/gcc/arm-none-eabi/4.8.3/armv6-m/crti.o
                0x00004368                _init
 .init          0x0000436c        0x8 c:/users/alex/appdata/local/arduino15/packages/arduino/tools/arm-none-eabi-gcc/4.8.3-2014q1/bin/../lib/gcc/arm-none-eabi/4.8.3/armv6-m/crtn.o
 *(.fini)
 .fini          0x00004374        0x4 c:/users/alex/appdata/local/arduino15/packages/arduino/tools/arm-none-eabi-gcc/4.8.3-2014q1/bin/../lib/gcc/arm-none-eabi/4.8.3/armv6-m/crti.o
                0x00004374                _fini
 .fini          0x00004378        0x8 c:/users/alex/appdata/local/arduino15/packages/arduino/tools/arm-none-eabi-gcc/4.8.3-2014q1/bin/../lib/gcc/arm-none-eabi/4.8.3/armv6-m/crtn.o
 *crtbegin.o(.ctors)
 *crtbegin?.o(.ctors)
 *(EXCLUDE_FILE(*crtend.o *crtend?.o) .ctors)
 *(SORT(.ctors.*))
 *(.ctors)
 *crtbegin.o(.dtors)
 *crtbegin?.o(.dtors)
 *(EXCLUDE_FILE(*crtend.o *crtend?.o) .dtors)
 *(SORT(.dtors.*))
 *(.dtors)
 *(.rodata*)
 .rodata.str1.1
                0x00004380        0x7 C:\Users\Alex\AppData\Local\Temp\VMBuilds\Test_tracker1\arduino_zero_native\Release\Test_tracker1.cpp.o
 *fill*         0x00004387        0x1 
 .rodata.g_APinDescription
                0x00004388      0x420 C:\Users\Alex\AppData\Local\Temp\VMBCore\arduino16x\f4e4fb79301fbd088d63ca0524c96428\variant\variant.cpp.o
                0x00004388                g_APinDescription
 .rodata.str1.1
                0x000047a8        0xf C:\Users\Alex\AppData\Local\Temp\VMBuilds\Test_tracker1\arduino_zero_native\Release/core.a(Print.cpp.o)
 *fill*         0x000047b7        0x1 
 .rodata._ZTV4Uart
                0x000047b8       0x38 C:\Users\Alex\AppData\Local\Temp\VMBuilds\Test_tracker1\arduino_zero_native\Release/core.a(Uart.cpp.o)
                0x000047b8                vtable for Uart
 .rodata._ZTV7Serial_
                0x000047f0       0x28 C:\Users\Alex\AppData\Local\Temp\VMBuilds\Test_tracker1\arduino_zero_native\Release/core.a(CDC.cpp.o)
                0x000047f0                vtable for Serial_
 .rodata._ZTV26DoubleBufferedEPOutHandler
                0x00004818       0x18 C:\Users\Alex\AppData\Local\Temp\VMBuilds\Test_tracker1\arduino_zero_native\Release/core.a(USBCore.cpp.o)
                0x00004818                vtable for DoubleBufferedEPOutHandler
 .rodata._ZL19STRING_MANUFACTURER
                0x00004830        0xc C:\Users\Alex\AppData\Local\Temp\VMBuilds\Test_tracker1\arduino_zero_native\Release/core.a(USBCore.cpp.o)
 .rodata._ZL15STRING_LANGUAGE
                0x0000483c        0x4 C:\Users\Alex\AppData\Local\Temp\VMBuilds\Test_tracker1\arduino_zero_native\Release/core.a(USBCore.cpp.o)
 .rodata._ZL21USB_DeviceDescriptorB
                0x00004840       0x12 C:\Users\Alex\AppData\Local\Temp\VMBuilds\Test_tracker1\arduino_zero_native\Release/core.a(USBCore.cpp.o)
 .rodata._ZL14STRING_PRODUCT
                0x00004852        0xd C:\Users\Alex\AppData\Local\Temp\VMBuilds\Test_tracker1\arduino_zero_native\Release/core.a(USBCore.cpp.o)
 .rodata.str1.1
                0x0000485f        0x2 c:/users/alex/appdata/local/arduino15/packages/arduino/tools/arm-none-eabi-gcc/4.8.3-2014q1/bin/../lib/gcc/arm-none-eabi/4.8.3/../../../../arm-none-eabi/lib/armv6-m\libc_s.a(lib_a-impure.o)
 *(.eh_frame*)
 *fill*         0x00004861        0x3 
 .eh_frame      0x00004864        0x0 c:/users/alex/appdata/local/arduino15/packages/arduino/tools/arm-none-eabi-gcc/4.8.3-2014q1/bin/../lib/gcc/arm-none-eabi/4.8.3/armv6-m/crtbegin.o
 .eh_frame      0x00004864        0x4 c:/users/alex/appdata/local/arduino15/packages/arduino/tools/arm-none-eabi-gcc/4.8.3-2014q1/bin/../lib/gcc/arm-none-eabi/4.8.3/armv6-m/crtend.o

.glue_7         0x00004868        0x0
 .glue_7        0x00000000        0x0 linker stubs

.glue_7t        0x00004868        0x0
 .glue_7t       0x00000000        0x0 linker stubs

.vfp11_veneer   0x00004868        0x0
 .vfp11_veneer  0x00000000        0x0 linker stubs

.v4_bx          0x00004868        0x0
 .v4_bx         0x00000000        0x0 linker stubs

.iplt           0x00004868        0x0
 .iplt          0x00000000        0x0 c:/users/alex/appdata/local/arduino15/packages/arduino/tools/arm-none-eabi-gcc/4.8.3-2014q1/bin/../lib/gcc/arm-none-eabi/4.8.3/armv6-m/crtbegin.o

.rel.dyn        0x00004868        0x0
 .rel.iplt      0x00000000        0x0 c:/users/alex/appdata/local/arduino15/packages/arduino/tools/arm-none-eabi-gcc/4.8.3-2014q1/bin/../lib/gcc/arm-none-eabi/4.8.3/armv6-m/crtbegin.o

.ARM.extab
 *(.ARM.extab* .gnu.linkonce.armextab.*)
                0x00004868                __exidx_start = .

.ARM.exidx
 *(.ARM.exidx* .gnu.linkonce.armexidx.*)
                0x00004868                __exidx_end = .
                0x00004868                __etext = .

.data           0x20000000      0x100 load address 0x00004868
                0x20000000                __data_start__ = .
 *(vtable)
 *(.data*)
 .data.SystemCoreClock
                0x20000000        0x4 C:\Users\Alex\AppData\Local\Temp\VMBuilds\Test_tracker1\arduino_zero_native\Release/core.a(wiring.c.o)
                0x20000000                SystemCoreClock
 .data._ZL5ticks
                0x20000004        0x4 C:\Users\Alex\AppData\Local\Temp\VMBuilds\Test_tracker1\arduino_zero_native\Release/core.a(Reset.cpp.o)
 .data._ZL12_usbLineInfo
                0x20000008        0x8 C:\Users\Alex\AppData\Local\Temp\VMBuilds\Test_tracker1\arduino_zero_native\Release/core.a(CDC.cpp.o)
 .data._ZL10breakValue
                0x20000010        0x4 C:\Users\Alex\AppData\Local\Temp\VMBuilds\Test_tracker1\arduino_zero_native\Release/core.a(CDC.cpp.o)
 .data._ZL13_cdcInterface
                0x20000014       0x42 C:\Users\Alex\AppData\Local\Temp\VMBuilds\Test_tracker1\arduino_zero_native\Release/core.a(CDC.cpp.o)
 *fill*         0x20000056        0x2 
 .data._serialPeek
                0x20000058        0x4 C:\Users\Alex\AppData\Local\Temp\VMBuilds\Test_tracker1\arduino_zero_native\Release/core.a(CDC.cpp.o)
                0x20000058                _serialPeek
 .data.EndPoints
                0x2000005c       0x28 C:\Users\Alex\AppData\Local\Temp\VMBuilds\Test_tracker1\arduino_zero_native\Release/core.a(USBCore.cpp.o)
                0x2000005c                EndPoints
 .data.impure_data
                0x20000084       0x60 c:/users/alex/appdata/local/arduino15/packages/arduino/tools/arm-none-eabi-gcc/4.8.3-2014q1/bin/../lib/gcc/arm-none-eabi/4.8.3/../../../../arm-none-eabi/lib/armv6-m\libc_s.a(lib_a-impure.o)
 .data._impure_ptr
                0x200000e4        0x4 c:/users/alex/appdata/local/arduino15/packages/arduino/tools/arm-none-eabi-gcc/4.8.3-2014q1/bin/../lib/gcc/arm-none-eabi/4.8.3/../../../../arm-none-eabi/lib/armv6-m\libc_s.a(lib_a-impure.o)
                0x200000e4                _impure_ptr
                0x200000e8                . = ALIGN (0x4)
                0x200000e8                PROVIDE (__preinit_array_start, .)
 *(.preinit_array)
                0x200000e8                PROVIDE (__preinit_array_end, .)
                0x200000e8                . = ALIGN (0x4)
                0x200000e8                PROVIDE (__init_array_start, .)
 *(SORT(.init_array.*))
 *(.init_array)
 .init_array    0x200000e8        0x4 c:/users/alex/appdata/local/arduino15/packages/arduino/tools/arm-none-eabi-gcc/4.8.3-2014q1/bin/../lib/gcc/arm-none-eabi/4.8.3/armv6-m/crtbegin.o
 .init_array    0x200000ec        0x4 C:\Users\Alex\AppData\Local\Temp\VMBCore\arduino16x\f4e4fb79301fbd088d63ca0524c96428\variant\variant.cpp.o
 .init_array    0x200000f0        0x4 C:\Users\Alex\AppData\Local\Temp\VMBuilds\Test_tracker1\arduino_zero_native\Release/core.a(CDC.cpp.o)
 .init_array    0x200000f4        0x4 C:\Users\Alex\AppData\Local\Temp\VMBuilds\Test_tracker1\arduino_zero_native\Release/core.a(USBCore.cpp.o)
                0x200000f8                PROVIDE (__init_array_end, .)
                0x200000f8                . = ALIGN (0x4)
                0x200000f8                PROVIDE (__fini_array_start, .)
 *(SORT(.fini_array.*))
 *(.fini_array)
 .fini_array    0x200000f8        0x4 c:/users/alex/appdata/local/arduino15/packages/arduino/tools/arm-none-eabi-gcc/4.8.3-2014q1/bin/../lib/gcc/arm-none-eabi/4.8.3/armv6-m/crtbegin.o
                0x200000fc                PROVIDE (__fini_array_end, .)
 *(.jcr*)
 .jcr           0x200000fc        0x0 c:/users/alex/appdata/local/arduino15/packages/arduino/tools/arm-none-eabi-gcc/4.8.3-2014q1/bin/../lib/gcc/arm-none-eabi/4.8.3/armv6-m/crtbegin.o
 .jcr           0x200000fc        0x4 c:/users/alex/appdata/local/arduino15/packages/arduino/tools/arm-none-eabi-gcc/4.8.3-2014q1/bin/../lib/gcc/arm-none-eabi/4.8.3/armv6-m/crtend.o
                0x20000100                . = ALIGN (0x10)
                0x20000100                __data_end__ = .

.igot.plt       0x20000100        0x0 load address 0x00004968
 .igot.plt      0x00000000        0x0 c:/users/alex/appdata/local/arduino15/packages/arduino/tools/arm-none-eabi-gcc/4.8.3-2014q1/bin/../lib/gcc/arm-none-eabi/4.8.3/armv6-m/crtbegin.o

.bss            0x20000100      0x7ac load address 0x00004968
                0x20000100                . = ALIGN (0x4)
                0x20000100                __bss_start__ = .
 *(.bss*)
 .bss           0x20000100       0x1c c:/users/alex/appdata/local/arduino15/packages/arduino/tools/arm-none-eabi-gcc/4.8.3-2014q1/bin/../lib/gcc/arm-none-eabi/4.8.3/armv6-m/crtbegin.o
 .bss.Serial    0x2000011c       0xbc C:\Users\Alex\AppData\Local\Temp\VMBCore\arduino16x\f4e4fb79301fbd088d63ca0524c96428\variant\variant.cpp.o
                0x2000011c                Serial
 .bss.Serial1   0x200001d8       0xbc C:\Users\Alex\AppData\Local\Temp\VMBCore\arduino16x\f4e4fb79301fbd088d63ca0524c96428\variant\variant.cpp.o
                0x200001d8                Serial1
 .bss.sercom3   0x20000294        0x4 C:\Users\Alex\AppData\Local\Temp\VMBCore\arduino16x\f4e4fb79301fbd088d63ca0524c96428\variant\variant.cpp.o
                0x20000294                sercom3
 .bss.sercom0   0x20000298        0x4 C:\Users\Alex\AppData\Local\Temp\VMBCore\arduino16x\f4e4fb79301fbd088d63ca0524c96428\variant\variant.cpp.o
                0x20000298                sercom0
 .bss.sercom1   0x2000029c        0x4 C:\Users\Alex\AppData\Local\Temp\VMBCore\arduino16x\f4e4fb79301fbd088d63ca0524c96428\variant\variant.cpp.o
                0x2000029c                sercom1
 .bss.sercom2   0x200002a0        0x4 C:\Users\Alex\AppData\Local\Temp\VMBCore\arduino16x\f4e4fb79301fbd088d63ca0524c96428\variant\variant.cpp.o
                0x200002a0                sercom2
 .bss.sercom4   0x200002a4        0x4 C:\Users\Alex\AppData\Local\Temp\VMBCore\arduino16x\f4e4fb79301fbd088d63ca0524c96428\variant\variant.cpp.o
                0x200002a4                sercom4
 .bss.sercom5   0x200002a8        0x4 C:\Users\Alex\AppData\Local\Temp\VMBCore\arduino16x\f4e4fb79301fbd088d63ca0524c96428\variant\variant.cpp.o
                0x200002a8                sercom5
 .bss.usb_isr   0x200002ac        0x4 C:\Users\Alex\AppData\Local\Temp\VMBuilds\Test_tracker1\arduino_zero_native\Release/core.a(cortex_handlers.c.o)
 .bss._ulTickCount
                0x200002b0        0x4 C:\Users\Alex\AppData\Local\Temp\VMBuilds\Test_tracker1\arduino_zero_native\Release/core.a(delay.c.o)
 .bss.SerialUSB
                0x200002b4       0x1c C:\Users\Alex\AppData\Local\Temp\VMBuilds\Test_tracker1\arduino_zero_native\Release/core.a(CDC.cpp.o)
                0x200002b4                SerialUSB
 .bss._ZL14isEndpointHalt
                0x200002d0        0x1 C:\Users\Alex\AppData\Local\Temp\VMBuilds\Test_tracker1\arduino_zero_native\Release/core.a(USBCore.cpp.o)
 .bss._pack_buffer
                0x200002d1      0x100 C:\Users\Alex\AppData\Local\Temp\VMBuilds\Test_tracker1\arduino_zero_native\Release/core.a(USBCore.cpp.o)
                0x200002d1                _pack_buffer
 *fill*         0x200003d1        0x1 
 .bss._pack_size
                0x200003d2        0x2 C:\Users\Alex\AppData\Local\Temp\VMBuilds\Test_tracker1\arduino_zero_native\Release/core.a(USBCore.cpp.o)
                0x200003d2                _pack_size
 .bss._ZL20LastTransmitTimedOut
                0x200003d4        0x7 C:\Users\Alex\AppData\Local\Temp\VMBuilds\Test_tracker1\arduino_zero_native\Release/core.a(USBCore.cpp.o)
 *fill*         0x200003db        0x1 
 .bss._ZL22udd_ep_in_cache_buffer
                0x200003dc      0x1c0 C:\Users\Alex\AppData\Local\Temp\VMBuilds\Test_tracker1\arduino_zero_native\Release/core.a(USBCore.cpp.o)
 .bss._ZL10txLEDPulse
                0x2000059c        0x1 C:\Users\Alex\AppData\Local\Temp\VMBuilds\Test_tracker1\arduino_zero_native\Release/core.a(USBCore.cpp.o)
 *fill*         0x2000059d        0x3 
 .bss._ZL23udd_ep_out_cache_buffer
                0x200005a0      0x1c0 C:\Users\Alex\AppData\Local\Temp\VMBuilds\Test_tracker1\arduino_zero_native\Release/core.a(USBCore.cpp.o)
 .bss._ZL10epHandlers
                0x20000760       0x1c C:\Users\Alex\AppData\Local\Temp\VMBuilds\Test_tracker1\arduino_zero_native\Release/core.a(USBCore.cpp.o)
 .bss._pack_message
                0x2000077c        0x1 C:\Users\Alex\AppData\Local\Temp\VMBuilds\Test_tracker1\arduino_zero_native\Release/core.a(USBCore.cpp.o)
                0x2000077c                _pack_message
 .bss._ZL21isRemoteWakeUpEnabled
                0x2000077d        0x1 C:\Users\Alex\AppData\Local\Temp\VMBuilds\Test_tracker1\arduino_zero_native\Release/core.a(USBCore.cpp.o)
 .bss._dry_run  0x2000077e        0x1 C:\Users\Alex\AppData\Local\Temp\VMBuilds\Test_tracker1\arduino_zero_native\Release/core.a(USBCore.cpp.o)
                0x2000077e                _dry_run
 .bss.USBDevice
                0x2000077f        0x1 C:\Users\Alex\AppData\Local\Temp\VMBuilds\Test_tracker1\arduino_zero_native\Release/core.a(USBCore.cpp.o)
                0x2000077f                USBDevice
 .bss._usbSetInterface
                0x20000780        0x4 C:\Users\Alex\AppData\Local\Temp\VMBuilds\Test_tracker1\arduino_zero_native\Release/core.a(USBCore.cpp.o)
                0x20000780                _usbSetInterface
 .bss._ZL10rxLEDPulse
                0x20000784        0x1 C:\Users\Alex\AppData\Local\Temp\VMBuilds\Test_tracker1\arduino_zero_native\Release/core.a(USBCore.cpp.o)
 *fill*         0x20000785        0x3 
 .bss.usbd      0x20000788      0x104 C:\Users\Alex\AppData\Local\Temp\VMBuilds\Test_tracker1\arduino_zero_native\Release/core.a(USBCore.cpp.o)
                0x20000788                usbd
 .bss._usbConfiguration
                0x2000088c        0x4 C:\Users\Alex\AppData\Local\Temp\VMBuilds\Test_tracker1\arduino_zero_native\Release/core.a(USBCore.cpp.o)
                0x2000088c                _usbConfiguration
 .bss._ZZ12PluggableUSBvE3obj
                0x20000890        0x8 C:\Users\Alex\AppData\Local\Temp\VMBuilds\Test_tracker1\arduino_zero_native\Release/core.a(PluggableUSB.cpp.o)
 .bss._ZGVZ12PluggableUSBvE3obj
                0x20000898        0x4 C:\Users\Alex\AppData\Local\Temp\VMBuilds\Test_tracker1\arduino_zero_native\Release/core.a(PluggableUSB.cpp.o)
 .bss.__malloc_sbrk_start
                0x2000089c        0x4 c:/users/alex/appdata/local/arduino15/packages/arduino/tools/arm-none-eabi-gcc/4.8.3-2014q1/bin/../lib/gcc/arm-none-eabi/4.8.3/../../../../arm-none-eabi/lib/armv6-m\libc_s.a(lib_a-nano-mallocr.o)
                0x2000089c                __malloc_sbrk_start
 .bss.__malloc_free_list
                0x200008a0        0x4 c:/users/alex/appdata/local/arduino15/packages/arduino/tools/arm-none-eabi-gcc/4.8.3-2014q1/bin/../lib/gcc/arm-none-eabi/4.8.3/../../../../arm-none-eabi/lib/armv6-m\libc_s.a(lib_a-nano-mallocr.o)
                0x200008a0                __malloc_free_list
 .bss.heap_end.4243
                0x200008a4        0x4 c:/users/alex/appdata/local/arduino15/packages/arduino/tools/arm-none-eabi-gcc/4.8.3-2014q1/bin/../lib/gcc/arm-none-eabi/4.8.3/../../../../arm-none-eabi/lib/armv6-m\libnosys.a(sbrk.o)
 *(COMMON)
 COMMON         0x200008a8        0x4 c:/users/alex/appdata/local/arduino15/packages/arduino/tools/arm-none-eabi-gcc/4.8.3-2014q1/bin/../lib/gcc/arm-none-eabi/4.8.3/../../../../arm-none-eabi/lib/armv6-m\libc_s.a(lib_a-reent.o)
                0x200008a8                errno
                0x200008ac                . = ALIGN (0x4)
                0x200008ac                __bss_end__ = .

.heap           0x200008ac        0x0
                0x200008ac                __end__ = .
                0x200008ac                PROVIDE (end, .)
 *(.heap*)
                0x200008ac                __HeapLimit = .

.stack_dummy    0x200008ac        0x0
 *(.stack*)
                0x20008000                __StackTop = (ORIGIN (RAM) + 0x8000)
                0x20008000                __StackLimit = (__StackTop - SIZEOF (.stack_dummy))
                0x20008000                PROVIDE (__stack, __StackTop)
                0x20007fff                __ram_end__ = ((ORIGIN (RAM) + 0x8000) - 0x1)
                0x00000001                ASSERT ((__StackLimit >= __HeapLimit), region RAM overflowed with stack)
OUTPUT(C:\Users\Alex\AppData\Local\Temp\VMBuilds\Test_tracker1\arduino_zero_native\Release/Test_tracker1.ino.elf elf32-littlearm)

.ARM.attributes
                0x00000000       0x28
 .ARM.attributes
                0x00000000       0x1e c:/users/alex/appdata/local/arduino15/packages/arduino/tools/arm-none-eabi-gcc/4.8.3-2014q1/bin/../lib/gcc/arm-none-eabi/4.8.3/armv6-m/crti.o
 .ARM.attributes
                0x0000001e       0x2c c:/users/alex/appdata/local/arduino15/packages/arduino/tools/arm-none-eabi-gcc/4.8.3-2014q1/bin/../lib/gcc/arm-none-eabi/4.8.3/armv6-m/crtbegin.o
 .ARM.attributes
                0x0000004a       0x32 C:\Users\Alex\AppData\Local\Temp\VMBuilds\Test_tracker1\arduino_zero_native\Release\Test_tracker1.cpp.o
 .ARM.attributes
                0x0000007c       0x32 C:\Users\Alex\AppData\Local\Temp\VMBCore\arduino16x\f4e4fb79301fbd088d63ca0524c96428\variant\variant.cpp.o
 .ARM.attributes
                0x000000ae       0x32 C:\Users\Alex\AppData\Local\Temp\VMBuilds\Test_tracker1\arduino_zero_native\Release/core.a(cortex_handlers.c.o)
 .ARM.attributes
                0x000000e0       0x32 C:\Users\Alex\AppData\Local\Temp\VMBuilds\Test_tracker1\arduino_zero_native\Release/core.a(delay.c.o)
 .ARM.attributes
                0x00000112       0x32 C:\Users\Alex\AppData\Local\Temp\VMBuilds\Test_tracker1\arduino_zero_native\Release/core.a(hooks.c.o)
 .ARM.attributes
                0x00000144       0x32 C:\Users\Alex\AppData\Local\Temp\VMBuilds\Test_tracker1\arduino_zero_native\Release/core.a(startup.c.o)
 .ARM.attributes
                0x00000176       0x32 C:\Users\Alex\AppData\Local\Temp\VMBuilds\Test_tracker1\arduino_zero_native\Release/core.a(wiring.c.o)
 .ARM.attributes
                0x000001a8       0x32 C:\Users\Alex\AppData\Local\Temp\VMBuilds\Test_tracker1\arduino_zero_native\Release/core.a(wiring_analog.c.o)
 .ARM.attributes
                0x000001da       0x32 C:\Users\Alex\AppData\Local\Temp\VMBuilds\Test_tracker1\arduino_zero_native\Release/core.a(wiring_digital.c.o)
 .ARM.attributes
                0x0000020c       0x32 C:\Users\Alex\AppData\Local\Temp\VMBuilds\Test_tracker1\arduino_zero_native\Release/core.a(wiring_private.c.o)
 .ARM.attributes
                0x0000023e       0x32 C:\Users\Alex\AppData\Local\Temp\VMBuilds\Test_tracker1\arduino_zero_native\Release/core.a(main.cpp.o)
 .ARM.attributes
                0x00000270       0x32 C:\Users\Alex\AppData\Local\Temp\VMBuilds\Test_tracker1\arduino_zero_native\Release/core.a(Print.cpp.o)
 .ARM.attributes
                0x000002a2       0x32 C:\Users\Alex\AppData\Local\Temp\VMBuilds\Test_tracker1\arduino_zero_native\Release/core.a(Reset.cpp.o)
 .ARM.attributes
                0x000002d4       0x32 C:\Users\Alex\AppData\Local\Temp\VMBuilds\Test_tracker1\arduino_zero_native\Release/core.a(SERCOM.cpp.o)
 .ARM.attributes
                0x00000306       0x32 C:\Users\Alex\AppData\Local\Temp\VMBuilds\Test_tracker1\arduino_zero_native\Release/core.a(Uart.cpp.o)
 .ARM.attributes
                0x00000338       0x32 C:\Users\Alex\AppData\Local\Temp\VMBuilds\Test_tracker1\arduino_zero_native\Release/core.a(CDC.cpp.o)
 .ARM.attributes
                0x0000036a       0x32 C:\Users\Alex\AppData\Local\Temp\VMBuilds\Test_tracker1\arduino_zero_native\Release/core.a(USBCore.cpp.o)
 .ARM.attributes
                0x0000039c       0x32 C:\Users\Alex\AppData\Local\Temp\VMBuilds\Test_tracker1\arduino_zero_native\Release/core.a(new.cpp.o)
 .ARM.attributes
                0x000003ce       0x32 C:\Users\Alex\AppData\Local\Temp\VMBuilds\Test_tracker1\arduino_zero_native\Release/core.a(PluggableUSB.cpp.o)
 .ARM.attributes
                0x00000400       0x1e c:/users/alex/appdata/local/arduino15/packages/arduino/tools/arm-none-eabi-gcc/4.8.3-2014q1/bin/../lib/gcc/arm-none-eabi/4.8.3/armv6-m\libgcc.a(_thumb1_case_uqi.o)
 .ARM.attributes
                0x0000041e       0x1e c:/users/alex/appdata/local/arduino15/packages/arduino/tools/arm-none-eabi-gcc/4.8.3-2014q1/bin/../lib/gcc/arm-none-eabi/4.8.3/armv6-m\libgcc.a(_udivsi3.o)
 .ARM.attributes
                0x0000043c       0x1e c:/users/alex/appdata/local/arduino15/packages/arduino/tools/arm-none-eabi-gcc/4.8.3-2014q1/bin/../lib/gcc/arm-none-eabi/4.8.3/armv6-m\libgcc.a(_dvmd_tls.o)
 .ARM.attributes
                0x0000045a       0x2c c:/users/alex/appdata/local/arduino15/packages/arduino/tools/arm-none-eabi-gcc/4.8.3-2014q1/bin/../lib/gcc/arm-none-eabi/4.8.3/../../../../arm-none-eabi/lib/armv6-m\libc_s.a(lib_a-impure.o)
 .ARM.attributes
                0x00000486       0x2c c:/users/alex/appdata/local/arduino15/packages/arduino/tools/arm-none-eabi-gcc/4.8.3-2014q1/bin/../lib/gcc/arm-none-eabi/4.8.3/../../../../arm-none-eabi/lib/armv6-m\libc_s.a(lib_a-init.o)
 .ARM.attributes
                0x000004b2       0x2c c:/users/alex/appdata/local/arduino15/packages/arduino/tools/arm-none-eabi-gcc/4.8.3-2014q1/bin/../lib/gcc/arm-none-eabi/4.8.3/../../../../arm-none-eabi/lib/armv6-m\libc_s.a(lib_a-malloc.o)
 .ARM.attributes
                0x000004de       0x2c c:/users/alex/appdata/local/arduino15/packages/arduino/tools/arm-none-eabi-gcc/4.8.3-2014q1/bin/../lib/gcc/arm-none-eabi/4.8.3/../../../../arm-none-eabi/lib/armv6-m\libc_s.a(lib_a-memcpy-stub.o)
 .ARM.attributes
                0x0000050a       0x2c c:/users/alex/appdata/local/arduino15/packages/arduino/tools/arm-none-eabi-gcc/4.8.3-2014q1/bin/../lib/gcc/arm-none-eabi/4.8.3/../../../../arm-none-eabi/lib/armv6-m\libc_s.a(lib_a-memset.o)
 .ARM.attributes
                0x00000536       0x2c c:/users/alex/appdata/local/arduino15/packages/arduino/tools/arm-none-eabi-gcc/4.8.3-2014q1/bin/../lib/gcc/arm-none-eabi/4.8.3/../../../../arm-none-eabi/lib/armv6-m\libc_s.a(lib_a-nano-mallocr.o)
 .ARM.attributes
                0x00000562       0x2c c:/users/alex/appdata/local/arduino15/packages/arduino/tools/arm-none-eabi-gcc/4.8.3-2014q1/bin/../lib/gcc/arm-none-eabi/4.8.3/../../../../arm-none-eabi/lib/armv6-m\libc_s.a(lib_a-sbrkr.o)
 .ARM.attributes
                0x0000058e       0x2c c:/users/alex/appdata/local/arduino15/packages/arduino/tools/arm-none-eabi-gcc/4.8.3-2014q1/bin/../lib/gcc/arm-none-eabi/4.8.3/../../../../arm-none-eabi/lib/armv6-m\libc_s.a(lib_a-strlen.o)
 .ARM.attributes
                0x000005ba       0x2c c:/users/alex/appdata/local/arduino15/packages/arduino/tools/arm-none-eabi-gcc/4.8.3-2014q1/bin/../lib/gcc/arm-none-eabi/4.8.3/../../../../arm-none-eabi/lib/armv6-m\libc_s.a(lib_a-reent.o)
 .ARM.attributes
                0x000005e6       0x2c c:/users/alex/appdata/local/arduino15/packages/arduino/tools/arm-none-eabi-gcc/4.8.3-2014q1/bin/../lib/gcc/arm-none-eabi/4.8.3/../../../../arm-none-eabi/lib/armv6-m\libnosys.a(sbrk.o)
 .ARM.attributes
                0x00000612       0x2c c:/users/alex/appdata/local/arduino15/packages/arduino/tools/arm-none-eabi-gcc/4.8.3-2014q1/bin/../lib/gcc/arm-none-eabi/4.8.3/armv6-m/crtend.o
 .ARM.attributes
                0x0000063e       0x1e c:/users/alex/appdata/local/arduino15/packages/arduino/tools/arm-none-eabi-gcc/4.8.3-2014q1/bin/../lib/gcc/arm-none-eabi/4.8.3/armv6-m/crtn.o

.comment        0x00000000       0x70
 .comment       0x00000000       0x70 C:\Users\Alex\AppData\Local\Temp\VMBuilds\Test_tracker1\arduino_zero_native\Release\Test_tracker1.cpp.o
                                 0x71 (size before relaxing)
 .comment       0x00000000       0x71 C:\Users\Alex\AppData\Local\Temp\VMBCore\arduino16x\f4e4fb79301fbd088d63ca0524c96428\variant\variant.cpp.o
 .comment       0x00000000       0x71 C:\Users\Alex\AppData\Local\Temp\VMBuilds\Test_tracker1\arduino_zero_native\Release/core.a(cortex_handlers.c.o)
 .comment       0x00000000       0x71 C:\Users\Alex\AppData\Local\Temp\VMBuilds\Test_tracker1\arduino_zero_native\Release/core.a(delay.c.o)
 .comment       0x00000000       0x71 C:\Users\Alex\AppData\Local\Temp\VMBuilds\Test_tracker1\arduino_zero_native\Release/core.a(hooks.c.o)
 .comment       0x00000000       0x71 C:\Users\Alex\AppData\Local\Temp\VMBuilds\Test_tracker1\arduino_zero_native\Release/core.a(startup.c.o)
 .comment       0x00000000       0x71 C:\Users\Alex\AppData\Local\Temp\VMBuilds\Test_tracker1\arduino_zero_native\Release/core.a(wiring.c.o)
 .comment       0x00000000       0x71 C:\Users\Alex\AppData\Local\Temp\VMBuilds\Test_tracker1\arduino_zero_native\Release/core.a(wiring_analog.c.o)
 .comment       0x00000000       0x71 C:\Users\Alex\AppData\Local\Temp\VMBuilds\Test_tracker1\arduino_zero_native\Release/core.a(wiring_digital.c.o)
 .comment       0x00000000       0x71 C:\Users\Alex\AppData\Local\Temp\VMBuilds\Test_tracker1\arduino_zero_native\Release/core.a(wiring_private.c.o)
 .comment       0x00000000       0x71 C:\Users\Alex\AppData\Local\Temp\VMBuilds\Test_tracker1\arduino_zero_native\Release/core.a(main.cpp.o)
 .comment       0x00000000       0x71 C:\Users\Alex\AppData\Local\Temp\VMBuilds\Test_tracker1\arduino_zero_native\Release/core.a(Print.cpp.o)
 .comment       0x00000000       0x71 C:\Users\Alex\AppData\Local\Temp\VMBuilds\Test_tracker1\arduino_zero_native\Release/core.a(Reset.cpp.o)
 .comment       0x00000000       0x71 C:\Users\Alex\AppData\Local\Temp\VMBuilds\Test_tracker1\arduino_zero_native\Release/core.a(SERCOM.cpp.o)
 .comment       0x00000000       0x71 C:\Users\Alex\AppData\Local\Temp\VMBuilds\Test_tracker1\arduino_zero_native\Release/core.a(Uart.cpp.o)
 .comment       0x00000000       0x71 C:\Users\Alex\AppData\Local\Temp\VMBuilds\Test_tracker1\arduino_zero_native\Release/core.a(CDC.cpp.o)
 .comment       0x00000000       0x71 C:\Users\Alex\AppData\Local\Temp\VMBuilds\Test_tracker1\arduino_zero_native\Release/core.a(USBCore.cpp.o)
 .comment       0x00000000       0x71 C:\Users\Alex\AppData\Local\Temp\VMBuilds\Test_tracker1\arduino_zero_native\Release/core.a(new.cpp.o)
 .comment       0x00000000       0x71 C:\Users\Alex\AppData\Local\Temp\VMBuilds\Test_tracker1\arduino_zero_native\Release/core.a(PluggableUSB.cpp.o)

.debug_info     0x00000000    0x2801c
 .debug_info    0x00000000      0x4c5 C:\Users\Alex\AppData\Local\Temp\VMBuilds\Test_tracker1\arduino_zero_native\Release\Test_tracker1.cpp.o
 .debug_info    0x000004c5     0x551c C:\Users\Alex\AppData\Local\Temp\VMBCore\arduino16x\f4e4fb79301fbd088d63ca0524c96428\variant\variant.cpp.o
 .debug_info    0x000059e1      0x4d6 C:\Users\Alex\AppData\Local\Temp\VMBuilds\Test_tracker1\arduino_zero_native\Release/core.a(cortex_handlers.c.o)
 .debug_info    0x00005eb7      0x362 C:\Users\Alex\AppData\Local\Temp\VMBuilds\Test_tracker1\arduino_zero_native\Release/core.a(delay.c.o)
 .debug_info    0x00006219       0x60 C:\Users\Alex\AppData\Local\Temp\VMBuilds\Test_tracker1\arduino_zero_native\Release/core.a(hooks.c.o)
 .debug_info    0x00006279     0x28ff C:\Users\Alex\AppData\Local\Temp\VMBuilds\Test_tracker1\arduino_zero_native\Release/core.a(startup.c.o)
 .debug_info    0x00008b78     0x1ddc C:\Users\Alex\AppData\Local\Temp\VMBuilds\Test_tracker1\arduino_zero_native\Release/core.a(wiring.c.o)
 .debug_info    0x0000a954     0x435b C:\Users\Alex\AppData\Local\Temp\VMBuilds\Test_tracker1\arduino_zero_native\Release/core.a(wiring_analog.c.o)
 .debug_info    0x0000ecaf      0xb8f C:\Users\Alex\AppData\Local\Temp\VMBuilds\Test_tracker1\arduino_zero_native\Release/core.a(wiring_digital.c.o)
 .debug_info    0x0000f83e      0xb78 C:\Users\Alex\AppData\Local\Temp\VMBuilds\Test_tracker1\arduino_zero_native\Release/core.a(wiring_private.c.o)
 .debug_info    0x000103b6      0x7c2 C:\Users\Alex\AppData\Local\Temp\VMBuilds\Test_tracker1\arduino_zero_native\Release/core.a(main.cpp.o)
 .debug_info    0x00010b78     0x2758 C:\Users\Alex\AppData\Local\Temp\VMBuilds\Test_tracker1\arduino_zero_native\Release/core.a(Print.cpp.o)
 .debug_info    0x000132d0      0x846 C:\Users\Alex\AppData\Local\Temp\VMBuilds\Test_tracker1\arduino_zero_native\Release/core.a(Reset.cpp.o)
 .debug_info    0x00013b16     0x3a9b C:\Users\Alex\AppData\Local\Temp\VMBuilds\Test_tracker1\arduino_zero_native\Release/core.a(SERCOM.cpp.o)
 .debug_info    0x000175b1     0x58a9 C:\Users\Alex\AppData\Local\Temp\VMBuilds\Test_tracker1\arduino_zero_native\Release/core.a(Uart.cpp.o)
 .debug_info    0x0001ce5a     0x2ca3 C:\Users\Alex\AppData\Local\Temp\VMBuilds\Test_tracker1\arduino_zero_native\Release/core.a(CDC.cpp.o)
 .debug_info    0x0001fafd     0x7c8e C:\Users\Alex\AppData\Local\Temp\VMBuilds\Test_tracker1\arduino_zero_native\Release/core.a(USBCore.cpp.o)
 .debug_info    0x0002778b      0x1a1 C:\Users\Alex\AppData\Local\Temp\VMBuilds\Test_tracker1\arduino_zero_native\Release/core.a(new.cpp.o)
 .debug_info    0x0002792c      0x6f0 C:\Users\Alex\AppData\Local\Temp\VMBuilds\Test_tracker1\arduino_zero_native\Release/core.a(PluggableUSB.cpp.o)

.debug_abbrev   0x00000000     0x3a80
 .debug_abbrev  0x00000000      0x1b1 C:\Users\Alex\AppData\Local\Temp\VMBuilds\Test_tracker1\arduino_zero_native\Release\Test_tracker1.cpp.o
 .debug_abbrev  0x000001b1      0x32b C:\Users\Alex\AppData\Local\Temp\VMBCore\arduino16x\f4e4fb79301fbd088d63ca0524c96428\variant\variant.cpp.o
 .debug_abbrev  0x000004dc      0x159 C:\Users\Alex\AppData\Local\Temp\VMBuilds\Test_tracker1\arduino_zero_native\Release/core.a(cortex_handlers.c.o)
 .debug_abbrev  0x00000635      0x158 C:\Users\Alex\AppData\Local\Temp\VMBuilds\Test_tracker1\arduino_zero_native\Release/core.a(delay.c.o)
 .debug_abbrev  0x0000078d       0x47 C:\Users\Alex\AppData\Local\Temp\VMBuilds\Test_tracker1\arduino_zero_native\Release/core.a(hooks.c.o)
 .debug_abbrev  0x000007d4      0x17a C:\Users\Alex\AppData\Local\Temp\VMBuilds\Test_tracker1\arduino_zero_native\Release/core.a(startup.c.o)
 .debug_abbrev  0x0000094e      0x281 C:\Users\Alex\AppData\Local\Temp\VMBuilds\Test_tracker1\arduino_zero_native\Release/core.a(wiring.c.o)
 .debug_abbrev  0x00000bcf      0x38f C:\Users\Alex\AppData\Local\Temp\VMBuilds\Test_tracker1\arduino_zero_native\Release/core.a(wiring_analog.c.o)
 .debug_abbrev  0x00000f5e      0x201 C:\Users\Alex\AppData\Local\Temp\VMBuilds\Test_tracker1\arduino_zero_native\Release/core.a(wiring_digital.c.o)
 .debug_abbrev  0x0000115f      0x21b C:\Users\Alex\AppData\Local\Temp\VMBuilds\Test_tracker1\arduino_zero_native\Release/core.a(wiring_private.c.o)
 .debug_abbrev  0x0000137a      0x216 C:\Users\Alex\AppData\Local\Temp\VMBuilds\Test_tracker1\arduino_zero_native\Release/core.a(main.cpp.o)
 .debug_abbrev  0x00001590      0x487 C:\Users\Alex\AppData\Local\Temp\VMBuilds\Test_tracker1\arduino_zero_native\Release/core.a(Print.cpp.o)
 .debug_abbrev  0x00001a17      0x264 C:\Users\Alex\AppData\Local\Temp\VMBuilds\Test_tracker1\arduino_zero_native\Release/core.a(Reset.cpp.o)
 .debug_abbrev  0x00001c7b      0x48d C:\Users\Alex\AppData\Local\Temp\VMBuilds\Test_tracker1\arduino_zero_native\Release/core.a(SERCOM.cpp.o)
 .debug_abbrev  0x00002108      0x65e C:\Users\Alex\AppData\Local\Temp\VMBuilds\Test_tracker1\arduino_zero_native\Release/core.a(Uart.cpp.o)
 .debug_abbrev  0x00002766      0x659 C:\Users\Alex\AppData\Local\Temp\VMBuilds\Test_tracker1\arduino_zero_native\Release/core.a(CDC.cpp.o)
 .debug_abbrev  0x00002dbf      0x8f9 C:\Users\Alex\AppData\Local\Temp\VMBuilds\Test_tracker1\arduino_zero_native\Release/core.a(USBCore.cpp.o)
 .debug_abbrev  0x000036b8       0xd7 C:\Users\Alex\AppData\Local\Temp\VMBuilds\Test_tracker1\arduino_zero_native\Release/core.a(new.cpp.o)
 .debug_abbrev  0x0000378f      0x2f1 C:\Users\Alex\AppData\Local\Temp\VMBuilds\Test_tracker1\arduino_zero_native\Release/core.a(PluggableUSB.cpp.o)

.debug_loc      0x00000000     0x5f7f
 .debug_loc     0x00000000       0x26 C:\Users\Alex\AppData\Local\Temp\VMBuilds\Test_tracker1\arduino_zero_native\Release\Test_tracker1.cpp.o
 .debug_loc     0x00000026       0x7b C:\Users\Alex\AppData\Local\Temp\VMBuilds\Test_tracker1\arduino_zero_native\Release/core.a(cortex_handlers.c.o)
 .debug_loc     0x000000a1       0xf4 C:\Users\Alex\AppData\Local\Temp\VMBuilds\Test_tracker1\arduino_zero_native\Release/core.a(delay.c.o)
 .debug_loc     0x00000195       0x58 C:\Users\Alex\AppData\Local\Temp\VMBuilds\Test_tracker1\arduino_zero_native\Release/core.a(startup.c.o)
 .debug_loc     0x000001ed       0xe9 C:\Users\Alex\AppData\Local\Temp\VMBuilds\Test_tracker1\arduino_zero_native\Release/core.a(wiring.c.o)
 .debug_loc     0x000002d6      0x53d C:\Users\Alex\AppData\Local\Temp\VMBuilds\Test_tracker1\arduino_zero_native\Release/core.a(wiring_analog.c.o)
 .debug_loc     0x00000813      0x19f C:\Users\Alex\AppData\Local\Temp\VMBuilds\Test_tracker1\arduino_zero_native\Release/core.a(wiring_digital.c.o)
 .debug_loc     0x000009b2      0x123 C:\Users\Alex\AppData\Local\Temp\VMBuilds\Test_tracker1\arduino_zero_native\Release/core.a(wiring_private.c.o)
 .debug_loc     0x00000ad5     0x1155 C:\Users\Alex\AppData\Local\Temp\VMBuilds\Test_tracker1\arduino_zero_native\Release/core.a(Print.cpp.o)
 .debug_loc     0x00001c2a      0xa97 C:\Users\Alex\AppData\Local\Temp\VMBuilds\Test_tracker1\arduino_zero_native\Release/core.a(SERCOM.cpp.o)
 .debug_loc     0x000026c1      0xa94 C:\Users\Alex\AppData\Local\Temp\VMBuilds\Test_tracker1\arduino_zero_native\Release/core.a(Uart.cpp.o)
 .debug_loc     0x00003155      0x565 C:\Users\Alex\AppData\Local\Temp\VMBuilds\Test_tracker1\arduino_zero_native\Release/core.a(CDC.cpp.o)
 .debug_loc     0x000036ba     0x25e9 C:\Users\Alex\AppData\Local\Temp\VMBuilds\Test_tracker1\arduino_zero_native\Release/core.a(USBCore.cpp.o)
 .debug_loc     0x00005ca3       0x84 C:\Users\Alex\AppData\Local\Temp\VMBuilds\Test_tracker1\arduino_zero_native\Release/core.a(new.cpp.o)
 .debug_loc     0x00005d27      0x258 C:\Users\Alex\AppData\Local\Temp\VMBuilds\Test_tracker1\arduino_zero_native\Release/core.a(PluggableUSB.cpp.o)

.debug_aranges  0x00000000      0x8a8
 .debug_aranges
                0x00000000       0x28 C:\Users\Alex\AppData\Local\Temp\VMBuilds\Test_tracker1\arduino_zero_native\Release\Test_tracker1.cpp.o
 .debug_aranges
                0x00000028       0x30 C:\Users\Alex\AppData\Local\Temp\VMBCore\arduino16x\f4e4fb79301fbd088d63ca0524c96428\variant\variant.cpp.o
 .debug_aranges
                0x00000058       0x40 C:\Users\Alex\AppData\Local\Temp\VMBuilds\Test_tracker1\arduino_zero_native\Release/core.a(cortex_handlers.c.o)
 .debug_aranges
                0x00000098       0x38 C:\Users\Alex\AppData\Local\Temp\VMBuilds\Test_tracker1\arduino_zero_native\Release/core.a(delay.c.o)
 .debug_aranges
                0x000000d0       0x30 C:\Users\Alex\AppData\Local\Temp\VMBuilds\Test_tracker1\arduino_zero_native\Release/core.a(hooks.c.o)
 .debug_aranges
                0x00000100       0x20 C:\Users\Alex\AppData\Local\Temp\VMBuilds\Test_tracker1\arduino_zero_native\Release/core.a(startup.c.o)
 .debug_aranges
                0x00000120       0x20 C:\Users\Alex\AppData\Local\Temp\VMBuilds\Test_tracker1\arduino_zero_native\Release/core.a(wiring.c.o)
 .debug_aranges
                0x00000140       0x48 C:\Users\Alex\AppData\Local\Temp\VMBuilds\Test_tracker1\arduino_zero_native\Release/core.a(wiring_analog.c.o)
 .debug_aranges
                0x00000188       0x30 C:\Users\Alex\AppData\Local\Temp\VMBuilds\Test_tracker1\arduino_zero_native\Release/core.a(wiring_digital.c.o)
 .debug_aranges
                0x000001b8       0x20 C:\Users\Alex\AppData\Local\Temp\VMBuilds\Test_tracker1\arduino_zero_native\Release/core.a(wiring_private.c.o)
 .debug_aranges
                0x000001d8       0x28 C:\Users\Alex\AppData\Local\Temp\VMBuilds\Test_tracker1\arduino_zero_native\Release/core.a(main.cpp.o)
 .debug_aranges
                0x00000200      0x108 C:\Users\Alex\AppData\Local\Temp\VMBuilds\Test_tracker1\arduino_zero_native\Release/core.a(Print.cpp.o)
 .debug_aranges
                0x00000308       0x30 C:\Users\Alex\AppData\Local\Temp\VMBuilds\Test_tracker1\arduino_zero_native\Release/core.a(Reset.cpp.o)
 .debug_aranges
                0x00000338      0x1d8 C:\Users\Alex\AppData\Local\Temp\VMBuilds\Test_tracker1\arduino_zero_native\Release/core.a(SERCOM.cpp.o)
 .debug_aranges
                0x00000510       0xb8 C:\Users\Alex\AppData\Local\Temp\VMBuilds\Test_tracker1\arduino_zero_native\Release/core.a(Uart.cpp.o)
 .debug_aranges
                0x000005c8       0xe8 C:\Users\Alex\AppData\Local\Temp\VMBuilds\Test_tracker1\arduino_zero_native\Release/core.a(CDC.cpp.o)
 .debug_aranges
                0x000006b0      0x170 C:\Users\Alex\AppData\Local\Temp\VMBuilds\Test_tracker1\arduino_zero_native\Release/core.a(USBCore.cpp.o)
 .debug_aranges
                0x00000820       0x38 C:\Users\Alex\AppData\Local\Temp\VMBuilds\Test_tracker1\arduino_zero_native\Release/core.a(new.cpp.o)
 .debug_aranges
                0x00000858       0x50 C:\Users\Alex\AppData\Local\Temp\VMBuilds\Test_tracker1\arduino_zero_native\Release/core.a(PluggableUSB.cpp.o)

.debug_ranges   0x00000000     0x12c0
 .debug_ranges  0x00000000       0x18 C:\Users\Alex\AppData\Local\Temp\VMBuilds\Test_tracker1\arduino_zero_native\Release\Test_tracker1.cpp.o
 .debug_ranges  0x00000018       0x20 C:\Users\Alex\AppData\Local\Temp\VMBCore\arduino16x\f4e4fb79301fbd088d63ca0524c96428\variant\variant.cpp.o
 .debug_ranges  0x00000038       0x30 C:\Users\Alex\AppData\Local\Temp\VMBuilds\Test_tracker1\arduino_zero_native\Release/core.a(cortex_handlers.c.o)
 .debug_ranges  0x00000068       0x28 C:\Users\Alex\AppData\Local\Temp\VMBuilds\Test_tracker1\arduino_zero_native\Release/core.a(delay.c.o)
 .debug_ranges  0x00000090       0x20 C:\Users\Alex\AppData\Local\Temp\VMBuilds\Test_tracker1\arduino_zero_native\Release/core.a(hooks.c.o)
 .debug_ranges  0x000000b0       0x10 C:\Users\Alex\AppData\Local\Temp\VMBuilds\Test_tracker1\arduino_zero_native\Release/core.a(startup.c.o)
 .debug_ranges  0x000000c0       0x28 C:\Users\Alex\AppData\Local\Temp\VMBuilds\Test_tracker1\arduino_zero_native\Release/core.a(wiring.c.o)
 .debug_ranges  0x000000e8       0x38 C:\Users\Alex\AppData\Local\Temp\VMBuilds\Test_tracker1\arduino_zero_native\Release/core.a(wiring_analog.c.o)
 .debug_ranges  0x00000120       0x20 C:\Users\Alex\AppData\Local\Temp\VMBuilds\Test_tracker1\arduino_zero_native\Release/core.a(wiring_digital.c.o)
 .debug_ranges  0x00000140       0x28 C:\Users\Alex\AppData\Local\Temp\VMBuilds\Test_tracker1\arduino_zero_native\Release/core.a(wiring_private.c.o)
 .debug_ranges  0x00000168       0x18 C:\Users\Alex\AppData\Local\Temp\VMBuilds\Test_tracker1\arduino_zero_native\Release/core.a(main.cpp.o)
 .debug_ranges  0x00000180      0x290 C:\Users\Alex\AppData\Local\Temp\VMBuilds\Test_tracker1\arduino_zero_native\Release/core.a(Print.cpp.o)
 .debug_ranges  0x00000410       0x38 C:\Users\Alex\AppData\Local\Temp\VMBuilds\Test_tracker1\arduino_zero_native\Release/core.a(Reset.cpp.o)
 .debug_ranges  0x00000448      0x298 C:\Users\Alex\AppData\Local\Temp\VMBuilds\Test_tracker1\arduino_zero_native\Release/core.a(SERCOM.cpp.o)
 .debug_ranges  0x000006e0      0x228 C:\Users\Alex\AppData\Local\Temp\VMBuilds\Test_tracker1\arduino_zero_native\Release/core.a(Uart.cpp.o)
 .debug_ranges  0x00000908      0x130 C:\Users\Alex\AppData\Local\Temp\VMBuilds\Test_tracker1\arduino_zero_native\Release/core.a(CDC.cpp.o)
 .debug_ranges  0x00000a38      0x790 C:\Users\Alex\AppData\Local\Temp\VMBuilds\Test_tracker1\arduino_zero_native\Release/core.a(USBCore.cpp.o)
 .debug_ranges  0x000011c8       0x28 C:\Users\Alex\AppData\Local\Temp\VMBuilds\Test_tracker1\arduino_zero_native\Release/core.a(new.cpp.o)
 .debug_ranges  0x000011f0       0xd0 C:\Users\Alex\AppData\Local\Temp\VMBuilds\Test_tracker1\arduino_zero_native\Release/core.a(PluggableUSB.cpp.o)

.debug_line     0x00000000     0x5a12
 .debug_line    0x00000000      0x38b C:\Users\Alex\AppData\Local\Temp\VMBuilds\Test_tracker1\arduino_zero_native\Release\Test_tracker1.cpp.o
 .debug_line    0x0000038b      0x30c C:\Users\Alex\AppData\Local\Temp\VMBCore\arduino16x\f4e4fb79301fbd088d63ca0524c96428\variant\variant.cpp.o
 .debug_line    0x00000697      0x319 C:\Users\Alex\AppData\Local\Temp\VMBuilds\Test_tracker1\arduino_zero_native\Release/core.a(cortex_handlers.c.o)
 .debug_line    0x000009b0      0x310 C:\Users\Alex\AppData\Local\Temp\VMBuilds\Test_tracker1\arduino_zero_native\Release/core.a(delay.c.o)
 .debug_line    0x00000cc0       0xb1 C:\Users\Alex\AppData\Local\Temp\VMBuilds\Test_tracker1\arduino_zero_native\Release/core.a(hooks.c.o)
 .debug_line    0x00000d71      0x3dd C:\Users\Alex\AppData\Local\Temp\VMBuilds\Test_tracker1\arduino_zero_native\Release/core.a(startup.c.o)
 .debug_line    0x0000114e      0x41a C:\Users\Alex\AppData\Local\Temp\VMBuilds\Test_tracker1\arduino_zero_native\Release/core.a(wiring.c.o)
 .debug_line    0x00001568      0x500 C:\Users\Alex\AppData\Local\Temp\VMBuilds\Test_tracker1\arduino_zero_native\Release/core.a(wiring_analog.c.o)
 .debug_line    0x00001a68      0x374 C:\Users\Alex\AppData\Local\Temp\VMBuilds\Test_tracker1\arduino_zero_native\Release/core.a(wiring_digital.c.o)
 .debug_line    0x00001ddc      0x377 C:\Users\Alex\AppData\Local\Temp\VMBuilds\Test_tracker1\arduino_zero_native\Release/core.a(wiring_private.c.o)
 .debug_line    0x00002153      0x2da C:\Users\Alex\AppData\Local\Temp\VMBuilds\Test_tracker1\arduino_zero_native\Release/core.a(main.cpp.o)
 .debug_line    0x0000242d      0x6b2 C:\Users\Alex\AppData\Local\Temp\VMBuilds\Test_tracker1\arduino_zero_native\Release/core.a(Print.cpp.o)
 .debug_line    0x00002adf      0x380 C:\Users\Alex\AppData\Local\Temp\VMBuilds\Test_tracker1\arduino_zero_native\Release/core.a(Reset.cpp.o)
 .debug_line    0x00002e5f      0x992 C:\Users\Alex\AppData\Local\Temp\VMBuilds\Test_tracker1\arduino_zero_native\Release/core.a(SERCOM.cpp.o)
 .debug_line    0x000037f1      0x7ef C:\Users\Alex\AppData\Local\Temp\VMBuilds\Test_tracker1\arduino_zero_native\Release/core.a(Uart.cpp.o)
 .debug_line    0x00003fe0      0x680 C:\Users\Alex\AppData\Local\Temp\VMBuilds\Test_tracker1\arduino_zero_native\Release/core.a(CDC.cpp.o)
 .debug_line    0x00004660      0xed9 C:\Users\Alex\AppData\Local\Temp\VMBuilds\Test_tracker1\arduino_zero_native\Release/core.a(USBCore.cpp.o)
 .debug_line    0x00005539      0x1d0 C:\Users\Alex\AppData\Local\Temp\VMBuilds\Test_tracker1\arduino_zero_native\Release/core.a(new.cpp.o)
 .debug_line    0x00005709      0x309 C:\Users\Alex\AppData\Local\Temp\VMBuilds\Test_tracker1\arduino_zero_native\Release/core.a(PluggableUSB.cpp.o)

.debug_str      0x00000000     0x879b
 .debug_str     0x00000000      0x386 C:\Users\Alex\AppData\Local\Temp\VMBuilds\Test_tracker1\arduino_zero_native\Release\Test_tracker1.cpp.o
                                0x3e2 (size before relaxing)
 .debug_str     0x00000386     0x23f7 C:\Users\Alex\AppData\Local\Temp\VMBCore\arduino16x\f4e4fb79301fbd088d63ca0524c96428\variant\variant.cpp.o
                               0x2f54 (size before relaxing)
 .debug_str     0x0000277d      0x4c0 C:\Users\Alex\AppData\Local\Temp\VMBuilds\Test_tracker1\arduino_zero_native\Release/core.a(cortex_handlers.c.o)
                                0x5ed (size before relaxing)
 .debug_str     0x00002c3d       0xfc C:\Users\Alex\AppData\Local\Temp\VMBuilds\Test_tracker1\arduino_zero_native\Release/core.a(delay.c.o)
                                0x2c6 (size before relaxing)
 .debug_str     0x00002d39       0x79 C:\Users\Alex\AppData\Local\Temp\VMBuilds\Test_tracker1\arduino_zero_native\Release/core.a(hooks.c.o)
                                0x138 (size before relaxing)
 .debug_str     0x00002db2      0x87a C:\Users\Alex\AppData\Local\Temp\VMBuilds\Test_tracker1\arduino_zero_native\Release/core.a(startup.c.o)
                                0xd3a (size before relaxing)
 .debug_str     0x0000362c      0x37d C:\Users\Alex\AppData\Local\Temp\VMBuilds\Test_tracker1\arduino_zero_native\Release/core.a(wiring.c.o)
                                0xbe9 (size before relaxing)
 .debug_str     0x000039a9      0x185 C:\Users\Alex\AppData\Local\Temp\VMBuilds\Test_tracker1\arduino_zero_native\Release/core.a(wiring_analog.c.o)
                               0x15d6 (size before relaxing)
 .debug_str     0x00003b2e      0x111 C:\Users\Alex\AppData\Local\Temp\VMBuilds\Test_tracker1\arduino_zero_native\Release/core.a(wiring_digital.c.o)
                                0x974 (size before relaxing)
 .debug_str     0x00003c3f       0x7d C:\Users\Alex\AppData\Local\Temp\VMBuilds\Test_tracker1\arduino_zero_native\Release/core.a(wiring_private.c.o)
                                0x97b (size before relaxing)
 .debug_str     0x00003cbc      0x6d2 C:\Users\Alex\AppData\Local\Temp\VMBuilds\Test_tracker1\arduino_zero_native\Release/core.a(main.cpp.o)
                                0x965 (size before relaxing)
 .debug_str     0x0000438e      0xd2c C:\Users\Alex\AppData\Local\Temp\VMBuilds\Test_tracker1\arduino_zero_native\Release/core.a(Print.cpp.o)
                               0x100b (size before relaxing)
 .debug_str     0x000050ba      0x1b8 C:\Users\Alex\AppData\Local\Temp\VMBuilds\Test_tracker1\arduino_zero_native\Release/core.a(Reset.cpp.o)
                                0x5c2 (size before relaxing)
 .debug_str     0x00005272      0x24e C:\Users\Alex\AppData\Local\Temp\VMBuilds\Test_tracker1\arduino_zero_native\Release/core.a(SERCOM.cpp.o)
                               0x22b5 (size before relaxing)
 .debug_str     0x000054c0      0x8df C:\Users\Alex\AppData\Local\Temp\VMBuilds\Test_tracker1\arduino_zero_native\Release/core.a(Uart.cpp.o)
                               0x3a37 (size before relaxing)
 .debug_str     0x00005d9f      0x507 C:\Users\Alex\AppData\Local\Temp\VMBuilds\Test_tracker1\arduino_zero_native\Release/core.a(CDC.cpp.o)
                               0x1ee4 (size before relaxing)
 .debug_str     0x000062a6     0x23b1 C:\Users\Alex\AppData\Local\Temp\VMBuilds\Test_tracker1\arduino_zero_native\Release/core.a(USBCore.cpp.o)
                               0x3b64 (size before relaxing)
 .debug_str     0x00008657       0xae C:\Users\Alex\AppData\Local\Temp\VMBuilds\Test_tracker1\arduino_zero_native\Release/core.a(new.cpp.o)
                                0x279 (size before relaxing)
 .debug_str     0x00008705       0x96 C:\Users\Alex\AppData\Local\Temp\VMBuilds\Test_tracker1\arduino_zero_native\Release/core.a(PluggableUSB.cpp.o)
                                0x5dc (size before relaxing)

.debug_frame    0x00000000     0x1658
 .debug_frame   0x00000000       0x48 C:\Users\Alex\AppData\Local\Temp\VMBuilds\Test_tracker1\arduino_zero_native\Release\Test_tracker1.cpp.o
 .debug_frame   0x00000048       0x64 C:\Users\Alex\AppData\Local\Temp\VMBCore\arduino16x\f4e4fb79301fbd088d63ca0524c96428\variant\variant.cpp.o
 .debug_frame   0x000000ac       0x7c C:\Users\Alex\AppData\Local\Temp\VMBuilds\Test_tracker1\arduino_zero_native\Release/core.a(cortex_handlers.c.o)
 .debug_frame   0x00000128       0x78 C:\Users\Alex\AppData\Local\Temp\VMBuilds\Test_tracker1\arduino_zero_native\Release/core.a(delay.c.o)
 .debug_frame   0x000001a0       0x40 C:\Users\Alex\AppData\Local\Temp\VMBuilds\Test_tracker1\arduino_zero_native\Release/core.a(hooks.c.o)
 .debug_frame   0x000001e0       0x2c C:\Users\Alex\AppData\Local\Temp\VMBuilds\Test_tracker1\arduino_zero_native\Release/core.a(startup.c.o)
 .debug_frame   0x0000020c       0x28 C:\Users\Alex\AppData\Local\Temp\VMBuilds\Test_tracker1\arduino_zero_native\Release/core.a(wiring.c.o)
 .debug_frame   0x00000234       0x90 C:\Users\Alex\AppData\Local\Temp\VMBuilds\Test_tracker1\arduino_zero_native\Release/core.a(wiring_analog.c.o)
 .debug_frame   0x000002c4       0x58 C:\Users\Alex\AppData\Local\Temp\VMBuilds\Test_tracker1\arduino_zero_native\Release/core.a(wiring_digital.c.o)
 .debug_frame   0x0000031c       0x30 C:\Users\Alex\AppData\Local\Temp\VMBuilds\Test_tracker1\arduino_zero_native\Release/core.a(wiring_private.c.o)
 .debug_frame   0x0000034c       0x38 C:\Users\Alex\AppData\Local\Temp\VMBuilds\Test_tracker1\arduino_zero_native\Release/core.a(main.cpp.o)
 .debug_frame   0x00000384      0x330 C:\Users\Alex\AppData\Local\Temp\VMBuilds\Test_tracker1\arduino_zero_native\Release/core.a(Print.cpp.o)
 .debug_frame   0x000006b4       0x40 C:\Users\Alex\AppData\Local\Temp\VMBuilds\Test_tracker1\arduino_zero_native\Release/core.a(Reset.cpp.o)
 .debug_frame   0x000006f4      0x448 C:\Users\Alex\AppData\Local\Temp\VMBuilds\Test_tracker1\arduino_zero_native\Release/core.a(SERCOM.cpp.o)
 .debug_frame   0x00000b3c      0x1c8 C:\Users\Alex\AppData\Local\Temp\VMBuilds\Test_tracker1\arduino_zero_native\Release/core.a(Uart.cpp.o)
 .debug_frame   0x00000d04      0x214 C:\Users\Alex\AppData\Local\Temp\VMBuilds\Test_tracker1\arduino_zero_native\Release/core.a(CDC.cpp.o)
 .debug_frame   0x00000f18      0x458 C:\Users\Alex\AppData\Local\Temp\VMBuilds\Test_tracker1\arduino_zero_native\Release/core.a(USBCore.cpp.o)
 .debug_frame   0x00001370       0x70 C:\Users\Alex\AppData\Local\Temp\VMBuilds\Test_tracker1\arduino_zero_native\Release/core.a(new.cpp.o)
 .debug_frame   0x000013e0       0xc4 C:\Users\Alex\AppData\Local\Temp\VMBuilds\Test_tracker1\arduino_zero_native\Release/core.a(PluggableUSB.cpp.o)
 .debug_frame   0x000014a4       0x20 c:/users/alex/appdata/local/arduino15/packages/arduino/tools/arm-none-eabi-gcc/4.8.3-2014q1/bin/../lib/gcc/arm-none-eabi/4.8.3/armv6-m\libgcc.a(_udivsi3.o)
 .debug_frame   0x000014c4       0x2c c:/users/alex/appdata/local/arduino15/packages/arduino/tools/arm-none-eabi-gcc/4.8.3-2014q1/bin/../lib/gcc/arm-none-eabi/4.8.3/../../../../arm-none-eabi/lib/armv6-m\libc_s.a(lib_a-init.o)
 .debug_frame   0x000014f0       0x40 c:/users/alex/appdata/local/arduino15/packages/arduino/tools/arm-none-eabi-gcc/4.8.3-2014q1/bin/../lib/gcc/arm-none-eabi/4.8.3/../../../../arm-none-eabi/lib/armv6-m\libc_s.a(lib_a-malloc.o)
 .debug_frame   0x00001530       0x28 c:/users/alex/appdata/local/arduino15/packages/arduino/tools/arm-none-eabi-gcc/4.8.3-2014q1/bin/../lib/gcc/arm-none-eabi/4.8.3/../../../../arm-none-eabi/lib/armv6-m\libc_s.a(lib_a-memcpy-stub.o)
 .debug_frame   0x00001558       0x20 c:/users/alex/appdata/local/arduino15/packages/arduino/tools/arm-none-eabi-gcc/4.8.3-2014q1/bin/../lib/gcc/arm-none-eabi/4.8.3/../../../../arm-none-eabi/lib/armv6-m\libc_s.a(lib_a-memset.o)
 .debug_frame   0x00001578       0x2c c:/users/alex/appdata/local/arduino15/packages/arduino/tools/arm-none-eabi-gcc/4.8.3-2014q1/bin/../lib/gcc/arm-none-eabi/4.8.3/../../../../arm-none-eabi/lib/armv6-m\libc_s.a(lib_a-nano-mallocr.o)
 .debug_frame   0x000015a4       0x2c c:/users/alex/appdata/local/arduino15/packages/arduino/tools/arm-none-eabi-gcc/4.8.3-2014q1/bin/../lib/gcc/arm-none-eabi/4.8.3/../../../../arm-none-eabi/lib/armv6-m\libc_s.a(lib_a-sbrkr.o)
 .debug_frame   0x000015d0       0x20 c:/users/alex/appdata/local/arduino15/packages/arduino/tools/arm-none-eabi-gcc/4.8.3-2014q1/bin/../lib/gcc/arm-none-eabi/4.8.3/../../../../arm-none-eabi/lib/armv6-m\libc_s.a(lib_a-strlen.o)
 .debug_frame   0x000015f0       0x48 c:/users/alex/appdata/local/arduino15/packages/arduino/tools/arm-none-eabi-gcc/4.8.3-2014q1/bin/../lib/gcc/arm-none-eabi/4.8.3/../../../../arm-none-eabi/lib/armv6-m\libc_s.a(lib_a-reent.o)
 .debug_frame   0x00001638       0x20 c:/users/alex/appdata/local/arduino15/packages/arduino/tools/arm-none-eabi-gcc/4.8.3-2014q1/bin/../lib/gcc/arm-none-eabi/4.8.3/../../../../arm-none-eabi/lib/armv6-m\libnosys.a(sbrk.o)

Cross Reference Table

Symbol                                            File
AC_Handler                                        C:\Users\Alex\AppData\Local\Temp\VMBuilds\Test_tracker1\arduino_zero_native\Release/core.a(cortex_handlers.c.o)
ADC_Handler                                       C:\Users\Alex\AppData\Local\Temp\VMBuilds\Test_tracker1\arduino_zero_native\Release/core.a(cortex_handlers.c.o)
CDC_GetInterface(unsigned char*)                  C:\Users\Alex\AppData\Local\Temp\VMBuilds\Test_tracker1\arduino_zero_native\Release/core.a(CDC.cpp.o)
                                                  C:\Users\Alex\AppData\Local\Temp\VMBuilds\Test_tracker1\arduino_zero_native\Release/core.a(USBCore.cpp.o)
CDC_Setup(USBSetup&)                              C:\Users\Alex\AppData\Local\Temp\VMBuilds\Test_tracker1\arduino_zero_native\Release/core.a(CDC.cpp.o)
                                                  C:\Users\Alex\AppData\Local\Temp\VMBuilds\Test_tracker1\arduino_zero_native\Release/core.a(USBCore.cpp.o)
DAC_Handler                                       C:\Users\Alex\AppData\Local\Temp\VMBuilds\Test_tracker1\arduino_zero_native\Release/core.a(cortex_handlers.c.o)
DMAC_Handler                                      C:\Users\Alex\AppData\Local\Temp\VMBuilds\Test_tracker1\arduino_zero_native\Release/core.a(cortex_handlers.c.o)
DoubleBufferedEPOutHandler::available() const     C:\Users\Alex\AppData\Local\Temp\VMBuilds\Test_tracker1\arduino_zero_native\Release/core.a(USBCore.cpp.o)
DoubleBufferedEPOutHandler::handleEndpoint()      C:\Users\Alex\AppData\Local\Temp\VMBuilds\Test_tracker1\arduino_zero_native\Release/core.a(USBCore.cpp.o)
DoubleBufferedEPOutHandler::recv(void*, unsigned long) C:\Users\Alex\AppData\Local\Temp\VMBuilds\Test_tracker1\arduino_zero_native\Release/core.a(USBCore.cpp.o)
DoubleBufferedEPOutHandler::release()             C:\Users\Alex\AppData\Local\Temp\VMBuilds\Test_tracker1\arduino_zero_native\Release/core.a(USBCore.cpp.o)
Dummy_Handler                                     C:\Users\Alex\AppData\Local\Temp\VMBuilds\Test_tracker1\arduino_zero_native\Release/core.a(cortex_handlers.c.o)
EIC_Handler                                       C:\Users\Alex\AppData\Local\Temp\VMBuilds\Test_tracker1\arduino_zero_native\Release/core.a(cortex_handlers.c.o)
EVSYS_Handler                                     C:\Users\Alex\AppData\Local\Temp\VMBuilds\Test_tracker1\arduino_zero_native\Release/core.a(cortex_handlers.c.o)
EndPoints                                         C:\Users\Alex\AppData\Local\Temp\VMBuilds\Test_tracker1\arduino_zero_native\Release/core.a(USBCore.cpp.o)
                                                  C:\Users\Alex\AppData\Local\Temp\VMBuilds\Test_tracker1\arduino_zero_native\Release/core.a(PluggableUSB.cpp.o)
HardFault_Handler                                 C:\Users\Alex\AppData\Local\Temp\VMBuilds\Test_tracker1\arduino_zero_native\Release/core.a(cortex_handlers.c.o)
I2S_Handler                                       C:\Users\Alex\AppData\Local\Temp\VMBuilds\Test_tracker1\arduino_zero_native\Release/core.a(cortex_handlers.c.o)
NMI_Handler                                       C:\Users\Alex\AppData\Local\Temp\VMBuilds\Test_tracker1\arduino_zero_native\Release/core.a(cortex_handlers.c.o)
NVMCTRL_Handler                                   C:\Users\Alex\AppData\Local\Temp\VMBuilds\Test_tracker1\arduino_zero_native\Release/core.a(cortex_handlers.c.o)
PM_Handler                                        C:\Users\Alex\AppData\Local\Temp\VMBuilds\Test_tracker1\arduino_zero_native\Release/core.a(cortex_handlers.c.o)
PTC_Handler                                       C:\Users\Alex\AppData\Local\Temp\VMBuilds\Test_tracker1\arduino_zero_native\Release/core.a(cortex_handlers.c.o)
PendSV_Handler                                    C:\Users\Alex\AppData\Local\Temp\VMBuilds\Test_tracker1\arduino_zero_native\Release/core.a(cortex_handlers.c.o)