Archive member included because of file (symbol)

C:\Users\moseichuk\AppData\Local\Temp\VMBuilds\USB_Host_SAMD21_dev\arduino_zero_native\Release/core.a(cortex_handlers.c.o)
                              (Reset_Handler)
C:\Users\moseichuk\AppData\Local\Temp\VMBuilds\USB_Host_SAMD21_dev\arduino_zero_native\Release/core.a(delay.c.o)
                              C:\Users\moseichuk\AppData\Local\Temp\VMBuilds\USB_Host_SAMD21_dev\arduino_zero_native\Release\USBHost\hiduniversal.cpp.o (millis)
C:\Users\moseichuk\AppData\Local\Temp\VMBuilds\USB_Host_SAMD21_dev\arduino_zero_native\Release/core.a(hooks.c.o)
                              C:\Users\moseichuk\AppData\Local\Temp\VMBuilds\USB_Host_SAMD21_dev\arduino_zero_native\Release/core.a(delay.c.o) (yield)
C:\Users\moseichuk\AppData\Local\Temp\VMBuilds\USB_Host_SAMD21_dev\arduino_zero_native\Release/core.a(startup.c.o)
                              C:\Users\moseichuk\AppData\Local\Temp\VMBuilds\USB_Host_SAMD21_dev\arduino_zero_native\Release/core.a(cortex_handlers.c.o) (SystemInit)
C:\Users\moseichuk\AppData\Local\Temp\VMBuilds\USB_Host_SAMD21_dev\arduino_zero_native\Release/core.a(wiring.c.o)
                              C:\Users\moseichuk\AppData\Local\Temp\VMBuilds\USB_Host_SAMD21_dev\arduino_zero_native\Release/core.a(startup.c.o) (SystemCoreClock)
C:\Users\moseichuk\AppData\Local\Temp\VMBuilds\USB_Host_SAMD21_dev\arduino_zero_native\Release/core.a(wiring_analog.c.o)
                              C:\Users\moseichuk\AppData\Local\Temp\VMBuilds\USB_Host_SAMD21_dev\arduino_zero_native\Release/core.a(wiring.c.o) (analogReference)
C:\Users\moseichuk\AppData\Local\Temp\VMBuilds\USB_Host_SAMD21_dev\arduino_zero_native\Release/core.a(wiring_digital.c.o)
                              C:\Users\moseichuk\AppData\Local\Temp\VMBuilds\USB_Host_SAMD21_dev\arduino_zero_native\Release/core.a(wiring.c.o) (pinMode)
C:\Users\moseichuk\AppData\Local\Temp\VMBuilds\USB_Host_SAMD21_dev\arduino_zero_native\Release/core.a(wiring_private.c.o)
                              C:\Users\moseichuk\AppData\Local\Temp\VMBuilds\USB_Host_SAMD21_dev\arduino_zero_native\Release\USB_Host_SAMD21_dev.cpp.o (pinPeripheral)
C:\Users\moseichuk\AppData\Local\Temp\VMBuilds\USB_Host_SAMD21_dev\arduino_zero_native\Release/core.a(samd21_host.c.o)
                              C:\Users\moseichuk\AppData\Local\Temp\VMBuilds\USB_Host_SAMD21_dev\arduino_zero_native\Release\USBHost\Usb.cpp.o (UHD_Init)
C:\Users\moseichuk\AppData\Local\Temp\VMBuilds\USB_Host_SAMD21_dev\arduino_zero_native\Release/core.a(abi.cpp.o)
                              C:\Users\moseichuk\AppData\Local\Temp\VMBuilds\USB_Host_SAMD21_dev\arduino_zero_native\Release\USBHost\adk.cpp.o (__cxa_pure_virtual)
C:\Users\moseichuk\AppData\Local\Temp\VMBuilds\USB_Host_SAMD21_dev\arduino_zero_native\Release/core.a(main.cpp.o)
                              c:/users/moseichuk/appdata/local/arduino15/packages/arduino/tools/arm-none-eabi-gcc/4.8.3-2014q1/bin/../lib/gcc/arm-none-eabi/4.8.3/../../../../arm-none-eabi/lib/armv6-m/crt0.o (main)
C:\Users\moseichuk\AppData\Local\Temp\VMBuilds\USB_Host_SAMD21_dev\arduino_zero_native\Release/core.a(Print.cpp.o)
                              C:\Users\moseichuk\AppData\Local\Temp\VMBuilds\USB_Host_SAMD21_dev\arduino_zero_native\Release\USB_Host_SAMD21_dev.cpp.o (Print::print(char const*))
C:\Users\moseichuk\AppData\Local\Temp\VMBuilds\USB_Host_SAMD21_dev\arduino_zero_native\Release/core.a(Reset.cpp.o)
                              C:\Users\moseichuk\AppData\Local\Temp\VMBuilds\USB_Host_SAMD21_dev\arduino_zero_native\Release/core.a(delay.c.o) (tickReset)
C:\Users\moseichuk\AppData\Local\Temp\VMBuilds\USB_Host_SAMD21_dev\arduino_zero_native\Release/core.a(SERCOM.cpp.o)
                              C:\Users\moseichuk\AppData\Local\Temp\VMBuilds\USB_Host_SAMD21_dev\arduino_zero_native\Release\variant\variant.cpp.o (SERCOM::SERCOM(Sercom*))
C:\Users\moseichuk\AppData\Local\Temp\VMBuilds\USB_Host_SAMD21_dev\arduino_zero_native\Release/core.a(Uart.cpp.o)
                              C:\Users\moseichuk\AppData\Local\Temp\VMBuilds\USB_Host_SAMD21_dev\arduino_zero_native\Release\USB_Host_SAMD21_dev.cpp.o (Uart::begin(unsigned long))
C:\Users\moseichuk\AppData\Local\Temp\VMBuilds\USB_Host_SAMD21_dev\arduino_zero_native\Release/core.a(CDC.cpp.o)
                              C:\Users\moseichuk\AppData\Local\Temp\VMBuilds\USB_Host_SAMD21_dev\arduino_zero_native\Release\USB_Host_SAMD21_dev.cpp.o (Serial_::begin(unsigned long))
C:\Users\moseichuk\AppData\Local\Temp\VMBuilds\USB_Host_SAMD21_dev\arduino_zero_native\Release/core.a(USBCore.cpp.o)
                              C:\Users\moseichuk\AppData\Local\Temp\VMBuilds\USB_Host_SAMD21_dev\arduino_zero_native\Release/core.a(main.cpp.o) (USBDeviceClass::init())
C:\Users\moseichuk\AppData\Local\Temp\VMBuilds\USB_Host_SAMD21_dev\arduino_zero_native\Release/core.a(new.cpp.o)
[...]
Memory Configuration

Name             Origin             Length             Attributes
FLASH            0x00002000         0x0003e000         xr
RAM              0x20000000         0x00008000         xrw
*default*        0x00000000         0xffffffff

Linker script and memory map

LOAD c:/users/moseichuk/appdata/local/arduino15/packages/arduino/tools/arm-none-eabi-gcc/4.8.3-2014q1/bin/../lib/gcc/arm-none-eabi/4.8.3/armv6-m/crti.o
LOAD c:/users/moseichuk/appdata/local/arduino15/packages/arduino/tools/arm-none-eabi-gcc/4.8.3-2014q1/bin/../lib/gcc/arm-none-eabi/4.8.3/armv6-m/crtbegin.o
LOAD c:/users/moseichuk/appdata/local/arduino15/packages/arduino/tools/arm-none-eabi-gcc/4.8.3-2014q1/bin/../lib/gcc/arm-none-eabi/4.8.3/../../../../arm-none-eabi/lib/armv6-m/crt0.o
LOAD C:\Users\moseichuk\AppData\Local\Temp\VMBuilds\USB_Host_SAMD21_dev\arduino_zero_native\Release\USB_Host_SAMD21_dev.cpp.o
LOAD C:\Users\moseichuk\AppData\Local\Temp\VMBuilds\USB_Host_SAMD21_dev\arduino_zero_native\Release\USBHost\adk.cpp.o
LOAD C:\Users\moseichuk\AppData\Local\Temp\VMBuilds\USB_Host_SAMD21_dev\arduino_zero_native\Release\USBHost\hid.cpp.o
LOAD C:\Users\moseichuk\AppData\Local\Temp\VMBuilds\USB_Host_SAMD21_dev\arduino_zero_native\Release\USBHost\hidboot.cpp.o
LOAD C:\Users\moseichuk\AppData\Local\Temp\VMBuilds\USB_Host_SAMD21_dev\arduino_zero_native\Release\USBHost\hidescriptorparser.cpp.o
LOAD C:\Users\moseichuk\AppData\Local\Temp\VMBuilds\USB_Host_SAMD21_dev\arduino_zero_native\Release\USBHost\hiduniversal.cpp.o
LOAD C:\Users\moseichuk\AppData\Local\Temp\VMBuilds\USB_Host_SAMD21_dev\arduino_zero_native\Release\USBHost\KeyboardController.cpp.o
LOAD C:\Users\moseichuk\AppData\Local\Temp\VMBuilds\USB_Host_SAMD21_dev\arduino_zero_native\Release\USBHost\message.cpp.o
LOAD C:\Users\moseichuk\AppData\Local\Temp\VMBuilds\USB_Host_SAMD21_dev\arduino_zero_native\Release\USBHost\MouseController.cpp.o
LOAD C:\Users\moseichuk\AppData\Local\Temp\VMBuilds\USB_Host_SAMD21_dev\arduino_zero_native\Release\USBHost\parsetools.cpp.o
LOAD C:\Users\moseichuk\AppData\Local\Temp\VMBuilds\USB_Host_SAMD21_dev\arduino_zero_native\Release\USBHost\Usb.cpp.o
LOAD C:\Users\moseichuk\AppData\Local\Temp\VMBuilds\USB_Host_SAMD21_dev\arduino_zero_native\Release\USBHost\usbhub.cpp.o
LOAD C:\Users\moseichuk\AppData\Local\Temp\VMBuilds\USB_Host_SAMD21_dev\arduino_zero_native\Release\SPI\SPI.cpp.o
LOAD C:\Users\moseichuk\AppData\Local\Temp\VMBuilds\USB_Host_SAMD21_dev\arduino_zero_native\Release\variant\variant.cpp.o
START GROUP
LOAD C:\Users\moseichuk\AppData\Local\arduino15\packages\arduino\tools\CMSIS\4.5.0/CMSIS/Lib/GCC/\libarm_cortexM0l_math.a
LOAD c:/users/moseichuk/appdata/local/arduino15/packages/arduino/tools/arm-none-eabi-gcc/4.8.3-2014q1/bin/../lib/gcc/arm-none-eabi/4.8.3/../../../../arm-none-eabi/lib/armv6-m\libm.a
LOAD C:\Users\moseichuk\AppData\Local\Temp\VMBuilds\USB_Host_SAMD21_dev\arduino_zero_native\Release/core.a
END GROUP
START GROUP
LOAD c:/users/moseichuk/appdata/local/arduino15/packages/arduino/tools/arm-none-eabi-gcc/4.8.3-2014q1/bin/../lib/gcc/arm-none-eabi/4.8.3/armv6-m\libgcc.a
LOAD c:/users/moseichuk/appdata/local/arduino15/packages/arduino/tools/arm-none-eabi-gcc/4.8.3-2014q1/bin/../lib/gcc/arm-none-eabi/4.8.3/../../../../arm-none-eabi/lib/armv6-m\libc_s.a
END GROUP
START GROUP
LOAD c:/users/moseichuk/appdata/local/arduino15/packages/arduino/tools/arm-none-eabi-gcc/4.8.3-2014q1/bin/../lib/gcc/arm-none-eabi/4.8.3/armv6-m\libgcc.a
LOAD c:/users/moseichuk/appdata/local/arduino15/packages/arduino/tools/arm-none-eabi-gcc/4.8.3-2014q1/bin/../lib/gcc/arm-none-eabi/4.8.3/../../../../arm-none-eabi/lib/armv6-m\libc_s.a
LOAD c:/users/moseichuk/appdata/local/arduino15/packages/arduino/tools/arm-none-eabi-gcc/4.8.3-2014q1/bin/../lib/gcc/arm-none-eabi/4.8.3/../../../../arm-none-eabi/lib/armv6-m\libnosys.a
END GROUP
START GROUP
LOAD c:/users/moseichuk/appdata/local/arduino15/packages/arduino/tools/arm-none-eabi-gcc/4.8.3-2014q1/bin/../lib/gcc/arm-none-eabi/4.8.3/armv6-m\libgcc.a
LOAD c:/users/moseichuk/appdata/local/arduino15/packages/arduino/tools/arm-none-eabi-gcc/4.8.3-2014q1/bin/../lib/gcc/arm-none-eabi/4.8.3/../../../../arm-none-eabi/lib/armv6-m\libc_s.a
LOAD c:/users/moseichuk/appdata/local/arduino15/packages/arduino/tools/arm-none-eabi-gcc/4.8.3-2014q1/bin/../lib/gcc/arm-none-eabi/4.8.3/../../../../arm-none-eabi/lib/armv6-m\libnosys.a
END GROUP
LOAD c:/users/moseichuk/appdata/local/arduino15/packages/arduino/tools/arm-none-eabi-gcc/4.8.3-2014q1/bin/../lib/gcc/arm-none-eabi/4.8.3/armv6-m/crtend.o
LOAD c:/users/moseichuk/appdata/local/arduino15/packages/arduino/tools/arm-none-eabi-gcc/4.8.3-2014q1/bin/../lib/gcc/arm-none-eabi/4.8.3/armv6-m/crtn.o

.text           0x00002000     0x3f20
                0x00002000                __text_start__ = .
 *(.sketch_boot)
                0x00002000                . = ALIGN (0x2000)
 *(.isr_vector)
 .isr_vector    0x00002000       0xb4 C:\Users\moseichuk\AppData\Local\Temp\VMBuilds\USB_Host_SAMD21_dev\arduino_zero_native\Release/core.a(cortex_handlers.c.o)
                0x00002000                exception_table
 *(.text*)
 .text          0x000020b4       0x60 c:/users/moseichuk/appdata/local/arduino15/packages/arduino/tools/arm-none-eabi-gcc/4.8.3-2014q1/bin/../lib/gcc/arm-none-eabi/4.8.3/armv6-m/crtbegin.o
 .text.SERCOM2_Handler
                0x00002114       0x10 C:\Users\moseichuk\AppData\Local\Temp\VMBuilds\USB_Host_SAMD21_dev\arduino_zero_native\Release\USB_Host_SAMD21_dev.cpp.o
                0x00002114                SERCOM2_Handler
 .text.loop     0x00002124       0x8c C:\Users\moseichuk\AppData\Local\Temp\VMBuilds\USB_Host_SAMD21_dev\arduino_zero_native\Release\USB_Host_SAMD21_dev.cpp.o
                0x00002124                loop
 .text.startup._GLOBAL__sub_I_Serial2
                0x000021b0       0x64 C:\Users\moseichuk\AppData\Local\Temp\VMBuilds\USB_Host_SAMD21_dev\arduino_zero_native\Release\USB_Host_SAMD21_dev.cpp.o
 .text.setup    0x00002214       0x6c C:\Users\moseichuk\AppData\Local\Temp\VMBuilds\USB_Host_SAMD21_dev\arduino_zero_native\Release\USB_Host_SAMD21_dev.cpp.o
                0x00002214                setup
 .text._ZN15USBDeviceConfig12ResetHubPortEm
                0x00002280        0x2 C:\Users\moseichuk\AppData\Local\Temp\VMBuilds\USB_Host_SAMD21_dev\arduino_zero_native\Release\USBHost\adk.cpp.o
                0x00002280                USBDeviceConfig::ResetHubPort(unsigned long)
 .text._ZN15USBDeviceConfig10DEVCLASSOKEm
                0x00002282        0x4 C:\Users\moseichuk\AppData\Local\Temp\VMBuilds\USB_Host_SAMD21_dev\arduino_zero_native\Release\USBHost\adk.cpp.o
                0x00002282                USBDeviceConfig::DEVCLASSOK(unsigned long)
 .text._ZN3ADK4PollEv
                0x00002286        0x4 C:\Users\moseichuk\AppData\Local\Temp\VMBuilds\USB_Host_SAMD21_dev\arduino_zero_native\Release\USBHost\adk.cpp.o
                0x00002286                ADK::Poll()
 .text._ZN3ADK10GetAddressEv
                0x0000228a        0x4 C:\Users\moseichuk\AppData\Local\Temp\VMBuilds\USB_Host_SAMD21_dev\arduino_zero_native\Release\USBHost\adk.cpp.o
                0x0000228a                ADK::GetAddress()
 .text._ZN3ADK7isReadyEv
                0x0000228e        0x4 C:\Users\moseichuk\AppData\Local\Temp\VMBuilds\USB_Host_SAMD21_dev\arduino_zero_native\Release\USBHost\adk.cpp.o
                0x0000228e                ADK::isReady()
 *fill*         0x00002292        0x2 
 .text._ZN3ADK8VIDPIDOKEmm
                0x00002294       0x1c C:\Users\moseichuk\AppData\Local\Temp\VMBuilds\USB_Host_SAMD21_dev\arduino_zero_native\Release\USBHost\adk.cpp.o
                0x00002294                ADK::VIDPIDOK(unsigned long, unsigned long)
 .text._ZN3ADK15ConfigureDeviceEmmm
                0x000022b0        0xa C:\Users\moseichuk\AppData\Local\Temp\VMBuilds\USB_Host_SAMD21_dev\arduino_zero_native\Release\USBHost\adk.cpp.o
                0x000022b0                ADK::ConfigureDevice(unsigned long, unsigned long, unsigned long)
 .text._ZN3ADK14EndpointXtractEmmmmPK23USB_ENDPOINT_DESCRIPTOR
                0x000022ba       0x40 C:\Users\moseichuk\AppData\Local\Temp\VMBuilds\USB_Host_SAMD21_dev\arduino_zero_native\Release\USBHost\adk.cpp.o
                0x000022ba                ADK::EndpointXtract(unsigned long, unsigned long, unsigned long, unsigned long, USB_ENDPOINT_DESCRIPTOR const*)
 *fill*         0x000022fa        0x2 
 .text._ZThn4_N3ADK14EndpointXtractEmmmmPK23USB_ENDPOINT_DESCRIPTOR
                0x000022fc       0x10 C:\Users\moseichuk\AppData\Local\Temp\VMBuilds\USB_Host_SAMD21_dev\arduino_zero_native\Release\USBHost\adk.cpp.o
                0x000022fc                non-virtual thunk to ADK::EndpointXtract(unsigned long, unsigned long, unsigned long, unsigned long, USB_ENDPOINT_DESCRIPTOR const*)
 .text._ZN3ADK7ReleaseEv
                0x0000230c       0x1a C:\Users\moseichuk\AppData\Local\Temp\VMBuilds\USB_Host_SAMD21_dev\arduino_zero_native\Release\USBHost\adk.cpp.o
                0x0000230c                ADK::Release()
 .text._ZN16ConfigDescParserILh0ELh0ELh0ELh0EE5ParseEmPKhRKm
                0x00002326      0x174 C:\Users\moseichuk\AppData\Local\Temp\VMBuilds\USB_Host_SAMD21_dev\arduino_zero_native\Release\USBHost\adk.cpp.o
                0x00002326                ConfigDescParser<(unsigned char)0, (unsigned char)0, (unsigned char)0, (unsigned char)0>::Parse(unsigned long, unsigned char const*, unsigned long const&)
 .text._ZN3ADK8getProtoEPh
                0x0000249a       0x2c C:\Users\moseichuk\AppData\Local\Temp\VMBuilds\USB_Host_SAMD21_dev\arduino_zero_native\Release\USBHost\adk.cpp.o
                0x0000249a                ADK::getProto(unsigned char*)
 .text._ZN3ADK7sendStrEmPKc
                0x000024c6       0x3c C:\Users\moseichuk\AppData\Local\Temp\VMBuilds\USB_Host_SAMD21_dev\arduino_zero_native\Release\USBHost\adk.cpp.o
                0x000024c6                ADK::sendStr(unsigned long, char const*)
 *fill*         0x00002502        0x2 
 .text._ZN3ADK4InitEmmm
                0x00002504      0x28c C:\Users\moseichuk\AppData\Local\Temp\VMBuilds\USB_Host_SAMD21_dev\arduino_zero_native\Release\USBHost\adk.cpp.o
                0x00002504                ADK::Init(unsigned long, unsigned long, unsigned long)
 .text._ZN3ADKC2EP7USBHostPKcS3_S3_S3_S3_S3_
                0x00002790       0xb0 C:\Users\moseichuk\AppData\Local\Temp\VMBuilds\USB_Host_SAMD21_dev\arduino_zero_native\Release\USBHost\adk.cpp.o
                0x00002790                ADK::ADK(USBHost*, char const*, char const*, char const*, char const*, char const*, char const*)
                0x00002790                ADK::ADK(USBHost*, char const*, char const*, char const*, char const*, char const*, char const*)
 .text._ZN3ADK7RcvDataEPhS0_
                0x00002840       0x16 C:\Users\moseichuk\AppData\Local\Temp\VMBuilds\USB_Host_SAMD21_dev\arduino_zero_native\Release\USBHost\adk.cpp.o
                0x00002840                ADK::RcvData(unsigned char*, unsigned char*)
 .text._ZN3ADK7SndDataEmPh
                0x00002856       0x16 C:\Users\moseichuk\AppData\Local\Temp\VMBuilds\USB_Host_SAMD21_dev\arduino_zero_native\Release\USBHost\adk.cpp.o
                0x00002856                ADK::SndData(unsigned long, unsigned char*)
 .text._ZN20MultiByteValueParser5ParseEPPhPm
                0x0000286c       0x3e C:\Users\moseichuk\AppData\Local\Temp\VMBuilds\USB_Host_SAMD21_dev\arduino_zero_native\Release\USBHost\parsetools.cpp.o
                0x0000286c                MultiByteValueParser::Parse(unsigned char**, unsigned long*)
 *fill*         0x000028aa        0x2 
 .text._ZN7USBHostC2Ev
                0x000028ac       0x4c C:\Users\moseichuk\AppData\Local\Temp\VMBuilds\USB_Host_SAMD21_dev\arduino_zero_native\Release\USBHost\Usb.cpp.o
                0x000028ac                USBHost::USBHost()
                0x000028ac                USBHost::USBHost()
 .text._ZN7USBHost4InitEv
                0x000028f8       0x12 C:\Users\moseichuk\AppData\Local\Temp\VMBuilds\USB_Host_SAMD21_dev\arduino_zero_native\Release\USBHost\Usb.cpp.o
                0x000028f8                USBHost::Init()
 *fill*         0x0000290a        0x2 
 .text._ZN7USBHost11dispatchPktEmmm
                0x0000290c       0xa8 C:\Users\moseichuk\AppData\Local\Temp\VMBuilds\USB_Host_SAMD21_dev\arduino_zero_native\Release\USBHost\Usb.cpp.o
                0x0000290c                USBHost::dispatchPkt(unsigned long, unsigned long, unsigned long)
 .text._ZN7USBHost10InTransferEP6EpInfomPhS2_
                0x000029b4       0xf8 C:\Users\moseichuk\AppData\Local\Temp\VMBuilds\USB_Host_SAMD21_dev\arduino_zero_native\Release\USBHost\Usb.cpp.o
                0x000029b4                USBHost::InTransfer(EpInfo*, unsigned long, unsigned char*, unsigned char*)
 .text._ZN7USBHost11OutTransferEP6EpInfommPh
                0x00002aac       0xd0 C:\Users\moseichuk\AppData\Local\Temp\VMBuilds\USB_Host_SAMD21_dev\arduino_zero_native\Release\USBHost\Usb.cpp.o
                0x00002aac                USBHost::OutTransfer(EpInfo*, unsigned long, unsigned long, unsigned char*)
 .text._ZN7USBHost13AttemptConfigEmmmm
                0x00002b7c       0xc4 C:\Users\moseichuk\AppData\Local\Temp\VMBuilds\USB_Host_SAMD21_dev\arduino_zero_native\Release\USBHost\Usb.cpp.o
                0x00002b7c                USBHost::AttemptConfig(unsigned long, unsigned long, unsigned long, unsigned long)
 .text._ZN15AddressPoolImplILm16EE16FindAddressIndexEm
                0x00002c40       0x1a C:\Users\moseichuk\AppData\Local\Temp\VMBuilds\USB_Host_SAMD21_dev\arduino_zero_native\Release\USBHost\Usb.cpp.o
                0x00002c40                AddressPoolImpl<16ul>::FindAddressIndex(unsigned long)
 .text._ZN15AddressPoolImplILm16EE12AllocAddressEmmm
                0x00002c5a       0x84 C:\Users\moseichuk\AppData\Local\Temp\VMBuilds\USB_Host_SAMD21_dev\arduino_zero_native\Release\USBHost\Usb.cpp.o
                0x00002c5a                AddressPoolImpl<16ul>::AllocAddress(unsigned long, unsigned long, unsigned long)
 .text._ZN15AddressPoolImplILm16EE15GetUsbDevicePtrEm
                0x00002cde       0x22 C:\Users\moseichuk\AppData\Local\Temp\VMBuilds\USB_Host_SAMD21_dev\arduino_zero_native\Release\USBHost\Usb.cpp.o
                0x00002cde                AddressPoolImpl<16ul>::GetUsbDevicePtr(unsigned long)
 .text._ZN7USBHost14getEpInfoEntryEmm
                0x00002d00       0x2e C:\Users\moseichuk\AppData\Local\Temp\VMBuilds\USB_Host_SAMD21_dev\arduino_zero_native\Release\USBHost\Usb.cpp.o
                0x00002d00                USBHost::getEpInfoEntry(unsigned long, unsigned long)
 .text._ZN7USBHost14setEpInfoEntryEmmP6EpInfo
                0x00002d2e       0x20 C:\Users\moseichuk\AppData\Local\Temp\VMBuilds\USB_Host_SAMD21_dev\arduino_zero_native\Release\USBHost\Usb.cpp.o
                0x00002d2e                USBHost::setEpInfoEntry(unsigned long, unsigned long, EpInfo*)
 *fill*         0x00002d4e        0x2 
 .text._ZN7USBHost14SetPipeAddressEmmPP6EpInfoRm
                0x00002d50       0x68 C:\Users\moseichuk\AppData\Local\Temp\VMBuilds\USB_Host_SAMD21_dev\arduino_zero_native\Release\USBHost\Usb.cpp.o
                0x00002d50                USBHost::SetPipeAddress(unsigned long, unsigned long, EpInfo**, unsigned long&)
 .text._ZN7USBHost7ctrlReqEmmhhhhttmPhP13USBReadParser
                0x00002db8      0x12c C:\Users\moseichuk\AppData\Local\Temp\VMBuilds\USB_Host_SAMD21_dev\arduino_zero_native\Release\USBHost\Usb.cpp.o
                0x00002db8                USBHost::ctrlReq(unsigned long, unsigned long, unsigned char, unsigned char, unsigned char, unsigned char, unsigned short, unsigned short, unsigned long, unsigned char*, USBReadParser*)
 .text._ZN7USBHost11getDevDescrEmmmPh
                0x00002ee4       0x28 C:\Users\moseichuk\AppData\Local\Temp\VMBuilds\USB_Host_SAMD21_dev\arduino_zero_native\Release\USBHost\Usb.cpp.o
                0x00002ee4                USBHost::getDevDescr(unsigned long, unsigned long, unsigned long, unsigned char*)
 .text._ZN7USBHost12getConfDescrEmmmmPh
                0x00002f0c       0x2c C:\Users\moseichuk\AppData\Local\Temp\VMBuilds\USB_Host_SAMD21_dev\arduino_zero_native\Release\USBHost\Usb.cpp.o
                0x00002f0c                USBHost::getConfDescr(unsigned long, unsigned long, unsigned long, unsigned long, unsigned char*)
 .text._ZN7USBHost12getConfDescrEmmmP13USBReadParser
                0x00002f38       0x4a C:\Users\moseichuk\AppData\Local\Temp\VMBuilds\USB_Host_SAMD21_dev\arduino_zero_native\Release\USBHost\Usb.cpp.o
                0x00002f38                USBHost::getConfDescr(unsigned long, unsigned long, unsigned long, USBReadParser*)
 .text._ZN7USBHost7setAddrEmmm
                0x00002f82       0x2e C:\Users\moseichuk\AppData\Local\Temp\VMBuilds\USB_Host_SAMD21_dev\arduino_zero_native\Release\USBHost\Usb.cpp.o
                0x00002f82                USBHost::setAddr(unsigned long, unsigned long, unsigned long)
 .text._ZN7USBHost7setConfEmmm
                0x00002fb0       0x22 C:\Users\moseichuk\AppData\Local\Temp\VMBuilds\USB_Host_SAMD21_dev\arduino_zero_native\Release\USBHost\Usb.cpp.o
                0x00002fb0                USBHost::setConf(unsigned long, unsigned long, unsigned long)
 .text._ZN7USBHost10inTransferEmmPhS0_
                0x00002fd2       0x32 C:\Users\moseichuk\AppData\Local\Temp\VMBuilds\USB_Host_SAMD21_dev\arduino_zero_native\Release\USBHost\Usb.cpp.o
                0x00002fd2                USBHost::inTransfer(unsigned long, unsigned long, unsigned char*, unsigned char*)
 .text._ZN7USBHost11outTransferEmmmPh
                0x00003004       0x32 C:\Users\moseichuk\AppData\Local\Temp\VMBuilds\USB_Host_SAMD21_dev\arduino_zero_native\Release\USBHost\Usb.cpp.o
                0x00003004                USBHost::outTransfer(unsigned long, unsigned long, unsigned long, unsigned char*)
 .text._ZN15AddressPoolImplILm16EE18FreeAddressByIndexEm
                0x00003036       0x5c C:\Users\moseichuk\AppData\Local\Temp\VMBuilds\USB_Host_SAMD21_dev\arduino_zero_native\Release\USBHost\Usb.cpp.o
                0x00003036                AddressPoolImpl<16ul>::FreeAddressByIndex(unsigned long)
 .text._ZN15AddressPoolImplILm16EE11FreeAddressEm
                0x00003092       0x34 C:\Users\moseichuk\AppData\Local\Temp\VMBuilds\USB_Host_SAMD21_dev\arduino_zero_native\Release\USBHost\Usb.cpp.o
                0x00003092                AddressPoolImpl<16ul>::FreeAddress(unsigned long)
 .text._ZN7USBHost17DefaultAddressingEmmm
                0x000030c6       0x62 C:\Users\moseichuk\AppData\Local\Temp\VMBuilds\USB_Host_SAMD21_dev\arduino_zero_native\Release\USBHost\Usb.cpp.o
                0x000030c6                USBHost::DefaultAddressing(unsigned long, unsigned long, unsigned long)
 .text._ZN7USBHost11ConfiguringEmmm
                0x00003128      0x11e C:\Users\moseichuk\AppData\Local\Temp\VMBuilds\USB_Host_SAMD21_dev\arduino_zero_native\Release\USBHost\Usb.cpp.o
                0x00003128                USBHost::Configuring(unsigned long, unsigned long, unsigned long)
 *fill*         0x00003246        0x2 
 .text._ZN7USBHost4TaskEv
                0x00003248      0x144 C:\Users\moseichuk\AppData\Local\Temp\VMBuilds\USB_Host_SAMD21_dev\arduino_zero_native\Release\USBHost\Usb.cpp.o
                0x00003248                USBHost::Task()
 .text.startup._GLOBAL__sub_I__ZN8SPIClassC2EP6SERCOMhhh14SercomSpiTXPad11SercomRXPad
                0x0000338c       0x38 C:\Users\moseichuk\AppData\Local\Temp\VMBuilds\USB_Host_SAMD21_dev\arduino_zero_native\Release\SPI\SPI.cpp.o
 .text.SERCOM0_Handler
                0x000033c4       0x10 C:\Users\moseichuk\AppData\Local\Temp\VMBuilds\USB_Host_SAMD21_dev\arduino_zero_native\Release\variant\variant.cpp.o
                0x000033c4                SERCOM0_Handler
 .text.SERCOM5_Handler
                0x000033d4       0x10 C:\Users\moseichuk\AppData\Local\Temp\VMBuilds\USB_Host_SAMD21_dev\arduino_zero_native\Release\variant\variant.cpp.o
                0x000033d4                SERCOM5_Handler
 .text.startup._GLOBAL__sub_I_g_APinDescription
                0x000033e4       0x94 C:\Users\moseichuk\AppData\Local\Temp\VMBuilds\USB_Host_SAMD21_dev\arduino_zero_native\Release\variant\variant.cpp.o
 .text.Dummy_Handler
                0x00003478        0x2 C:\Users\moseichuk\AppData\Local\Temp\VMBuilds\USB_Host_SAMD21_dev\arduino_zero_native\Release/core.a(cortex_handlers.c.o)
                0x00003478                DMAC_Handler
                0x00003478                HardFault_Handler
                0x00003478                AC_Handler
                0x00003478                PendSV_Handler
                0x00003478                NMI_Handler
                0x00003478                TC7_Handler
                0x00003478                SERCOM1_Handler
                0x00003478                ADC_Handler
                0x00003478                TCC1_Handler
                0x00003478                TCC0_Handler
                0x00003478                RTC_Handler
                0x00003478                EIC_Handler
                0x00003478                TC6_Handler
                0x00003478                WDT_Handler
                0x00003478                TC4_Handler
                0x00003478                TC3_Handler
                0x00003478                Dummy_Handler
                0x00003478                PM_Handler
                0x00003478                SVC_Handler
                0x00003478                TCC2_Handler
                0x00003478                EVSYS_Handler
                0x00003478                SERCOM3_Handler
                0x00003478                SERCOM4_Handler
                0x00003478                I2S_Handler
                0x00003478                NVMCTRL_Handler
                0x00003478                DAC_Handler
                0x00003478                PTC_Handler
                0x00003478                SYSCTRL_Handler
 *fill*         0x0000347a        0x2 
 .text.USB_Handler
                0x0000347c       0x14 C:\Users\moseichuk\AppData\Local\Temp\VMBuilds\USB_Host_SAMD21_dev\arduino_zero_native\Release/core.a(cortex_handlers.c.o)
                0x0000347c                USB_Handler
 .text.Reset_Handler
                0x00003490       0x54 C:\Users\moseichuk\AppData\Local\Temp\VMBuilds\USB_Host_SAMD21_dev\arduino_zero_native\Release/core.a(cortex_handlers.c.o)
                0x00003490                Reset_Handler
 .text.SysTick_Handler
                0x000034e4       0x10 C:\Users\moseichuk\AppData\Local\Temp\VMBuilds\USB_Host_SAMD21_dev\arduino_zero_native\Release/core.a(cortex_handlers.c.o)
                0x000034e4                SysTick_Handler
 .text.USB_SetHandler
                0x000034f4        0xc C:\Users\moseichuk\AppData\Local\Temp\VMBuilds\USB_Host_SAMD21_dev\arduino_zero_native\Release/core.a(cortex_handlers.c.o)
                0x000034f4                USB_SetHandler
 .text.millis   0x00003500        0xc C:\Users\moseichuk\AppData\Local\Temp\VMBuilds\USB_Host_SAMD21_dev\arduino_zero_native\Release/core.a(delay.c.o)
                0x00003500                millis
 .text.delay    0x0000350c       0x20 C:\Users\moseichuk\AppData\Local\Temp\VMBuilds\USB_Host_SAMD21_dev\arduino_zero_native\Release/core.a(delay.c.o)
                0x0000350c                delay
 .text.SysTick_DefaultHandler
                0x0000352c       0x14 C:\Users\moseichuk\AppData\Local\Temp\VMBuilds\USB_Host_SAMD21_dev\arduino_zero_native\Release/core.a(delay.c.o)
                0x0000352c                SysTick_DefaultHandler
 .text.__empty  0x00003540        0x2 C:\Users\moseichuk\AppData\Local\Temp\VMBuilds\USB_Host_SAMD21_dev\arduino_zero_native\Release/core.a(hooks.c.o)
                0x00003540                yield
 .text.__false  0x00003542        0x4 C:\Users\moseichuk\AppData\Local\Temp\VMBuilds\USB_Host_SAMD21_dev\arduino_zero_native\Release/core.a(hooks.c.o)
                0x00003542                sysTickHook
 *fill*         0x00003546        0x2 
 .text.SystemInit
                0x00003548      0x168 C:\Users\moseichuk\AppData\Local\Temp\VMBuilds\USB_Host_SAMD21_dev\arduino_zero_native\Release/core.a(startup.c.o)
                0x00003548                SystemInit
 .text.init     0x000036b0       0xf0 C:\Users\moseichuk\AppData\Local\Temp\VMBuilds\USB_Host_SAMD21_dev\arduino_zero_native\Release/core.a(wiring.c.o)
                0x000036b0                init
 .text.analogReference
                0x000037a0       0x5c C:\Users\moseichuk\AppData\Local\Temp\VMBuilds\USB_Host_SAMD21_dev\arduino_zero_native\Release/core.a(wiring_analog.c.o)
                0x000037a0                analogReference
 .text.pinMode  0x000037fc       0xb4 C:\Users\moseichuk\AppData\Local\Temp\VMBuilds\USB_Host_SAMD21_dev\arduino_zero_native\Release/core.a(wiring_digital.c.o)
                0x000037fc                pinMode
 .text.digitalWrite
                0x000038b0       0x60 C:\Users\moseichuk\AppData\Local\Temp\VMBuilds\USB_Host_SAMD21_dev\arduino_zero_native\Release/core.a(wiring_digital.c.o)
                0x000038b0                digitalWrite
 .text.pinPeripheral
                0x00003910       0xc4 C:\Users\moseichuk\AppData\Local\Temp\VMBuilds\USB_Host_SAMD21_dev\arduino_zero_native\Release/core.a(wiring_private.c.o)
                0x00003910                pinPeripheral
 .text.UHD_Handler
                0x000039d4       0x70 C:\Users\moseichuk\AppData\Local\Temp\VMBuilds\USB_Host_SAMD21_dev\arduino_zero_native\Release/core.a(samd21_host.c.o)
                0x000039d4                UHD_Handler
 .text.UHD_Init
                0x00003a44      0x144 C:\Users\moseichuk\AppData\Local\Temp\VMBuilds\USB_Host_SAMD21_dev\arduino_zero_native\Release/core.a(samd21_host.c.o)
                0x00003a44                UHD_Init
 .text.UHD_GetVBUSState
                0x00003b88        0xc C:\Users\moseichuk\AppData\Local\Temp\VMBuilds\USB_Host_SAMD21_dev\arduino_zero_native\Release/core.a(samd21_host.c.o)
                0x00003b88                UHD_GetVBUSState
 .text.UHD_Pipe0_Alloc
                0x00003b94       0x50 C:\Users\moseichuk\AppData\Local\Temp\VMBuilds\USB_Host_SAMD21_dev\arduino_zero_native\Release/core.a(samd21_host.c.o)
                0x00003b94                UHD_Pipe0_Alloc
 .text.UHD_Pipe_CountZero
                0x00003be4       0x14 C:\Users\moseichuk\AppData\Local\Temp\VMBuilds\USB_Host_SAMD21_dev\arduino_zero_native\Release/core.a(samd21_host.c.o)
                0x00003be4                UHD_Pipe_CountZero
 .text.UHD_Pipe_Write
                0x00003bf8       0x28 C:\Users\moseichuk\AppData\Local\Temp\VMBuilds\USB_Host_SAMD21_dev\arduino_zero_native\Release/core.a(samd21_host.c.o)
                0x00003bf8                UHD_Pipe_Write
 .text.UHD_Pipe_Send
                0x00003c20       0x58 C:\Users\moseichuk\AppData\Local\Temp\VMBuilds\USB_Host_SAMD21_dev\arduino_zero_native\Release/core.a(samd21_host.c.o)
                0x00003c20                UHD_Pipe_Send
 .text.UHD_Pipe_Is_Transfer_Complete
                0x00003c78       0x5c C:\Users\moseichuk\AppData\Local\Temp\VMBuilds\USB_Host_SAMD21_dev\arduino_zero_native\Release/core.a(samd21_host.c.o)
                0x00003c78                UHD_Pipe_Is_Transfer_Complete
 .text._Z11initVariantv
                0x00003cd4        0x2 C:\Users\moseichuk\AppData\Local\Temp\VMBuilds\USB_Host_SAMD21_dev\arduino_zero_native\Release/core.a(main.cpp.o)
                0x00003cd4                initVariant()
 *fill*         0x00003cd6        0x2 
 .text.startup.main
                0x00003cd8       0x40 C:\Users\moseichuk\AppData\Local\Temp\VMBuilds\USB_Host_SAMD21_dev\arduino_zero_native\Release/core.a(main.cpp.o)
                0x00003cd8                main
 .text._ZN5Print5writeEPKhj
                0x00003d18       0x28 C:\Users\moseichuk\AppData\Local\Temp\VMBuilds\USB_Host_SAMD21_dev\arduino_zero_native\Release/core.a(Print.cpp.o)
                0x00003d18                Print::write(unsigned char const*, unsigned int)
 .text._ZN5Print5writeEPKc
                0x00003d40       0x1c C:\Users\moseichuk\AppData\Local\Temp\VMBuilds\USB_Host_SAMD21_dev\arduino_zero_native\Release/core.a(Print.cpp.o)
                0x00003d40                Print::write(char const*)
 .text._ZN5Print5printEPKc
                0x00003d5c        0x8 C:\Users\moseichuk\AppData\Local\Temp\VMBuilds\USB_Host_SAMD21_dev\arduino_zero_native\Release/core.a(Print.cpp.o)
                0x00003d5c                Print::print(char const*)
 .text._ZN5Print5printEc
                0x00003d64        0xa C:\Users\moseichuk\AppData\Local\Temp\VMBuilds\USB_Host_SAMD21_dev\arduino_zero_native\Release/core.a(Print.cpp.o)
                0x00003d64                Print::print(char)
 *fill*         0x00003d6e        0x2 
 .text._ZN5Print7printlnEv
                0x00003d70       0x10 C:\Users\moseichuk\AppData\Local\Temp\VMBuilds\USB_Host_SAMD21_dev\arduino_zero_native\Release/core.a(Print.cpp.o)
                0x00003d70                Print::println()
 .text._ZN5Print7printlnEPKc
                0x00003d80       0x14 C:\Users\moseichuk\AppData\Local\Temp\VMBuilds\USB_Host_SAMD21_dev\arduino_zero_native\Release/core.a(Print.cpp.o)
                0x00003d80                Print::println(char const*)
 .text.initiateReset
                0x00003d94        0xc C:\Users\moseichuk\AppData\Local\Temp\VMBuilds\USB_Host_SAMD21_dev\arduino_zero_native\Release/core.a(Reset.cpp.o)
                0x00003d94                initiateReset
 .text.cancelReset
                0x00003da0       0x10 C:\Users\moseichuk\AppData\Local\Temp\VMBuilds\USB_Host_SAMD21_dev\arduino_zero_native\Release/core.a(Reset.cpp.o)
                0x00003da0                cancelReset
 .text.tickReset
                0x00003db0       0x74 C:\Users\moseichuk\AppData\Local\Temp\VMBuilds\USB_Host_SAMD21_dev\arduino_zero_native\Release/core.a(Reset.cpp.o)
                0x00003db0                tickReset
 .text._ZN6SERCOMC2EP6Sercom
                0x00003e24        0x4 C:\Users\moseichuk\AppData\Local\Temp\VMBuilds\USB_Host_SAMD21_dev\arduino_zero_native\Release/core.a(SERCOM.cpp.o)
                0x00003e24                SERCOM::SERCOM(Sercom*)
                0x00003e24                SERCOM::SERCOM(Sercom*)
 .text._ZN6SERCOM9initFrameE18SercomUartCharSize15SercomDataOrder16SercomParityMode19SercomNumberStopBit
                0x00003e28       0x38 C:\Users\moseichuk\AppData\Local\Temp\VMBuilds\USB_Host_SAMD21_dev\arduino_zero_native\Release/core.a(SERCOM.cpp.o)
                0x00003e28                SERCOM::initFrame(SercomUartCharSize, SercomDataOrder, SercomParityMode, SercomNumberStopBit)
 .text._ZN6SERCOM8initPadsE15SercomUartTXPad11SercomRXPad
                0x00003e60       0x26 C:\Users\moseichuk\AppData\Local\Temp\VMBuilds\USB_Host_SAMD21_dev\arduino_zero_native\Release/core.a(SERCOM.cpp.o)
                0x00003e60                SERCOM::initPads(SercomUartTXPad, SercomRXPad)
 .text._ZN6SERCOM9resetUARTEv
                0x00003e86       0x1c C:\Users\moseichuk\AppData\Local\Temp\VMBuilds\USB_Host_SAMD21_dev\arduino_zero_native\Release/core.a(SERCOM.cpp.o)
                0x00003e86                SERCOM::resetUART()
 .text._ZN6SERCOM10enableUARTEv
                0x00003ea2       0x14 C:\Users\moseichuk\AppData\Local\Temp\VMBuilds\USB_Host_SAMD21_dev\arduino_zero_native\Release/core.a(SERCOM.cpp.o)
                0x00003ea2                SERCOM::enableUART()
 .text._ZN6SERCOM9flushUARTEv
                0x00003eb6       0x10 C:\Users\moseichuk\AppData\Local\Temp\VMBuilds\USB_Host_SAMD21_dev\arduino_zero_native\Release/core.a(SERCOM.cpp.o)
                0x00003eb6                SERCOM::flushUART()
 .text._ZN6SERCOM15clearStatusUARTEv
                0x00003ec6        0x8 C:\Users\moseichuk\AppData\Local\Temp\VMBuilds\USB_Host_SAMD21_dev\arduino_zero_native\Release/core.a(SERCOM.cpp.o)
                0x00003ec6                SERCOM::clearStatusUART()
 .text._ZN6SERCOM17availableDataUARTEv
                0x00003ece        0xa C:\Users\moseichuk\AppData\Local\Temp\VMBuilds\USB_Host_SAMD21_dev\arduino_zero_native\Release/core.a(SERCOM.cpp.o)
                0x00003ece                SERCOM::availableDataUART()
 .text._ZN6SERCOM11isUARTErrorEv
                0x00003ed8        0x8 C:\Users\moseichuk\AppData\Local\Temp\VMBuilds\USB_Host_SAMD21_dev\arduino_zero_native\Release/core.a(SERCOM.cpp.o)
                0x00003ed8                SERCOM::isUARTError()
 .text._ZN6SERCOM20acknowledgeUARTErrorEv
                0x00003ee0        0xe C:\Users\moseichuk\AppData\Local\Temp\VMBuilds\USB_Host_SAMD21_dev\arduino_zero_native\Release/core.a(SERCOM.cpp.o)
                0x00003ee0                SERCOM::acknowledgeUARTError()
 .text._ZN6SERCOM23isDataRegisterEmptyUARTEv
                0x00003eee        0xa C:\Users\moseichuk\AppData\Local\Temp\VMBuilds\USB_Host_SAMD21_dev\arduino_zero_native\Release/core.a(SERCOM.cpp.o)
                0x00003eee                SERCOM::isDataRegisterEmptyUART()
 .text._ZN6SERCOM12readDataUARTEv
                0x00003ef8        0x8 C:\Users\moseichuk\AppData\Local\Temp\VMBuilds\USB_Host_SAMD21_dev\arduino_zero_native\Release/core.a(SERCOM.cpp.o)
                0x00003ef8                SERCOM::readDataUART()
 .text._ZN6SERCOM13writeDataUARTEh
                0x00003f00        0xe C:\Users\moseichuk\AppData\Local\Temp\VMBuilds\USB_Host_SAMD21_dev\arduino_zero_native\Release/core.a(SERCOM.cpp.o)
                0x00003f00                SERCOM::writeDataUART(unsigned char)
 .text._ZN6SERCOM36enableDataRegisterEmptyInterruptUARTEv
                0x00003f0e        0x8 C:\Users\moseichuk\AppData\Local\Temp\VMBuilds\USB_Host_SAMD21_dev\arduino_zero_native\Release/core.a(SERCOM.cpp.o)
                0x00003f0e                SERCOM::enableDataRegisterEmptyInterruptUART()
 .text._ZN6SERCOM37disableDataRegisterEmptyInterruptUARTEv
                0x00003f16        0x8 C:\Users\moseichuk\AppData\Local\Temp\VMBuilds\USB_Host_SAMD21_dev\arduino_zero_native\Release/core.a(SERCOM.cpp.o)
                0x00003f16                SERCOM::disableDataRegisterEmptyInterruptUART()
 *fill*         0x00003f1e        0x2 
 .text._ZN6SERCOM13initClockNVICEv
                0x00003f20       0xac C:\Users\moseichuk\AppData\Local\Temp\VMBuilds\USB_Host_SAMD21_dev\arduino_zero_native\Release/core.a(SERCOM.cpp.o)
                0x00003f20                SERCOM::initClockNVIC()
 .text._ZN6SERCOM8initUARTE14SercomUartMode20SercomUartSampleRatem
                0x00003fcc       0x6c C:\Users\moseichuk\AppData\Local\Temp\VMBuilds\USB_Host_SAMD21_dev\arduino_zero_native\Release/core.a(SERCOM.cpp.o)
                0x00003fcc                SERCOM::initUART(SercomUartMode, SercomUartSampleRate, unsigned long)
 .text._ZN4UartcvbEv
                0x00004038        0x4 C:\Users\moseichuk\AppData\Local\Temp\VMBuilds\USB_Host_SAMD21_dev\arduino_zero_native\Release/core.a(Uart.cpp.o)
                0x00004038                Uart::operator bool()
 .text._ZN4Uart5beginEm
                0x0000403c       0x10 C:\Users\moseichuk\AppData\Local\Temp\VMBuilds\USB_Host_SAMD21_dev\arduino_zero_native\Release/core.a(Uart.cpp.o)
                0x0000403c                Uart::begin(unsigned long)
 .text._ZN4Uart4peekEv
                0x0000404c       0x16 C:\Users\moseichuk\AppData\Local\Temp\VMBuilds\USB_Host_SAMD21_dev\arduino_zero_native\Release/core.a(Uart.cpp.o)
                0x0000404c                Uart::peek()
 .text._ZN4Uart3endEv
                0x00004062       0x1c C:\Users\moseichuk\AppData\Local\Temp\VMBuilds\USB_Host_SAMD21_dev\arduino_zero_native\Release/core.a(Uart.cpp.o)
                0x00004062                Uart::end()
 *fill*         0x0000407e        0x2 
 .text._ZN4UartC2EP6SERCOMhh11SercomRXPad15SercomUartTXPadhh
                0x00004080       0x7c C:\Users\moseichuk\AppData\Local\Temp\VMBuilds\USB_Host_SAMD21_dev\arduino_zero_native\Release/core.a(Uart.cpp.o)
                0x00004080                Uart::Uart(SERCOM*, unsigned char, unsigned char, SercomRXPad, SercomUartTXPad, unsigned char, unsigned char)
                0x00004080                Uart::Uart(SERCOM*, unsigned char, unsigned char, SercomRXPad, SercomUartTXPad, unsigned char, unsigned char)
 .text._ZN4UartC2EP6SERCOMhh11SercomRXPad15SercomUartTXPad
                0x000040fc       0x24 C:\Users\moseichuk\AppData\Local\Temp\VMBuilds\USB_Host_SAMD21_dev\arduino_zero_native\Release/core.a(Uart.cpp.o)
                0x000040fc                Uart::Uart(SERCOM*, unsigned char, unsigned char, SercomRXPad, SercomUartTXPad)
                0x000040fc                Uart::Uart(SERCOM*, unsigned char, unsigned char, SercomRXPad, SercomUartTXPad)
 .text._ZN4Uart16extractNbStopBitEt
                0x00004120        0xe C:\Users\moseichuk\AppData\Local\Temp\VMBuilds\USB_Host_SAMD21_dev\arduino_zero_native\Release/core.a(Uart.cpp.o)
                0x00004120                Uart::extractNbStopBit(unsigned short)
 .text._ZN4Uart15extractCharSizeEt
                0x0000412e       0x2c C:\Users\moseichuk\AppData\Local\Temp\VMBuilds\USB_Host_SAMD21_dev\arduino_zero_native\Release/core.a(Uart.cpp.o)
                0x0000412e                Uart::extractCharSize(unsigned short)
 .text._ZN4Uart13extractParityEt
                0x0000415a       0x18 C:\Users\moseichuk\AppData\Local\Temp\VMBuilds\USB_Host_SAMD21_dev\arduino_zero_native\Release/core.a(Uart.cpp.o)
                0x0000415a                Uart::extractParity(unsigned short)
 *fill*         0x00004172        0x2 
 .text._ZN4Uart5beginEmt
                0x00004174       0xf4 C:\Users\moseichuk\AppData\Local\Temp\VMBuilds\USB_Host_SAMD21_dev\arduino_zero_native\Release/core.a(Uart.cpp.o)
                0x00004174                Uart::begin(unsigned long, unsigned short)
 .text._ZN11RingBufferNILi64EE9availableEv
                0x00004268        0xc C:\Users\moseichuk\AppData\Local\Temp\VMBuilds\USB_Host_SAMD21_dev\arduino_zero_native\Release/core.a(Uart.cpp.o)
                0x00004268                RingBufferN<64>::available()
 .text._ZN4Uart5flushEv
                0x00004274       0x18 C:\Users\moseichuk\AppData\Local\Temp\VMBuilds\USB_Host_SAMD21_dev\arduino_zero_native\Release/core.a(Uart.cpp.o)
                0x00004274                Uart::flush()
 .text._ZN4Uart9availableEv
                0x0000428c        0xa C:\Users\moseichuk\AppData\Local\Temp\VMBuilds\USB_Host_SAMD21_dev\arduino_zero_native\Release/core.a(Uart.cpp.o)
                0x0000428c                Uart::available()
 .text._ZN11RingBufferNILi64EE17availableForStoreEv
                0x00004296       0x1c C:\Users\moseichuk\AppData\Local\Temp\VMBuilds\USB_Host_SAMD21_dev\arduino_zero_native\Release/core.a(Uart.cpp.o)
                0x00004296                RingBufferN<64>::availableForStore()
 .text._ZN4Uart17availableForWriteEv
                0x000042b2        0xa C:\Users\moseichuk\AppData\Local\Temp\VMBuilds\USB_Host_SAMD21_dev\arduino_zero_native\Release/core.a(Uart.cpp.o)
                0x000042b2                Uart::availableForWrite()
 .text._ZN4Uart10IrqHandlerEv
                0x000042bc       0xb2 C:\Users\moseichuk\AppData\Local\Temp\VMBuilds\USB_Host_SAMD21_dev\arduino_zero_native\Release/core.a(Uart.cpp.o)
                0x000042bc                Uart::IrqHandler()
 *fill*         0x0000436e        0x2 
 .text._ZN4Uart5writeEh
                0x00004370       0xb8 C:\Users\moseichuk\AppData\Local\Temp\VMBuilds\USB_Host_SAMD21_dev\arduino_zero_native\Release/core.a(Uart.cpp.o)
                0x00004370                Uart::write(unsigned char)
 .text._ZN4Uart4readEv
                0x00004428       0x48 C:\Users\moseichuk\AppData\Local\Temp\VMBuilds\USB_Host_SAMD21_dev\arduino_zero_native\Release/core.a(Uart.cpp.o)
                0x00004428                Uart::read()
 .text._ZN7Serial_17availableForWriteEv
                0x00004470        0x4 C:\Users\moseichuk\AppData\Local\Temp\VMBuilds\USB_Host_SAMD21_dev\arduino_zero_native\Release/core.a(CDC.cpp.o)
                0x00004470                Serial_::availableForWrite()
 .text._ZN7Serial_5writeEh
                0x00004474       0x14 C:\Users\moseichuk\AppData\Local\Temp\VMBuilds\USB_Host_SAMD21_dev\arduino_zero_native\Release/core.a(CDC.cpp.o)
                0x00004474                Serial_::write(unsigned char)
 .text._ZN7Serial_9availableEv
                0x00004488        0xc C:\Users\moseichuk\AppData\Local\Temp\VMBuilds\USB_Host_SAMD21_dev\arduino_zero_native\Release/core.a(CDC.cpp.o)
                0x00004488                Serial_::available()
 .text._ZN7Serial_5flushEv
                0x00004494        0xc C:\Users\moseichuk\AppData\Local\Temp\VMBuilds\USB_Host_SAMD21_dev\arduino_zero_native\Release/core.a(CDC.cpp.o)
                0x00004494                Serial_::flush()
 .text._ZN7Serial_5writeEPKhj
                0x000044a0       0x1c C:\Users\moseichuk\AppData\Local\Temp\VMBuilds\USB_Host_SAMD21_dev\arduino_zero_native\Release/core.a(CDC.cpp.o)
                0x000044a0                Serial_::write(unsigned char const*, unsigned int)
 .text._ZN7Serial_4peekEv
                0x000044bc       0x1c C:\Users\moseichuk\AppData\Local\Temp\VMBuilds\USB_Host_SAMD21_dev\arduino_zero_native\Release/core.a(CDC.cpp.o)
                0x000044bc                Serial_::peek()
 .text._ZN7Serial_4readEv
                0x000044d8       0x24 C:\Users\moseichuk\AppData\Local\Temp\VMBuilds\USB_Host_SAMD21_dev\arduino_zero_native\Release/core.a(CDC.cpp.o)
                0x000044d8                Serial_::read()
 .text._Z16CDC_GetInterfacePh
                0x000044fc       0x1c C:\Users\moseichuk\AppData\Local\Temp\VMBuilds\USB_Host_SAMD21_dev\arduino_zero_native\Release/core.a(CDC.cpp.o)
                0x000044fc                CDC_GetInterface(unsigned char*)
 .text._Z9CDC_SetupR8USBSetup
                0x00004518       0x80 C:\Users\moseichuk\AppData\Local\Temp\VMBuilds\USB_Host_SAMD21_dev\arduino_zero_native\Release/core.a(CDC.cpp.o)
                0x00004518                CDC_Setup(USBSetup&)
 .text._ZN7Serial_5beginEm
                0x00004598        0x2 C:\Users\moseichuk\AppData\Local\Temp\VMBuilds\USB_Host_SAMD21_dev\arduino_zero_native\Release/core.a(CDC.cpp.o)
                0x00004598                Serial_::begin(unsigned long)
 *fill*         0x0000459a        0x2 
 .text.startup._GLOBAL__sub_I__Z17_CDC_GetInterfacev
                0x0000459c       0x28 C:\Users\moseichuk\AppData\Local\Temp\VMBuilds\USB_Host_SAMD21_dev\arduino_zero_native\Release/core.a(CDC.cpp.o)
 .text._ZL5utox8mPc
                0x000045c4       0x1c C:\Users\moseichuk\AppData\Local\Temp\VMBuilds\USB_Host_SAMD21_dev\arduino_zero_native\Release/core.a(USBCore.cpp.o)
 .text._ZN14USBDeviceClass6initEPEmm.part.4
                0x000045e0       0xc8 C:\Users\moseichuk\AppData\Local\Temp\VMBuilds\USB_Host_SAMD21_dev\arduino_zero_native\Release/core.a(USBCore.cpp.o)
 .text._ZN20USBDevice_SAMD21G18x5resetEv
                0x000046a8       0x28 C:\Users\moseichuk\AppData\Local\Temp\VMBuilds\USB_Host_SAMD21_dev\arduino_zero_native\Release/core.a(USBCore.cpp.o)
                0x000046a8                USBDevice_SAMD21G18x::reset()
 .text._ZN20USBDevice_SAMD21G18x9calibrateEv
                0x000046d0       0x5c C:\Users\moseichuk\AppData\Local\Temp\VMBuilds\USB_Host_SAMD21_dev\arduino_zero_native\Release/core.a(USBCore.cpp.o)
                0x000046d0                USBDevice_SAMD21G18x::calibrate()
 .text._ZN7__GuardC2Ev
                0x0000472c        0xe C:\Users\moseichuk\AppData\Local\Temp\VMBuilds\USB_Host_SAMD21_dev\arduino_zero_native\Release/core.a(USBCore.cpp.o)
                0x0000472c                __Guard::__Guard()
                0x0000472c                __Guard::__Guard()
 .text._ZN7__GuardD2Ev
                0x0000473a        0xe C:\Users\moseichuk\AppData\Local\Temp\VMBuilds\USB_Host_SAMD21_dev\arduino_zero_native\Release/core.a(USBCore.cpp.o)
                0x0000473a                __Guard::~__Guard()
                0x0000473a                __Guard::~__Guard()
 .text._ZNK26DoubleBufferedEPOutHandler9availableEv
                0x00004748       0x5e C:\Users\moseichuk\AppData\Local\Temp\VMBuilds\USB_Host_SAMD21_dev\arduino_zero_native\Release/core.a(USBCore.cpp.o)
                0x00004748                DoubleBufferedEPOutHandler::available() const
 *fill*         0x000047a6        0x2 
 .text._ZN26DoubleBufferedEPOutHandler7releaseEv
                0x000047a8       0x58 C:\Users\moseichuk\AppData\Local\Temp\VMBuilds\USB_Host_SAMD21_dev\arduino_zero_native\Release/core.a(USBCore.cpp.o)
                0x000047a8                DoubleBufferedEPOutHandler::release()
 .text._ZN26DoubleBufferedEPOutHandler4recvEPvm
                0x00004800      0x11c C:\Users\moseichuk\AppData\Local\Temp\VMBuilds\USB_Host_SAMD21_dev\arduino_zero_native\Release/core.a(USBCore.cpp.o)
                0x00004800                DoubleBufferedEPOutHandler::recv(void*, unsigned long)
 .text._ZN26DoubleBufferedEPOutHandler14handleEndpointEv
                0x0000491c       0xc8 C:\Users\moseichuk\AppData\Local\Temp\VMBuilds\USB_Host_SAMD21_dev\arduino_zero_native\Release/core.a(USBCore.cpp.o)
                0x0000491c                DoubleBufferedEPOutHandler::handleEndpoint()
 .text._ZN14USBDeviceClass14SendInterfacesEPm
                0x000049e4       0x2c C:\Users\moseichuk\AppData\Local\Temp\VMBuilds\USB_Host_SAMD21_dev\arduino_zero_native\Release/core.a(USBCore.cpp.o)
                0x000049e4                USBDeviceClass::SendInterfaces(unsigned long*)
 .text._ZN14USBDeviceClass14handleEndpointEh
                0x00004a10       0x40 C:\Users\moseichuk\AppData\Local\Temp\VMBuilds\USB_Host_SAMD21_dev\arduino_zero_native\Release/core.a(USBCore.cpp.o)
                0x00004a10                USBDeviceClass::handleEndpoint(unsigned char)
 .text._ZN14USBDeviceClass4initEv
                0x00004a50       0xf0 C:\Users\moseichuk\AppData\Local\Temp\VMBuilds\USB_Host_SAMD21_dev\arduino_zero_native\Release/core.a(USBCore.cpp.o)
                0x00004a50                USBDeviceClass::init()
 .text._ZN14USBDeviceClass6attachEv
                0x00004b40       0x34 C:\Users\moseichuk\AppData\Local\Temp\VMBuilds\USB_Host_SAMD21_dev\arduino_zero_native\Release/core.a(USBCore.cpp.o)
                0x00004b40                USBDeviceClass::attach()
 .text._ZN14USBDeviceClass10setAddressEm
                0x00004b74       0x48 C:\Users\moseichuk\AppData\Local\Temp\VMBuilds\USB_Host_SAMD21_dev\arduino_zero_native\Release/core.a(USBCore.cpp.o)
                0x00004b74                USBDeviceClass::setAddress(unsigned long)
 .text._ZN14USBDeviceClass25handleClassInterfaceSetupER8USBSetup
                0x00004bbc       0x40 C:\Users\moseichuk\AppData\Local\Temp\VMBuilds\USB_Host_SAMD21_dev\arduino_zero_native\Release/core.a(USBCore.cpp.o)
                0x00004bbc                USBDeviceClass::handleClassInterfaceSetup(USBSetup&)
 .text._ZN14USBDeviceClass6initEPEmm
                0x00004bfc       0xf4 C:\Users\moseichuk\AppData\Local\Temp\VMBuilds\USB_Host_SAMD21_dev\arduino_zero_native\Release/core.a(USBCore.cpp.o)
                0x00004bfc                USBDeviceClass::initEP(unsigned long, unsigned long)
 .text._ZN14USBDeviceClass13initEndpointsEv
                0x00004cf0       0x24 C:\Users\moseichuk\AppData\Local\Temp\VMBuilds\USB_Host_SAMD21_dev\arduino_zero_native\Release/core.a(USBCore.cpp.o)
                0x00004cf0                USBDeviceClass::initEndpoints()
 .text._ZN14USBDeviceClass9availableEm
                0x00004d14       0x2c C:\Users\moseichuk\AppData\Local\Temp\VMBuilds\USB_Host_SAMD21_dev\arduino_zero_native\Release/core.a(USBCore.cpp.o)
                0x00004d14                USBDeviceClass::available(unsigned long)
 .text._ZN14USBDeviceClass5flushEm
                0x00004d40       0x2c C:\Users\moseichuk\AppData\Local\Temp\VMBuilds\USB_Host_SAMD21_dev\arduino_zero_native\Release/core.a(USBCore.cpp.o)
                0x00004d40                USBDeviceClass::flush(unsigned long)
 .text._ZN14USBDeviceClass14armRecvCtrlOUTEm
                0x00004d6c       0x60 C:\Users\moseichuk\AppData\Local\Temp\VMBuilds\USB_Host_SAMD21_dev\arduino_zero_native\Release/core.a(USBCore.cpp.o)
                0x00004d6c                USBDeviceClass::armRecvCtrlOUT(unsigned long)
 .text._ZN14USBDeviceClass11recvControlEPvm
                0x00004dcc       0x3c C:\Users\moseichuk\AppData\Local\Temp\VMBuilds\USB_Host_SAMD21_dev\arduino_zero_native\Release/core.a(USBCore.cpp.o)
                0x00004dcc                USBDeviceClass::recvControl(void*, unsigned long)
 .text._ZN14USBDeviceClass7armRecvEm
                0x00004e08       0x3c C:\Users\moseichuk\AppData\Local\Temp\VMBuilds\USB_Host_SAMD21_dev\arduino_zero_native\Release/core.a(USBCore.cpp.o)
                0x00004e08                USBDeviceClass::armRecv(unsigned long)
 .text._ZN14USBDeviceClass4recvEmPvm
                0x00004e44       0xd8 C:\Users\moseichuk\AppData\Local\Temp\VMBuilds\USB_Host_SAMD21_dev\arduino_zero_native\Release/core.a(USBCore.cpp.o)
                0x00004e44                USBDeviceClass::recv(unsigned long, void*, unsigned long)
 .text._ZN14USBDeviceClass4recvEm
                0x00004f1c       0x1c C:\Users\moseichuk\AppData\Local\Temp\VMBuilds\USB_Host_SAMD21_dev\arduino_zero_native\Release/core.a(USBCore.cpp.o)
                0x00004f1c                USBDeviceClass::recv(unsigned long)
 .text._ZN14USBDeviceClass4sendEmPKvm
                0x00004f38      0x124 C:\Users\moseichuk\AppData\Local\Temp\VMBuilds\USB_Host_SAMD21_dev\arduino_zero_native\Release/core.a(USBCore.cpp.o)
                0x00004f38                USBDeviceClass::send(unsigned long, void const*, unsigned long)
 .text._ZN14USBDeviceClass7armSendEmPKvm
                0x0000505c       0x48 C:\Users\moseichuk\AppData\Local\Temp\VMBuilds\USB_Host_SAMD21_dev\arduino_zero_native\Release/core.a(USBCore.cpp.o)
                0x0000505c                USBDeviceClass::armSend(unsigned long, void const*, unsigned long)
 .text._ZN14USBDeviceClass11sendControlEPKvm
                0x000050a4       0x58 C:\Users\moseichuk\AppData\Local\Temp\VMBuilds\USB_Host_SAMD21_dev\arduino_zero_native\Release/core.a(USBCore.cpp.o)
                0x000050a4                USBDeviceClass::sendControl(void const*, unsigned long)
 .text._ZN14USBDeviceClass20sendStringDescriptorEPKhh
                0x000050fc       0x68 C:\Users\moseichuk\AppData\Local\Temp\VMBuilds\USB_Host_SAMD21_dev\arduino_zero_native\Release/core.a(USBCore.cpp.o)
                0x000050fc                USBDeviceClass::sendStringDescriptor(unsigned char const*, unsigned char)
 .text._ZN14USBDeviceClass12packMessagesEb.part.6
                0x00005164       0x20 C:\Users\moseichuk\AppData\Local\Temp\VMBuilds\USB_Host_SAMD21_dev\arduino_zero_native\Release/core.a(USBCore.cpp.o)
 .text._ZN14USBDeviceClass17sendConfigurationEm
                0x00005184       0x90 C:\Users\moseichuk\AppData\Local\Temp\VMBuilds\USB_Host_SAMD21_dev\arduino_zero_native\Release/core.a(USBCore.cpp.o)
                0x00005184                USBDeviceClass::sendConfiguration(unsigned long)
 .text._ZN14USBDeviceClass14sendDescriptorER8USBSetup
                0x00005214       0xec C:\Users\moseichuk\AppData\Local\Temp\VMBuilds\USB_Host_SAMD21_dev\arduino_zero_native\Release/core.a(USBCore.cpp.o)
                0x00005214                USBDeviceClass::sendDescriptor(USBSetup&)
 .text._ZN14USBDeviceClass19handleStandardSetupER8USBSetup
                0x00005300      0x118 C:\Users\moseichuk\AppData\Local\Temp\VMBuilds\USB_Host_SAMD21_dev\arduino_zero_native\Release/core.a(USBCore.cpp.o)
                0x00005300                USBDeviceClass::handleStandardSetup(USBSetup&)
 .text._ZN14USBDeviceClass10ISRHandlerEv
                0x00005418      0x150 C:\Users\moseichuk\AppData\Local\Temp\VMBuilds\USB_Host_SAMD21_dev\arduino_zero_native\Release/core.a(USBCore.cpp.o)
                0x00005418                USBDeviceClass::ISRHandler()
 .text.UDD_Handler
                0x00005568       0x10 C:\Users\moseichuk\AppData\Local\Temp\VMBuilds\USB_Host_SAMD21_dev\arduino_zero_native\Release/core.a(USBCore.cpp.o)
                0x00005568                UDD_Handler
 .text.startup._GLOBAL__sub_I__ZN20USBDevice_SAMD21G18x5resetEv
                0x00005578       0x10 C:\Users\moseichuk\AppData\Local\Temp\VMBuilds\USB_Host_SAMD21_dev\arduino_zero_native\Release/core.a(USBCore.cpp.o)
 .text._Znwj    0x00005588        0x8 C:\Users\moseichuk\AppData\Local\Temp\VMBuilds\USB_Host_SAMD21_dev\arduino_zero_native\Release/core.a(new.cpp.o)
                0x00005588                operator new(unsigned int)
 .text._ZN13PluggableUSB_12getInterfaceEPh
                0x00005590       0x2a C:\Users\moseichuk\AppData\Local\Temp\VMBuilds\USB_Host_SAMD21_dev\arduino_zero_native\Release/core.a(PluggableUSB.cpp.o)
                0x00005590                PluggableUSB_::getInterface(unsigned char*)
 .text._ZN13PluggableUSB_13getDescriptorER8USBSetup
                0x000055ba       0x20 C:\Users\moseichuk\AppData\Local\Temp\VMBuilds\USB_Host_SAMD21_dev\arduino_zero_native\Release/core.a(PluggableUSB.cpp.o)
                0x000055ba                PluggableUSB_::getDescriptor(USBSetup&)
 .text._ZN13PluggableUSB_12getShortNameEPc
                0x000055da       0x1e C:\Users\moseichuk\AppData\Local\Temp\VMBuilds\USB_Host_SAMD21_dev\arduino_zero_native\Release/core.a(PluggableUSB.cpp.o)
                0x000055da                PluggableUSB_::getShortName(char*)
 .text._ZN13PluggableUSB_5setupER8USBSetup
                0x000055f8       0x24 C:\Users\moseichuk\AppData\Local\Temp\VMBuilds\USB_Host_SAMD21_dev\arduino_zero_native\Release/core.a(PluggableUSB.cpp.o)
                0x000055f8                PluggableUSB_::setup(USBSetup&)
 .text._Z12PluggableUSBv
                0x0000561c       0x24 C:\Users\moseichuk\AppData\Local\Temp\VMBuilds\USB_Host_SAMD21_dev\arduino_zero_native\Release/core.a(PluggableUSB.cpp.o)
                0x0000561c                PluggableUSB()
 .text          0x00005640       0x14 c:/users/moseichuk/appdata/local/arduino15/packages/arduino/tools/arm-none-eabi-gcc/4.8.3-2014q1/bin/../lib/gcc/arm-none-eabi/4.8.3/armv6-m\libgcc.a(_thumb1_case_uqi.o)
                0x00005640                __gnu_thumb1_case_uqi
 .text          0x00005654       0x9c c:/users/moseichuk/appdata/local/arduino15/packages/arduino/tools/arm-none-eabi-gcc/4.8.3-2014q1/bin/../lib/gcc/arm-none-eabi/4.8.3/armv6-m\libgcc.a(_udivsi3.o)
                0x00005654                __aeabi_uidiv
                0x00005654                __udivsi3
                0x000056dc                __aeabi_uidivmod
 .text          0x000056f0        0x4 c:/users/moseichuk/appdata/local/arduino15/packages/arduino/tools/arm-none-eabi-gcc/4.8.3-2014q1/bin/../lib/gcc/arm-none-eabi/4.8.3/armv6-m\libgcc.a(_dvmd_tls.o)
                0x000056f0                __aeabi_idiv0
                0x000056f0                __aeabi_ldiv0
 .text.__libc_init_array
                0x000056f4       0x4c c:/users/moseichuk/appdata/local/arduino15/packages/arduino/tools/arm-none-eabi-gcc/4.8.3-2014q1/bin/../lib/gcc/arm-none-eabi/4.8.3/../../../../arm-none-eabi/lib/armv6-m\libc_s.a(lib_a-init.o)
                0x000056f4                __libc_init_array
 .text.malloc   0x00005740       0x14 c:/users/moseichuk/appdata/local/arduino15/packages/arduino/tools/arm-none-eabi-gcc/4.8.3-2014q1/bin/../lib/gcc/arm-none-eabi/4.8.3/../../../../arm-none-eabi/lib/armv6-m\libc_s.a(lib_a-malloc.o)
                0x00005740                malloc
 .text.memcpy   0x00005754       0x12 c:/users/moseichuk/appdata/local/arduino15/packages/arduino/tools/arm-none-eabi-gcc/4.8.3-2014q1/bin/../lib/gcc/arm-none-eabi/4.8.3/../../../../arm-none-eabi/lib/armv6-m\libc_s.a(lib_a-memcpy-stub.o)
                0x00005754                memcpy
 .text.memset   0x00005766       0x10 c:/users/moseichuk/appdata/local/arduino15/packages/arduino/tools/arm-none-eabi-gcc/4.8.3-2014q1/bin/../lib/gcc/arm-none-eabi/4.8.3/../../../../arm-none-eabi/lib/armv6-m\libc_s.a(lib_a-memset.o)
                0x00005766                memset
 *fill*         0x00005776        0x2 
 .text._malloc_r
                0x00005778       0xa8 c:/users/moseichuk/appdata/local/arduino15/packages/arduino/tools/arm-none-eabi-gcc/4.8.3-2014q1/bin/../lib/gcc/arm-none-eabi/4.8.3/../../../../arm-none-eabi/lib/armv6-m\libc_s.a(lib_a-nano-mallocr.o)
                0x00005778                _malloc_r
 .text._sbrk_r  0x00005820       0x24 c:/users/moseichuk/appdata/local/arduino15/packages/arduino/tools/arm-none-eabi-gcc/4.8.3-2014q1/bin/../lib/gcc/arm-none-eabi/4.8.3/../../../../arm-none-eabi/lib/armv6-m\libc_s.a(lib_a-sbrkr.o)
                0x00005820                _sbrk_r
 .text.strlen   0x00005844        0xe c:/users/moseichuk/appdata/local/arduino15/packages/arduino/tools/arm-none-eabi-gcc/4.8.3-2014q1/bin/../lib/gcc/arm-none-eabi/4.8.3/../../../../arm-none-eabi/lib/armv6-m\libc_s.a(lib_a-strlen.o)
                0x00005844                strlen
 *fill*         0x00005852        0x2 
 .text._sbrk    0x00005854       0x34 c:/users/moseichuk/appdata/local/arduino15/packages/arduino/tools/arm-none-eabi-gcc/4.8.3-2014q1/bin/../lib/gcc/arm-none-eabi/4.8.3/../../../../arm-none-eabi/lib/armv6-m\libnosys.a(sbrk.o)
                0x00005854                _sbrk
 *(.init)
 .init          0x00005888        0x4 c:/users/moseichuk/appdata/local/arduino15/packages/arduino/tools/arm-none-eabi-gcc/4.8.3-2014q1/bin/../lib/gcc/arm-none-eabi/4.8.3/armv6-m/crti.o
                0x00005888                _init
 .init          0x0000588c        0x8 c:/users/moseichuk/appdata/local/arduino15/packages/arduino/tools/arm-none-eabi-gcc/4.8.3-2014q1/bin/../lib/gcc/arm-none-eabi/4.8.3/armv6-m/crtn.o
 *(.fini)
 .fini          0x00005894        0x4 c:/users/moseichuk/appdata/local/arduino15/packages/arduino/tools/arm-none-eabi-gcc/4.8.3-2014q1/bin/../lib/gcc/arm-none-eabi/4.8.3/armv6-m/crti.o
                0x00005894                _fini
 .fini          0x00005898        0x8 c:/users/moseichuk/appdata/local/arduino15/packages/arduino/tools/arm-none-eabi-gcc/4.8.3-2014q1/bin/../lib/gcc/arm-none-eabi/4.8.3/armv6-m/crtn.o
 *crtbegin.o(.ctors)
 *crtbegin?.o(.ctors)
 *(EXCLUDE_FILE(*crtend.o *crtend?.o) .ctors)
 *(SORT(.ctors.*))
 *(.ctors)
 *crtbegin.o(.dtors)
 *crtbegin?.o(.dtors)
 *(EXCLUDE_FILE(*crtend.o *crtend?.o) .dtors)
 *(SORT(.dtors.*))
 *(.dtors)
 *(.rodata*)
 .rodata.str1.1
                0x000058a0       0xd3 C:\Users\moseichuk\AppData\Local\Temp\VMBuilds\USB_Host_SAMD21_dev\arduino_zero_native\Release\USB_Host_SAMD21_dev.cpp.o
                                 0xd6 (size before relaxing)
 *fill*         0x00005973        0x5 
 .rodata._ZTV16ConfigDescParserILh0ELh0ELh0ELh0EE
                0x00005978       0x10 C:\Users\moseichuk\AppData\Local\Temp\VMBuilds\USB_Host_SAMD21_dev\arduino_zero_native\Release\USBHost\adk.cpp.o
                0x00005978                vtable for ConfigDescParser<(unsigned char)0, (unsigned char)0, (unsigned char)0, (unsigned char)0>
 .rodata._ZTV3ADK
                0x00005988       0x40 C:\Users\moseichuk\AppData\Local\Temp\VMBuilds\USB_Host_SAMD21_dev\arduino_zero_native\Release\USBHost\adk.cpp.o
                0x00005988                vtable for ADK
 .rodata._ZTV15AddressPoolImplILm16EE
                0x000059c8       0x18 C:\Users\moseichuk\AppData\Local\Temp\VMBuilds\USB_Host_SAMD21_dev\arduino_zero_native\Release\USBHost\Usb.cpp.o
                0x000059c8                vtable for AddressPoolImpl<16ul>
 .rodata.g_APinDescription
                0x000059e0      0x420 C:\Users\moseichuk\AppData\Local\Temp\VMBuilds\USB_Host_SAMD21_dev\arduino_zero_native\Release\variant\variant.cpp.o
                0x000059e0                g_APinDescription
 .rodata.str1.1
                0x00005e00        0xc C:\Users\moseichuk\AppData\Local\Temp\VMBuilds\USB_Host_SAMD21_dev\arduino_zero_native\Release/core.a(Print.cpp.o)
                                  0xf (size before relaxing)
 *fill*         0x00005e0c        0x4 
 .rodata._ZTV4Uart
                0x00005e10       0x38 C:\Users\moseichuk\AppData\Local\Temp\VMBuilds\USB_Host_SAMD21_dev\arduino_zero_native\Release/core.a(Uart.cpp.o)
                0x00005e10                vtable for Uart
 .rodata._ZTV7Serial_
                0x00005e48       0x28 C:\Users\moseichuk\AppData\Local\Temp\VMBuilds\USB_Host_SAMD21_dev\arduino_zero_native\Release/core.a(CDC.cpp.o)
                0x00005e48                vtable for Serial_
 .rodata._ZTV26DoubleBufferedEPOutHandler
                0x00005e70       0x18 C:\Users\moseichuk\AppData\Local\Temp\VMBuilds\USB_Host_SAMD21_dev\arduino_zero_native\Release/core.a(USBCore.cpp.o)
                0x00005e70                vtable for DoubleBufferedEPOutHandler
 .rodata._ZL19STRING_MANUFACTURER
                0x00005e88        0xc C:\Users\moseichuk\AppData\Local\Temp\VMBuilds\USB_Host_SAMD21_dev\arduino_zero_native\Release/core.a(USBCore.cpp.o)
 .rodata._ZL15STRING_LANGUAGE
                0x00005e94        0x4 C:\Users\moseichuk\AppData\Local\Temp\VMBuilds\USB_Host_SAMD21_dev\arduino_zero_native\Release/core.a(USBCore.cpp.o)
 .rodata._ZL21USB_DeviceDescriptorB
                0x00005e98       0x12 C:\Users\moseichuk\AppData\Local\Temp\VMBuilds\USB_Host_SAMD21_dev\arduino_zero_native\Release/core.a(USBCore.cpp.o)
 .rodata._ZL14STRING_PRODUCT
                0x00005eaa        0xd C:\Users\moseichuk\AppData\Local\Temp\VMBuilds\USB_Host_SAMD21_dev\arduino_zero_native\Release/core.a(USBCore.cpp.o)
 .rodata.str1.1
                0x00005eb7        0x2 c:/users/moseichuk/appdata/local/arduino15/packages/arduino/tools/arm-none-eabi-gcc/4.8.3-2014q1/bin/../lib/gcc/arm-none-eabi/4.8.3/../../../../arm-none-eabi/lib/armv6-m\libc_s.a(lib_a-impure.o)
 *fill*         0x00005eb9        0x3 
 .rodata.__sf_fake_stdin
                0x00005ebc       0x20 c:/users/moseichuk/appdata/local/arduino15/packages/arduino/tools/arm-none-eabi-gcc/4.8.3-2014q1/bin/../lib/gcc/arm-none-eabi/4.8.3/../../../../arm-none-eabi/lib/armv6-m\libc_s.a(lib_a-findfp.o)
                0x00005ebc                __sf_fake_stdin
 .rodata.__sf_fake_stdout
                0x00005edc       0x20 c:/users/moseichuk/appdata/local/arduino15/packages/arduino/tools/arm-none-eabi-gcc/4.8.3-2014q1/bin/../lib/gcc/arm-none-eabi/4.8.3/../../../../arm-none-eabi/lib/armv6-m\libc_s.a(lib_a-findfp.o)
                0x00005edc                __sf_fake_stdout
 .rodata.__sf_fake_stderr
                0x00005efc       0x20 c:/users/moseichuk/appdata/local/arduino15/packages/arduino/tools/arm-none-eabi-gcc/4.8.3-2014q1/bin/../lib/gcc/arm-none-eabi/4.8.3/../../../../arm-none-eabi/lib/armv6-m\libc_s.a(lib_a-findfp.o)
                0x00005efc                __sf_fake_stderr
 *(.eh_frame*)
 .eh_frame      0x00005f1c        0x0 c:/users/moseichuk/appdata/local/arduino15/packages/arduino/tools/arm-none-eabi-gcc/4.8.3-2014q1/bin/../lib/gcc/arm-none-eabi/4.8.3/armv6-m/crtbegin.o
 .eh_frame      0x00005f1c        0x4 c:/users/moseichuk/appdata/local/arduino15/packages/arduino/tools/arm-none-eabi-gcc/4.8.3-2014q1/bin/../lib/gcc/arm-none-eabi/4.8.3/armv6-m/crtend.o

.glue_7         0x00005f20        0x0
 .glue_7        0x00000000        0x0 linker stubs

.glue_7t        0x00005f20        0x0
 .glue_7t       0x00000000        0x0 linker stubs

.vfp11_veneer   0x00005f20        0x0
 .vfp11_veneer  0x00000000        0x0 linker stubs

.v4_bx          0x00005f20        0x0
 .v4_bx         0x00000000        0x0 linker stubs

.iplt           0x00005f20        0x0
 .iplt          0x00000000        0x0 c:/users/moseichuk/appdata/local/arduino15/packages/arduino/tools/arm-none-eabi-gcc/4.8.3-2014q1/bin/../lib/gcc/arm-none-eabi/4.8.3/armv6-m/crtbegin.o

.rel.dyn        0x00005f20        0x0
 .rel.iplt      0x00000000        0x0 c:/users/moseichuk/appdata/local/arduino15/packages/arduino/tools/arm-none-eabi-gcc/4.8.3-2014q1/bin/../lib/gcc/arm-none-eabi/4.8.3/armv6-m/crtbegin.o

.ARM.extab
 *(.ARM.extab* .gnu.linkonce.armextab.*)
                0x00005f20                __exidx_start = .

.ARM.exidx
 *(.ARM.exidx* .gnu.linkonce.armexidx.*)
                0x00005f20                __exidx_end = .
                0x00005f20                __etext = .

.data           0x20000000      0x110 load address 0x00005f20
                0x20000000                __data_start__ = .
 *(vtable)
 *(.data*)
 .data._ZL14usb_task_state
                0x20000000        0x4 C:\Users\moseichuk\AppData\Local\Temp\VMBuilds\USB_Host_SAMD21_dev\arduino_zero_native\Release\USBHost\Usb.cpp.o
 .data.SystemCoreClock
                0x20000004        0x4 C:\Users\moseichuk\AppData\Local\Temp\VMBuilds\USB_Host_SAMD21_dev\arduino_zero_native\Release/core.a(wiring.c.o)
                0x20000004                SystemCoreClock
 .data._ZL5ticks
                0x20000008        0x4 C:\Users\moseichuk\AppData\Local\Temp\VMBuilds\USB_Host_SAMD21_dev\arduino_zero_native\Release/core.a(Reset.cpp.o)
 .data._ZL12_usbLineInfo
                0x2000000c        0x8 C:\Users\moseichuk\AppData\Local\Temp\VMBuilds\USB_Host_SAMD21_dev\arduino_zero_native\Release/core.a(CDC.cpp.o)
 .data._ZL10breakValue
                0x20000014        0x4 C:\Users\moseichuk\AppData\Local\Temp\VMBuilds\USB_Host_SAMD21_dev\arduino_zero_native\Release/core.a(CDC.cpp.o)
 .data._ZL13_cdcInterface
                0x20000018       0x42 C:\Users\moseichuk\AppData\Local\Temp\VMBuilds\USB_Host_SAMD21_dev\arduino_zero_native\Release/core.a(CDC.cpp.o)
 *fill*         0x2000005a        0x2 
 .data._serialPeek
                0x2000005c        0x4 C:\Users\moseichuk\AppData\Local\Temp\VMBuilds\USB_Host_SAMD21_dev\arduino_zero_native\Release/core.a(CDC.cpp.o)
                0x2000005c                _serialPeek
 .data.EndPoints
                0x20000060       0x28 C:\Users\moseichuk\AppData\Local\Temp\VMBuilds\USB_Host_SAMD21_dev\arduino_zero_native\Release/core.a(USBCore.cpp.o)
                0x20000060                EndPoints
 .data.impure_data
                0x20000088       0x60 c:/users/moseichuk/appdata/local/arduino15/packages/arduino/tools/arm-none-eabi-gcc/4.8.3-2014q1/bin/../lib/gcc/arm-none-eabi/4.8.3/../../../../arm-none-eabi/lib/armv6-m\libc_s.a(lib_a-impure.o)
 .data._impure_ptr
                0x200000e8        0x4 c:/users/moseichuk/appdata/local/arduino15/packages/arduino/tools/arm-none-eabi-gcc/4.8.3-2014q1/bin/../lib/gcc/arm-none-eabi/4.8.3/../../../../arm-none-eabi/lib/armv6-m\libc_s.a(lib_a-impure.o)
                0x200000e8                _impure_ptr
                0x200000ec                . = ALIGN (0x4)
                0x200000ec                PROVIDE (__preinit_array_start, .)
 *(.preinit_array)
                0x200000ec                PROVIDE (__preinit_array_end, .)
                0x200000ec                . = ALIGN (0x4)
                0x200000ec                PROVIDE (__init_array_start, .)
 *(SORT(.init_array.*))
 *(.init_array)
 .init_array    0x200000ec        0x4 c:/users/moseichuk/appdata/local/arduino15/packages/arduino/tools/arm-none-eabi-gcc/4.8.3-2014q1/bin/../lib/gcc/arm-none-eabi/4.8.3/armv6-m/crtbegin.o
 .init_array    0x200000f0        0x4 C:\Users\moseichuk\AppData\Local\Temp\VMBuilds\USB_Host_SAMD21_dev\arduino_zero_native\Release\USB_Host_SAMD21_dev.cpp.o
 .init_array    0x200000f4        0x4 C:\Users\moseichuk\AppData\Local\Temp\VMBuilds\USB_Host_SAMD21_dev\arduino_zero_native\Release\SPI\SPI.cpp.o
 .init_array    0x200000f8        0x4 C:\Users\moseichuk\AppData\Local\Temp\VMBuilds\USB_Host_SAMD21_dev\arduino_zero_native\Release\variant\variant.cpp.o
 .init_array    0x200000fc        0x4 C:\Users\moseichuk\AppData\Local\Temp\VMBuilds\USB_Host_SAMD21_dev\arduino_zero_native\Release/core.a(CDC.cpp.o)
 .init_array    0x20000100        0x4 C:\Users\moseichuk\AppData\Local\Temp\VMBuilds\USB_Host_SAMD21_dev\arduino_zero_native\Release/core.a(USBCore.cpp.o)
                0x20000104                PROVIDE (__init_array_end, .)
                0x20000104                . = ALIGN (0x4)
                0x20000104                PROVIDE (__fini_array_start, .)
 *(SORT(.fini_array.*))
 *(.fini_array)
 .fini_array    0x20000104        0x4 c:/users/moseichuk/appdata/local/arduino15/packages/arduino/tools/arm-none-eabi-gcc/4.8.3-2014q1/bin/../lib/gcc/arm-none-eabi/4.8.3/armv6-m/crtbegin.o
                0x20000108                PROVIDE (__fini_array_end, .)
 *(.jcr*)
 .jcr           0x20000108        0x0 c:/users/moseichuk/appdata/local/arduino15/packages/arduino/tools/arm-none-eabi-gcc/4.8.3-2014q1/bin/../lib/gcc/arm-none-eabi/4.8.3/armv6-m/crtbegin.o
 .jcr           0x20000108        0x4 c:/users/moseichuk/appdata/local/arduino15/packages/arduino/tools/arm-none-eabi-gcc/4.8.3-2014q1/bin/../lib/gcc/arm-none-eabi/4.8.3/armv6-m/crtend.o
                0x20000110                . = ALIGN (0x10)
 *fill*         0x2000010c        0x4 
                0x20000110                __data_end__ = .

.igot.plt       0x20000110        0x0 load address 0x00006030
 .igot.plt      0x00000000        0x0 c:/users/moseichuk/appdata/local/arduino15/packages/arduino/tools/arm-none-eabi-gcc/4.8.3-2014q1/bin/../lib/gcc/arm-none-eabi/4.8.3/armv6-m/crtbegin.o

.bss            0x20000110      0xb3c load address 0x00006030
                0x20000110                . = ALIGN (0x4)
                0x20000110                __bss_start__ = .
 *(.bss*)
 .bss           0x20000110       0x1c c:/users/moseichuk/appdata/local/arduino15/packages/arduino/tools/arm-none-eabi-gcc/4.8.3-2014q1/bin/../lib/gcc/arm-none-eabi/4.8.3/armv6-m/crtbegin.o
 .bss.Serial2   0x2000012c       0xbc C:\Users\moseichuk\AppData\Local\Temp\VMBuilds\USB_Host_SAMD21_dev\arduino_zero_native\Release\USB_Host_SAMD21_dev.cpp.o
                0x2000012c                Serial2
 .bss.adk       0x200001e8       0x58 C:\Users\moseichuk\AppData\Local\Temp\VMBuilds\USB_Host_SAMD21_dev\arduino_zero_native\Release\USB_Host_SAMD21_dev.cpp.o
                0x200001e8                adk
 .bss.usb       0x20000240      0x158 C:\Users\moseichuk\AppData\Local\Temp\VMBuilds\USB_Host_SAMD21_dev\arduino_zero_native\Release\USB_Host_SAMD21_dev.cpp.o
                0x20000240                usb
 .bss._ZL9usb_error
                0x20000398        0x4 C:\Users\moseichuk\AppData\Local\Temp\VMBuilds\USB_Host_SAMD21_dev\arduino_zero_native\Release\USBHost\Usb.cpp.o
 .bss._ZZN7USBHost4TaskEvE5delay
                0x2000039c        0x4 C:\Users\moseichuk\AppData\Local\Temp\VMBuilds\USB_Host_SAMD21_dev\arduino_zero_native\Release\USBHost\Usb.cpp.o
 .bss._ZL20DEFAULT_SPI_SETTINGS
                0x200003a0        0x8 C:\Users\moseichuk\AppData\Local\Temp\VMBuilds\USB_Host_SAMD21_dev\arduino_zero_native\Release\SPI\SPI.cpp.o
 .bss.SPI       0x200003a8       0x10 C:\Users\moseichuk\AppData\Local\Temp\VMBuilds\USB_Host_SAMD21_dev\arduino_zero_native\Release\SPI\SPI.cpp.o
                0x200003a8                SPI
 .bss.Serial    0x200003b8       0xbc C:\Users\moseichuk\AppData\Local\Temp\VMBuilds\USB_Host_SAMD21_dev\arduino_zero_native\Release\variant\variant.cpp.o
                0x200003b8                Serial
 .bss.Serial1   0x20000474       0xbc C:\Users\moseichuk\AppData\Local\Temp\VMBuilds\USB_Host_SAMD21_dev\arduino_zero_native\Release\variant\variant.cpp.o
                0x20000474                Serial1
 .bss.sercom3   0x20000530        0x4 C:\Users\moseichuk\AppData\Local\Temp\VMBuilds\USB_Host_SAMD21_dev\arduino_zero_native\Release\variant\variant.cpp.o
                0x20000530                sercom3
 .bss.sercom0   0x20000534        0x4 C:\Users\moseichuk\AppData\Local\Temp\VMBuilds\USB_Host_SAMD21_dev\arduino_zero_native\Release\variant\variant.cpp.o
                0x20000534                sercom0
 .bss.sercom1   0x20000538        0x4 C:\Users\moseichuk\AppData\Local\Temp\VMBuilds\USB_Host_SAMD21_dev\arduino_zero_native\Release\variant\variant.cpp.o
                0x20000538                sercom1
 .bss.sercom2   0x2000053c        0x4 C:\Users\moseichuk\AppData\Local\Temp\VMBuilds\USB_Host_SAMD21_dev\arduino_zero_native\Release\variant\variant.cpp.o
                0x2000053c                sercom2
 .bss.sercom4   0x20000540        0x4 C:\Users\moseichuk\AppData\Local\Temp\VMBuilds\USB_Host_SAMD21_dev\arduino_zero_native\Release\variant\variant.cpp.o
                0x20000540                sercom4
 .bss.sercom5   0x20000544        0x4 C:\Users\moseichuk\AppData\Local\Temp\VMBuilds\USB_Host_SAMD21_dev\arduino_zero_native\Release\variant\variant.cpp.o
                0x20000544                sercom5
 .bss.usb_isr   0x20000548        0x4 C:\Users\moseichuk\AppData\Local\Temp\VMBuilds\USB_Host_SAMD21_dev\arduino_zero_native\Release/core.a(cortex_handlers.c.o)
 .bss._ulTickCount
                0x2000054c        0x4 C:\Users\moseichuk\AppData\Local\Temp\VMBuilds\USB_Host_SAMD21_dev\arduino_zero_native\Release/core.a(delay.c.o)
 .bss.uhd_state
                0x20000550        0x1 C:\Users\moseichuk\AppData\Local\Temp\VMBuilds\USB_Host_SAMD21_dev\arduino_zero_native\Release/core.a(samd21_host.c.o)
 *fill*         0x20000551        0x3 
 .bss.SerialUSB
                0x20000554       0x1c C:\Users\moseichuk\AppData\Local\Temp\VMBuilds\USB_Host_SAMD21_dev\arduino_zero_native\Release/core.a(CDC.cpp.o)
                0x20000554                SerialUSB
 .bss._ZL14isEndpointHalt
                0x20000570        0x1 C:\Users\moseichuk\AppData\Local\Temp\VMBuilds\USB_Host_SAMD21_dev\arduino_zero_native\Release/core.a(USBCore.cpp.o)
 .bss._pack_buffer
                0x20000571      0x100 C:\Users\moseichuk\AppData\Local\Temp\VMBuilds\USB_Host_SAMD21_dev\arduino_zero_native\Release/core.a(USBCore.cpp.o)
                0x20000571                _pack_buffer
 *fill*         0x20000671        0x1 
 .bss._pack_size
                0x20000672        0x2 C:\Users\moseichuk\AppData\Local\Temp\VMBuilds\USB_Host_SAMD21_dev\arduino_zero_native\Release/core.a(USBCore.cpp.o)
                0x20000672                _pack_size
 .bss._ZL20LastTransmitTimedOut
                0x20000674        0x7 C:\Users\moseichuk\AppData\Local\Temp\VMBuilds\USB_Host_SAMD21_dev\arduino_zero_native\Release/core.a(USBCore.cpp.o)
 *fill*         0x2000067b        0x1 
 .bss._ZL22udd_ep_in_cache_buffer
                0x2000067c      0x1c0 C:\Users\moseichuk\AppData\Local\Temp\VMBuilds\USB_Host_SAMD21_dev\arduino_zero_native\Release/core.a(USBCore.cpp.o)
 .bss._ZL10txLEDPulse
                0x2000083c        0x1 C:\Users\moseichuk\AppData\Local\Temp\VMBuilds\USB_Host_SAMD21_dev\arduino_zero_native\Release/core.a(USBCore.cpp.o)
 *fill*         0x2000083d        0x3 
 .bss._ZL23udd_ep_out_cache_buffer
                0x20000840      0x1c0 C:\Users\moseichuk\AppData\Local\Temp\VMBuilds\USB_Host_SAMD21_dev\arduino_zero_native\Release/core.a(USBCore.cpp.o)
 .bss._ZL10epHandlers
                0x20000a00       0x1c C:\Users\moseichuk\AppData\Local\Temp\VMBuilds\USB_Host_SAMD21_dev\arduino_zero_native\Release/core.a(USBCore.cpp.o)
 .bss._pack_message
                0x20000a1c        0x1 C:\Users\moseichuk\AppData\Local\Temp\VMBuilds\USB_Host_SAMD21_dev\arduino_zero_native\Release/core.a(USBCore.cpp.o)
                0x20000a1c                _pack_message
 .bss._ZL21isRemoteWakeUpEnabled
                0x20000a1d        0x1 C:\Users\moseichuk\AppData\Local\Temp\VMBuilds\USB_Host_SAMD21_dev\arduino_zero_native\Release/core.a(USBCore.cpp.o)
 .bss._dry_run  0x20000a1e        0x1 C:\Users\moseichuk\AppData\Local\Temp\VMBuilds\USB_Host_SAMD21_dev\arduino_zero_native\Release/core.a(USBCore.cpp.o)
                0x20000a1e                _dry_run
 .bss.USBDevice
                0x20000a1f        0x1 C:\Users\moseichuk\AppData\Local\Temp\VMBuilds\USB_Host_SAMD21_dev\arduino_zero_native\Release/core.a(USBCore.cpp.o)
                0x20000a1f                USBDevice
 .bss._usbSetInterface
                0x20000a20        0x4 C:\Users\moseichuk\AppData\Local\Temp\VMBuilds\USB_Host_SAMD21_dev\arduino_zero_native\Release/core.a(USBCore.cpp.o)
                0x20000a20                _usbSetInterface
 .bss._ZL10rxLEDPulse
                0x20000a24        0x1 C:\Users\moseichuk\AppData\Local\Temp\VMBuilds\USB_Host_SAMD21_dev\arduino_zero_native\Release/core.a(USBCore.cpp.o)
 *fill*         0x20000a25        0x3 
 .bss.usbd      0x20000a28      0x104 C:\Users\moseichuk\AppData\Local\Temp\VMBuilds\USB_Host_SAMD21_dev\arduino_zero_native\Release/core.a(USBCore.cpp.o)
                0x20000a28                usbd
 .bss._usbConfiguration
                0x20000b2c        0x4 C:\Users\moseichuk\AppData\Local\Temp\VMBuilds\USB_Host_SAMD21_dev\arduino_zero_native\Release/core.a(USBCore.cpp.o)
                0x20000b2c                _usbConfiguration
 .bss._ZZ12PluggableUSBvE3obj
                0x20000b30        0x8 C:\Users\moseichuk\AppData\Local\Temp\VMBuilds\USB_Host_SAMD21_dev\arduino_zero_native\Release/core.a(PluggableUSB.cpp.o)
 .bss._ZGVZ12PluggableUSBvE3obj
                0x20000b38        0x4 C:\Users\moseichuk\AppData\Local\Temp\VMBuilds\USB_Host_SAMD21_dev\arduino_zero_native\Release/core.a(PluggableUSB.cpp.o)
 .bss.__malloc_sbrk_start
                0x20000b3c        0x4 c:/users/moseichuk/appdata/local/arduino15/packages/arduino/tools/arm-none-eabi-gcc/4.8.3-2014q1/bin/../lib/gcc/arm-none-eabi/4.8.3/../../../../arm-none-eabi/lib/armv6-m\libc_s.a(lib_a-nano-mallocr.o)
                0x20000b3c                __malloc_sbrk_start
 .bss.__malloc_free_list
                0x20000b40        0x4 c:/users/moseichuk/appdata/local/arduino15/packages/arduino/tools/arm-none-eabi-gcc/4.8.3-2014q1/bin/../lib/gcc/arm-none-eabi/4.8.3/../../../../arm-none-eabi/lib/armv6-m\libc_s.a(lib_a-nano-mallocr.o)
                0x20000b40                __malloc_free_list
 .bss.heap_end.4243
                0x20000b44        0x4 c:/users/moseichuk/appdata/local/arduino15/packages/arduino/tools/arm-none-eabi-gcc/4.8.3-2014q1/bin/../lib/gcc/arm-none-eabi/4.8.3/../../../../arm-none-eabi/lib/armv6-m\libnosys.a(sbrk.o)
 *(COMMON)
 COMMON         0x20000b48      0x100 C:\Users\moseichuk\AppData\Local\Temp\VMBuilds\USB_Host_SAMD21_dev\arduino_zero_native\Release/core.a(samd21_host.c.o)
                0x20000b48                usb_pipe_table
 COMMON         0x20000c48        0x4 c:/users/moseichuk/appdata/local/arduino15/packages/arduino/tools/arm-none-eabi-gcc/4.8.3-2014q1/bin/../lib/gcc/arm-none-eabi/4.8.3/../../../../arm-none-eabi/lib/armv6-m\libc_s.a(lib_a-reent.o)
                0x20000c48                errno
                0x20000c4c                . = ALIGN (0x4)
                0x20000c4c                __bss_end__ = .

.heap           0x20000c4c        0x0
                0x20000c4c                __end__ = .
                0x20000c4c                PROVIDE (end, .)
 *(.heap*)
                0x20000c4c                __HeapLimit = .

.stack_dummy    0x20000c4c        0x0
 *(.stack*)
                0x20008000                __StackTop = (ORIGIN (RAM) + 0x8000)
                0x20008000                __StackLimit = (__StackTop - SIZEOF (.stack_dummy))
                0x20008000                PROVIDE (__stack, __StackTop)
                0x20007fff                __ram_end__ = ((ORIGIN (RAM) + 0x8000) - 0x1)
                0x00000001                ASSERT ((__StackLimit >= __HeapLimit), region RAM overflowed with stack)
OUTPUT(C:\Users\moseichuk\AppData\Local\Temp\VMBuilds\USB_Host_SAMD21_dev\arduino_zero_native\Release/USB_Host_SAMD21_dev.ino.elf elf32-littlearm)

.ARM.attributes
                0x00000000       0x28
 .ARM.attributes
                0x00000000       0x1e c:/users/moseichuk/appdata/local/arduino15/packages/arduino/tools/arm-none-eabi-gcc/4.8.3-2014q1/bin/../lib/gcc/arm-none-eabi/4.8.3/armv6-m/crti.o
 .ARM.attributes
                0x0000001e       0x2c c:/users/moseichuk/appdata/local/arduino15/packages/arduino/tools/arm-none-eabi-gcc/4.8.3-2014q1/bin/../lib/gcc/arm-none-eabi/4.8.3/armv6-m/crtbegin.o
 .ARM.attributes
                0x0000004a       0x32 C:\Users\moseichuk\AppData\Local\Temp\VMBuilds\USB_Host_SAMD21_dev\arduino_zero_native\Release\USB_Host_SAMD21_dev.cpp.o
 .ARM.attributes
                0x0000007c       0x32 C:\Users\moseichuk\AppData\Local\Temp\VMBuilds\USB_Host_SAMD21_dev\arduino_zero_native\Release\USBHost\adk.cpp.o
 .ARM.attributes
                0x000000ae       0x32 C:\Users\moseichuk\AppData\Local\Temp\VMBuilds\USB_Host_SAMD21_dev\arduino_zero_native\Release\USBHost\parsetools.cpp.o
 .ARM.attributes
                0x000000e0       0x32 C:\Users\moseichuk\AppData\Local\Temp\VMBuilds\USB_Host_SAMD21_dev\arduino_zero_native\Release\USBHost\Usb.cpp.o
 .ARM.attributes
                0x00000112       0x32 C:\Users\moseichuk\AppData\Local\Temp\VMBuilds\USB_Host_SAMD21_dev\arduino_zero_native\Release\SPI\SPI.cpp.o
 .ARM.attributes
                0x00000144       0x32 C:\Users\moseichuk\AppData\Local\Temp\VMBuilds\USB_Host_SAMD21_dev\arduino_zero_native\Release\variant\variant.cpp.o
 .ARM.attributes
                0x00000176       0x32 C:\Users\moseichuk\AppData\Local\Temp\VMBuilds\USB_Host_SAMD21_dev\arduino_zero_native\Release/core.a(cortex_handlers.c.o)
 .ARM.attributes
                0x000001a8       0x32 C:\Users\moseichuk\AppData\Local\Temp\VMBuilds\USB_Host_SAMD21_dev\arduino_zero_native\Release/core.a(delay.c.o)
 .ARM.attributes
                0x000001da       0x32 C:\Users\moseichuk\AppData\Local\Temp\VMBuilds\USB_Host_SAMD21_dev\arduino_zero_native\Release/core.a(hooks.c.o)
 .ARM.attributes
                0x0000020c       0x32 C:\Users\moseichuk\AppData\Local\Temp\VMBuilds\USB_Host_SAMD21_dev\arduino_zero_native\Release/core.a(startup.c.o)
 .ARM.attributes
                0x0000023e       0x32 C:\Users\moseichuk\AppData\Local\Temp\VMBuilds\USB_Host_SAMD21_dev\arduino_zero_native\Release/core.a(wiring.c.o)
 .ARM.attributes
                0x00000270       0x32 C:\Users\moseichuk\AppData\Local\Temp\VMBuilds\USB_Host_SAMD21_dev\arduino_zero_native\Release/core.a(wiring_analog.c.o)
 .ARM.attributes
                0x000002a2       0x32 C:\Users\moseichuk\AppData\Local\Temp\VMBuilds\USB_Host_SAMD21_dev\arduino_zero_native\Release/core.a(wiring_digital.c.o)
 .ARM.attributes
                0x000002d4       0x32 C:\Users\moseichuk\AppData\Local\Temp\VMBuilds\USB_Host_SAMD21_dev\arduino_zero_native\Release/core.a(wiring_private.c.o)
 .ARM.attributes
                0x00000306       0x32 C:\Users\moseichuk\AppData\Local\Temp\VMBuilds\USB_Host_SAMD21_dev\arduino_zero_native\Release/core.a(samd21_host.c.o)
 .ARM.attributes
                0x00000338       0x32 C:\Users\moseichuk\AppData\Local\Temp\VMBuilds\USB_Host_SAMD21_dev\arduino_zero_native\Release/core.a(main.cpp.o)
 .ARM.attributes
                0x0000036a       0x32 C:\Users\moseichuk\AppData\Local\Temp\VMBuilds\USB_Host_SAMD21_dev\arduino_zero_native\Release/core.a(Print.cpp.o)
 .ARM.attributes
                0x0000039c       0x32 C:\Users\moseichuk\AppData\Local\Temp\VMBuilds\USB_Host_SAMD21_dev\arduino_zero_native\Release/core.a(Reset.cpp.o)
 .ARM.attributes
                0x000003ce       0x32 C:\Users\moseichuk\AppData\Local\Temp\VMBuilds\USB_Host_SAMD21_dev\arduino_zero_native\Release/core.a(SERCOM.cpp.o)
 .ARM.attributes
                0x00000400       0x32 C:\Users\moseichuk\AppData\Local\Temp\VMBuilds\USB_Host_SAMD21_dev\arduino_zero_native\Release/core.a(Uart.cpp.o)
 .ARM.attributes
                0x00000432       0x32 C:\Users\moseichuk\AppData\Local\Temp\VMBuilds\USB_Host_SAMD21_dev\arduino_zero_native\Release/core.a(CDC.cpp.o)
 .ARM.attributes
                0x00000464       0x32 C:\Users\moseichuk\AppData\Local\Temp\VMBuilds\USB_Host_SAMD21_dev\arduino_zero_native\Release/core.a(USBCore.cpp.o)
 .ARM.attributes
                0x00000496       0x32 C:\Users\moseichuk\AppData\Local\Temp\VMBuilds\USB_Host_SAMD21_dev\arduino_zero_native\Release/core.a(new.cpp.o)
 .ARM.attributes
                0x000004c8       0x32 C:\Users\moseichuk\AppData\Local\Temp\VMBuilds\USB_Host_SAMD21_dev\arduino_zero_native\Release/core.a(PluggableUSB.cpp.o)
 .ARM.attributes
                0x000004fa       0x1e c:/users/moseichuk/appdata/local/arduino15/packages/arduino/tools/arm-none-eabi-gcc/4.8.3-2014q1/bin/../lib/gcc/arm-none-eabi/4.8.3/armv6-m\libgcc.a(_thumb1_case_uqi.o)
 .ARM.attributes
                0x00000518       0x1e c:/users/moseichuk/appdata/local/arduino15/packages/arduino/tools/arm-none-eabi-gcc/4.8.3-2014q1/bin/../lib/gcc/arm-none-eabi/4.8.3/armv6-m\libgcc.a(_udivsi3.o)
 .ARM.attributes
                0x00000536       0x1e c:/users/moseichuk/appdata/local/arduino15/packages/arduino/tools/arm-none-eabi-gcc/4.8.3-2014q1/bin/../lib/gcc/arm-none-eabi/4.8.3/armv6-m\libgcc.a(_dvmd_tls.o)
 .ARM.attributes
                0x00000554       0x2c c:/users/moseichuk/appdata/local/arduino15/packages/arduino/tools/arm-none-eabi-gcc/4.8.3-2014q1/bin/../lib/gcc/arm-none-eabi/4.8.3/../../../../arm-none-eabi/lib/armv6-m\libc_s.a(lib_a-impure.o)
 .ARM.attributes
                0x00000580       0x2c c:/users/moseichuk/appdata/local/arduino15/packages/arduino/tools/arm-none-eabi-gcc/4.8.3-2014q1/bin/../lib/gcc/arm-none-eabi/4.8.3/../../../../arm-none-eabi/lib/armv6-m\libc_s.a(lib_a-init.o)
 .ARM.attributes
                0x000005ac       0x2c c:/users/moseichuk/appdata/local/arduino15/packages/arduino/tools/arm-none-eabi-gcc/4.8.3-2014q1/bin/../lib/gcc/arm-none-eabi/4.8.3/../../../../arm-none-eabi/lib/armv6-m\libc_s.a(lib_a-malloc.o)
 .ARM.attributes
                0x000005d8       0x2c c:/users/moseichuk/appdata/local/arduino15/packages/arduino/tools/arm-none-eabi-gcc/4.8.3-2014q1/bin/../lib/gcc/arm-none-eabi/4.8.3/../../../../arm-none-eabi/lib/armv6-m\libc_s.a(lib_a-memcpy-stub.o)
 .ARM.attributes
                0x00000604       0x2c c:/users/moseichuk/appdata/local/arduino15/packages/arduino/tools/arm-none-eabi-gcc/4.8.3-2014q1/bin/../lib/gcc/arm-none-eabi/4.8.3/../../../../arm-none-eabi/lib/armv6-m\libc_s.a(lib_a-memset.o)
 .ARM.attributes
                0x00000630       0x2c c:/users/moseichuk/appdata/local/arduino15/packages/arduino/tools/arm-none-eabi-gcc/4.8.3-2014q1/bin/../lib/gcc/arm-none-eabi/4.8.3/../../../../arm-none-eabi/lib/armv6-m\libc_s.a(lib_a-nano-mallocr.o)
 .ARM.attributes
                0x0000065c       0x2c c:/users/moseichuk/appdata/local/arduino15/packages/arduino/tools/arm-none-eabi-gcc/4.8.3-2014q1/bin/../lib/gcc/arm-none-eabi/4.8.3/../../../../arm-none-eabi/lib/armv6-m\libc_s.a(lib_a-sbrkr.o)
 .ARM.attributes
                0x00000688       0x2c c:/users/moseichuk/appdata/local/arduino15/packages/arduino/tools/arm-none-eabi-gcc/4.8.3-2014q1/bin/../lib/gcc/arm-none-eabi/4.8.3/../../../../arm-none-eabi/lib/armv6-m\libc_s.a(lib_a-strlen.o)
 .ARM.attributes
                0x000006b4       0x2c c:/users/moseichuk/appdata/local/arduino15/packages/arduino/tools/arm-none-eabi-gcc/4.8.3-2014q1/bin/../lib/gcc/arm-none-eabi/4.8.3/../../../../arm-none-eabi/lib/armv6-m\libc_s.a(lib_a-findfp.o)
 .ARM.attributes
                0x000006e0       0x2c c:/users/moseichuk/appdata/local/arduino15/packages/arduino/tools/arm-none-eabi-gcc/4.8.3-2014q1/bin/../lib/gcc/arm-none-eabi/4.8.3/../../../../arm-none-eabi/lib/armv6-m\libc_s.a(lib_a-reent.o)
 .ARM.attributes
                0x0000070c       0x2c c:/users/moseichuk/appdata/local/arduino15/packages/arduino/tools/arm-none-eabi-gcc/4.8.3-2014q1/bin/../lib/gcc/arm-none-eabi/4.8.3/../../../../arm-none-eabi/lib/armv6-m\libnosys.a(sbrk.o)
 .ARM.attributes
                0x00000738       0x2c c:/users/moseichuk/appdata/local/arduino15/packages/arduino/tools/arm-none-eabi-gcc/4.8.3-2014q1/bin/../lib/gcc/arm-none-eabi/4.8.3/armv6-m/crtend.o
 .ARM.attributes
                0x00000764       0x1e c:/users/moseichuk/appdata/local/arduino15/packages/arduino/tools/arm-none-eabi-gcc/4.8.3-2014q1/bin/../lib/gcc/arm-none-eabi/4.8.3/armv6-m/crtn.o

.comment        0x00000000       0x70
 .comment       0x00000000       0x70 C:\Users\moseichuk\AppData\Local\Temp\VMBuilds\USB_Host_SAMD21_dev\arduino_zero_native\Release\USB_Host_SAMD21_dev.cpp.o
                                 0x71 (size before relaxing)
 .comment       0x00000000       0x71 C:\Users\moseichuk\AppData\Local\Temp\VMBuilds\USB_Host_SAMD21_dev\arduino_zero_native\Release\USBHost\adk.cpp.o
 .comment       0x00000000       0x71 C:\Users\moseichuk\AppData\Local\Temp\VMBuilds\USB_Host_SAMD21_dev\arduino_zero_native\Release\USBHost\parsetools.cpp.o
 .comment       0x00000000       0x71 C:\Users\moseichuk\AppData\Local\Temp\VMBuilds\USB_Host_SAMD21_dev\arduino_zero_native\Release\USBHost\Usb.cpp.o
 .comment       0x00000000       0x71 C:\Users\moseichuk\AppData\Local\Temp\VMBuilds\USB_Host_SAMD21_dev\arduino_zero_native\Release\SPI\SPI.cpp.o
 .comment       0x00000000       0x71 C:\Users\moseichuk\AppData\Local\Temp\VMBuilds\USB_Host_SAMD21_dev\arduino_zero_native\Release\variant\variant.cpp.o
 .comment       0x00000000       0x71 C:\Users\moseichuk\AppData\Local\Temp\VMBuilds\USB_Host_SAMD21_dev\arduino_zero_native\Release/core.a(cortex_handlers.c.o)
 .comment       0x00000000       0x71 C:\Users\moseichuk\AppData\Local\Temp\VMBuilds\USB_Host_SAMD21_dev\arduino_zero_native\Release/core.a(delay.c.o)
 .comment       0x00000000       0x71 C:\Users\moseichuk\AppData\Local\Temp\VMBuilds\USB_Host_SAMD21_dev\arduino_zero_native\Release/core.a(hooks.c.o)
 .comment       0x00000000       0x71 C:\Users\moseichuk\AppData\Local\Temp\VMBuilds\USB_Host_SAMD21_dev\arduino_zero_native\Release/core.a(startup.c.o)
 .comment       0x00000000       0x71 C:\Users\moseichuk\AppData\Local\Temp\VMBuilds\USB_Host_SAMD21_dev\arduino_zero_native\Release/core.a(wiring.c.o)
 .comment       0x00000000       0x71 C:\Users\moseichuk\AppData\Local\Temp\VMBuilds\USB_Host_SAMD21_dev\arduino_zero_native\Release/core.a(wiring_analog.c.o)
 .comment       0x00000000       0x71 C:\Users\moseichuk\AppData\Local\Temp\VMBuilds\USB_Host_SAMD21_dev\arduino_zero_native\Release/core.a(wiring_digital.c.o)
 .comment       0x00000000       0x71 C:\Users\moseichuk\AppData\Local\Temp\VMBuilds\USB_Host_SAMD21_dev\arduino_zero_native\Release/core.a(wiring_private.c.o)
 .comment       0x00000000       0x71 C:\Users\moseichuk\AppData\Local\Temp\VMBuilds\USB_Host_SAMD21_dev\arduino_zero_native\Release/core.a(samd21_host.c.o)
 .comment       0x00000000       0x71 C:\Users\moseichuk\AppData\Local\Temp\VMBuilds\USB_Host_SAMD21_dev\arduino_zero_native\Release/core.a(main.cpp.o)
 .comment       0x00000000       0x71 C:\Users\moseichuk\AppData\Local\Temp\VMBuilds\USB_Host_SAMD21_dev\arduino_zero_native\Release/core.a(Print.cpp.o)
 .comment       0x00000000       0x71 C:\Users\moseichuk\AppData\Local\Temp\VMBuilds\USB_Host_SAMD21_dev\arduino_zero_native\Release/core.a(Reset.cpp.o)
 .comment       0x00000000       0x71 C:\Users\moseichuk\AppData\Local\Temp\VMBuilds\USB_Host_SAMD21_dev\arduino_zero_native\Release/core.a(SERCOM.cpp.o)
 .comment       0x00000000       0x71 C:\Users\moseichuk\AppData\Local\Temp\VMBuilds\USB_Host_SAMD21_dev\arduino_zero_native\Release/core.a(Uart.cpp.o)
 .comment       0x00000000       0x71 C:\Users\moseichuk\AppData\Local\Temp\VMBuilds\USB_Host_SAMD21_dev\arduino_zero_native\Release/core.a(CDC.cpp.o)
 .comment       0x00000000       0x71 C:\Users\moseichuk\AppData\Local\Temp\VMBuilds\USB_Host_SAMD21_dev\arduino_zero_native\Release/core.a(USBCore.cpp.o)
 .comment       0x00000000       0x71 C:\Users\moseichuk\AppData\Local\Temp\VMBuilds\USB_Host_SAMD21_dev\arduino_zero_native\Release/core.a(new.cpp.o)
 .comment       0x00000000       0x71 C:\Users\moseichuk\AppData\Local\Temp\VMBuilds\USB_Host_SAMD21_dev\arduino_zero_native\Release/core.a(PluggableUSB.cpp.o)

.debug_info     0x00000000    0x43138
 .debug_info    0x00000000     0x700b C:\Users\moseichuk\AppData\Local\Temp\VMBuilds\USB_Host_SAMD21_dev\arduino_zero_native\Release\USB_Host_SAMD21_dev.cpp.o
 .debug_info    0x0000700b     0x8076 C:\Users\moseichuk\AppData\Local\Temp\VMBuilds\USB_Host_SAMD21_dev\arduino_zero_native\Release\USBHost\adk.cpp.o
 .debug_info    0x0000f081      0x54b C:\Users\moseichuk\AppData\Local\Temp\VMBuilds\USB_Host_SAMD21_dev\arduino_zero_native\Release\USBHost\parsetools.cpp.o
 .debug_info    0x0000f5cc     0x4ba1 C:\Users\moseichuk\AppData\Local\Temp\VMBuilds\USB_Host_SAMD21_dev\arduino_zero_native\Release\USBHost\Usb.cpp.o
 .debug_info    0x0001416d     0x40d2 C:\Users\moseichuk\AppData\Local\Temp\VMBuilds\USB_Host_SAMD21_dev\arduino_zero_native\Release\SPI\SPI.cpp.o
 .debug_info    0x0001823f     0x551c C:\Users\moseichuk\AppData\Local\Temp\VMBuilds\USB_Host_SAMD21_dev\arduino_zero_native\Release\variant\variant.cpp.o
 .debug_info    0x0001d75b      0x4d6 C:\Users\moseichuk\AppData\Local\Temp\VMBuilds\USB_Host_SAMD21_dev\arduino_zero_native\Release/core.a(cortex_handlers.c.o)
 .debug_info    0x0001dc31      0x362 C:\Users\moseichuk\AppData\Local\Temp\VMBuilds\USB_Host_SAMD21_dev\arduino_zero_native\Release/core.a(delay.c.o)
 .debug_info    0x0001df93       0x60 C:\Users\moseichuk\AppData\Local\Temp\VMBuilds\USB_Host_SAMD21_dev\arduino_zero_native\Release/core.a(hooks.c.o)
 .debug_info    0x0001dff3     0x28ff C:\Users\moseichuk\AppData\Local\Temp\VMBuilds\USB_Host_SAMD21_dev\arduino_zero_native\Release/core.a(startup.c.o)
 .debug_info    0x000208f2     0x1ddc C:\Users\moseichuk\AppData\Local\Temp\VMBuilds\USB_Host_SAMD21_dev\arduino_zero_native\Release/core.a(wiring.c.o)
 .debug_info    0x000226ce     0x435b C:\Users\moseichuk\AppData\Local\Temp\VMBuilds\USB_Host_SAMD21_dev\arduino_zero_native\Release/core.a(wiring_analog.c.o)
 .debug_info    0x00026a29      0xb8f C:\Users\moseichuk\AppData\Local\Temp\VMBuilds\USB_Host_SAMD21_dev\arduino_zero_native\Release/core.a(wiring_digital.c.o)
 .debug_info    0x000275b8      0xb78 C:\Users\moseichuk\AppData\Local\Temp\VMBuilds\USB_Host_SAMD21_dev\arduino_zero_native\Release/core.a(wiring_private.c.o)
 .debug_info    0x00028130     0x33a2 C:\Users\moseichuk\AppData\Local\Temp\VMBuilds\USB_Host_SAMD21_dev\arduino_zero_native\Release/core.a(samd21_host.c.o)
 .debug_info    0x0002b4d2      0x7c2 C:\Users\moseichuk\AppData\Local\Temp\VMBuilds\USB_Host_SAMD21_dev\arduino_zero_native\Release/core.a(main.cpp.o)
 .debug_info    0x0002bc94     0x2758 C:\Users\moseichuk\AppData\Local\Temp\VMBuilds\USB_Host_SAMD21_dev\arduino_zero_native\Release/core.a(Print.cpp.o)
 .debug_info    0x0002e3ec      0x846 C:\Users\moseichuk\AppData\Local\Temp\VMBuilds\USB_Host_SAMD21_dev\arduino_zero_native\Release/core.a(Reset.cpp.o)