Archive member included because of file (symbol)

C:\Users\Alex\AppData\Local\Temp\VMBuilds\USB_Host_SAMD21\arduino_zero_native\Release/core.a(cortex_handlers.c.o)
                              (Reset_Handler)
C:\Users\Alex\AppData\Local\Temp\VMBuilds\USB_Host_SAMD21\arduino_zero_native\Release/core.a(delay.c.o)
                              C:\Users\Alex\AppData\Local\Temp\VMBuilds\USB_Host_SAMD21\arduino_zero_native\Release\USBHost\hiduniversal.cpp.o (millis)
C:\Users\Alex\AppData\Local\Temp\VMBuilds\USB_Host_SAMD21\arduino_zero_native\Release/core.a(hooks.c.o)
                              C:\Users\Alex\AppData\Local\Temp\VMBuilds\USB_Host_SAMD21\arduino_zero_native\Release/core.a(delay.c.o) (yield)
C:\Users\Alex\AppData\Local\Temp\VMBuilds\USB_Host_SAMD21\arduino_zero_native\Release/core.a(startup.c.o)
                              C:\Users\Alex\AppData\Local\Temp\VMBuilds\USB_Host_SAMD21\arduino_zero_native\Release/core.a(cortex_handlers.c.o) (SystemInit)
C:\Users\Alex\AppData\Local\Temp\VMBuilds\USB_Host_SAMD21\arduino_zero_native\Release/core.a(wiring.c.o)
                              C:\Users\Alex\AppData\Local\Temp\VMBuilds\USB_Host_SAMD21\arduino_zero_native\Release/core.a(startup.c.o) (SystemCoreClock)
C:\Users\Alex\AppData\Local\Temp\VMBuilds\USB_Host_SAMD21\arduino_zero_native\Release/core.a(wiring_analog.c.o)
                              C:\Users\Alex\AppData\Local\Temp\VMBuilds\USB_Host_SAMD21\arduino_zero_native\Release/core.a(wiring.c.o) (analogReference)
C:\Users\Alex\AppData\Local\Temp\VMBuilds\USB_Host_SAMD21\arduino_zero_native\Release/core.a(wiring_digital.c.o)
                              C:\Users\Alex\AppData\Local\Temp\VMBuilds\USB_Host_SAMD21\arduino_zero_native\Release/core.a(wiring.c.o) (pinMode)
C:\Users\Alex\AppData\Local\Temp\VMBuilds\USB_Host_SAMD21\arduino_zero_native\Release/core.a(wiring_private.c.o)
                              C:\Users\Alex\AppData\Local\Temp\VMBuilds\USB_Host_SAMD21\arduino_zero_native\Release/core.a(wiring_analog.c.o) (pinPeripheral)
C:\Users\Alex\AppData\Local\Temp\VMBuilds\USB_Host_SAMD21\arduino_zero_native\Release/core.a(samd21_host.c.o)
                              C:\Users\Alex\AppData\Local\Temp\VMBuilds\USB_Host_SAMD21\arduino_zero_native\Release\USBHost\Usb.cpp.o (UHD_Init)
C:\Users\Alex\AppData\Local\Temp\VMBuilds\USB_Host_SAMD21\arduino_zero_native\Release/core.a(abi.cpp.o)
                              C:\Users\Alex\AppData\Local\Temp\VMBuilds\USB_Host_SAMD21\arduino_zero_native\Release\USBHost\adk.cpp.o (__cxa_pure_virtual)
C:\Users\Alex\AppData\Local\Temp\VMBuilds\USB_Host_SAMD21\arduino_zero_native\Release/core.a(main.cpp.o)
                              c:/users/alex/appdata/local/arduino15/packages/arduino/tools/arm-none-eabi-gcc/4.8.3-2014q1/bin/../lib/gcc/arm-none-eabi/4.8.3/../../../../arm-none-eabi/lib/armv6-m/crt0.o (main)
C:\Users\Alex\AppData\Local\Temp\VMBuilds\USB_Host_SAMD21\arduino_zero_native\Release/core.a(Print.cpp.o)
                              C:\Users\Alex\AppData\Local\Temp\VMBuilds\USB_Host_SAMD21\arduino_zero_native\Release\USB_Host_SAMD21.cpp.o (Print::print(char const*))
C:\Users\Alex\AppData\Local\Temp\VMBuilds\USB_Host_SAMD21\arduino_zero_native\Release/core.a(Reset.cpp.o)
                              C:\Users\Alex\AppData\Local\Temp\VMBuilds\USB_Host_SAMD21\arduino_zero_native\Release/core.a(delay.c.o) (tickReset)
C:\Users\Alex\AppData\Local\Temp\VMBuilds\USB_Host_SAMD21\arduino_zero_native\Release/core.a(SERCOM.cpp.o)
                              C:\Users\Alex\AppData\Local\Temp\VMBCore\arduino16x\f4e4fb79301fbd088d63ca0524c96428\variant\variant.cpp.o (SERCOM::SERCOM(Sercom*))
C:\Users\Alex\AppData\Local\Temp\VMBuilds\USB_Host_SAMD21\arduino_zero_native\Release/core.a(Uart.cpp.o)
                              C:\Users\Alex\AppData\Local\Temp\VMBCore\arduino16x\f4e4fb79301fbd088d63ca0524c96428\variant\variant.cpp.o (Uart::Uart(SERCOM*, unsigned char, unsigned char, SercomRXPad, SercomUartTXPad))
C:\Users\Alex\AppData\Local\Temp\VMBuilds\USB_Host_SAMD21\arduino_zero_native\Release/core.a(CDC.cpp.o)
                              C:\Users\Alex\AppData\Local\Temp\VMBuilds\USB_Host_SAMD21\arduino_zero_native\Release\USB_Host_SAMD21.cpp.o (Serial_::begin(unsigned long))
C:\Users\Alex\AppData\Local\Temp\VMBuilds\USB_Host_SAMD21\arduino_zero_native\Release/core.a(USBCore.cpp.o)
                              C:\Users\Alex\AppData\Local\Temp\VMBuilds\USB_Host_SAMD21\arduino_zero_native\Release/core.a(main.cpp.o) (USBDeviceClass::init())
C:\Users\Alex\AppData\Local\Temp\VMBuilds\USB_Host_SAMD21\arduino_zero_native\Release/core.a(new.cpp.o)
                              C:\Users\Alex\AppData\Local\Temp\VMBuilds\USB_Host_SAMD21\arduino_zero_native\Release/core.a(USBCore.cpp.o) (operator new(unsigned int))
C:\Users\Alex\AppData\Local\Temp\VMBuilds\USB_Host_SAMD21\arduino_zero_native\Release/core.a(PluggableUSB.cpp.o)
[...]
Memory Configuration

Name             Origin             Length             Attributes
FLASH            0x00002000         0x0003e000         xr
RAM              0x20000000         0x00008000         xrw
*default*        0x00000000         0xffffffff

Linker script and memory map

LOAD c:/users/alex/appdata/local/arduino15/packages/arduino/tools/arm-none-eabi-gcc/4.8.3-2014q1/bin/../lib/gcc/arm-none-eabi/4.8.3/armv6-m/crti.o
LOAD c:/users/alex/appdata/local/arduino15/packages/arduino/tools/arm-none-eabi-gcc/4.8.3-2014q1/bin/../lib/gcc/arm-none-eabi/4.8.3/armv6-m/crtbegin.o
LOAD c:/users/alex/appdata/local/arduino15/packages/arduino/tools/arm-none-eabi-gcc/4.8.3-2014q1/bin/../lib/gcc/arm-none-eabi/4.8.3/../../../../arm-none-eabi/lib/armv6-m/crt0.o
LOAD C:\Users\Alex\AppData\Local\Temp\VMBuilds\USB_Host_SAMD21\arduino_zero_native\Release\USB_Host_SAMD21.cpp.o
LOAD C:\Users\Alex\AppData\Local\Temp\VMBuilds\USB_Host_SAMD21\arduino_zero_native\Release\USBHost\adk.cpp.o
LOAD C:\Users\Alex\AppData\Local\Temp\VMBuilds\USB_Host_SAMD21\arduino_zero_native\Release\USBHost\hid.cpp.o
LOAD C:\Users\Alex\AppData\Local\Temp\VMBuilds\USB_Host_SAMD21\arduino_zero_native\Release\USBHost\hidboot.cpp.o
LOAD C:\Users\Alex\AppData\Local\Temp\VMBuilds\USB_Host_SAMD21\arduino_zero_native\Release\USBHost\hidescriptorparser.cpp.o
LOAD C:\Users\Alex\AppData\Local\Temp\VMBuilds\USB_Host_SAMD21\arduino_zero_native\Release\USBHost\hiduniversal.cpp.o
LOAD C:\Users\Alex\AppData\Local\Temp\VMBuilds\USB_Host_SAMD21\arduino_zero_native\Release\USBHost\KeyboardController.cpp.o
LOAD C:\Users\Alex\AppData\Local\Temp\VMBuilds\USB_Host_SAMD21\arduino_zero_native\Release\USBHost\message.cpp.o
LOAD C:\Users\Alex\AppData\Local\Temp\VMBuilds\USB_Host_SAMD21\arduino_zero_native\Release\USBHost\MouseController.cpp.o
LOAD C:\Users\Alex\AppData\Local\Temp\VMBuilds\USB_Host_SAMD21\arduino_zero_native\Release\USBHost\parsetools.cpp.o
LOAD C:\Users\Alex\AppData\Local\Temp\VMBuilds\USB_Host_SAMD21\arduino_zero_native\Release\USBHost\Usb.cpp.o
LOAD C:\Users\Alex\AppData\Local\Temp\VMBuilds\USB_Host_SAMD21\arduino_zero_native\Release\USBHost\usbhub.cpp.o
LOAD C:\Users\Alex\AppData\Local\Temp\VMBCore\arduino16x\f4e4fb79301fbd088d63ca0524c96428\variant\variant.cpp.o
START GROUP
LOAD C:\Users\Alex\AppData\Local\arduino15\packages\arduino\tools\CMSIS\4.5.0/CMSIS/Lib/GCC/\libarm_cortexM0l_math.a
LOAD c:/users/alex/appdata/local/arduino15/packages/arduino/tools/arm-none-eabi-gcc/4.8.3-2014q1/bin/../lib/gcc/arm-none-eabi/4.8.3/../../../../arm-none-eabi/lib/armv6-m\libm.a
LOAD C:\Users\Alex\AppData\Local\Temp\VMBuilds\USB_Host_SAMD21\arduino_zero_native\Release/core.a
END GROUP
START GROUP
LOAD c:/users/alex/appdata/local/arduino15/packages/arduino/tools/arm-none-eabi-gcc/4.8.3-2014q1/bin/../lib/gcc/arm-none-eabi/4.8.3/armv6-m\libgcc.a
LOAD c:/users/alex/appdata/local/arduino15/packages/arduino/tools/arm-none-eabi-gcc/4.8.3-2014q1/bin/../lib/gcc/arm-none-eabi/4.8.3/../../../../arm-none-eabi/lib/armv6-m\libc_s.a
END GROUP
START GROUP
LOAD c:/users/alex/appdata/local/arduino15/packages/arduino/tools/arm-none-eabi-gcc/4.8.3-2014q1/bin/../lib/gcc/arm-none-eabi/4.8.3/armv6-m\libgcc.a
LOAD c:/users/alex/appdata/local/arduino15/packages/arduino/tools/arm-none-eabi-gcc/4.8.3-2014q1/bin/../lib/gcc/arm-none-eabi/4.8.3/../../../../arm-none-eabi/lib/armv6-m\libc_s.a
LOAD c:/users/alex/appdata/local/arduino15/packages/arduino/tools/arm-none-eabi-gcc/4.8.3-2014q1/bin/../lib/gcc/arm-none-eabi/4.8.3/../../../../arm-none-eabi/lib/armv6-m\libnosys.a
END GROUP
START GROUP
LOAD c:/users/alex/appdata/local/arduino15/packages/arduino/tools/arm-none-eabi-gcc/4.8.3-2014q1/bin/../lib/gcc/arm-none-eabi/4.8.3/armv6-m\libgcc.a
LOAD c:/users/alex/appdata/local/arduino15/packages/arduino/tools/arm-none-eabi-gcc/4.8.3-2014q1/bin/../lib/gcc/arm-none-eabi/4.8.3/../../../../arm-none-eabi/lib/armv6-m\libc_s.a
LOAD c:/users/alex/appdata/local/arduino15/packages/arduino/tools/arm-none-eabi-gcc/4.8.3-2014q1/bin/../lib/gcc/arm-none-eabi/4.8.3/../../../../arm-none-eabi/lib/armv6-m\libnosys.a
END GROUP
LOAD c:/users/alex/appdata/local/arduino15/packages/arduino/tools/arm-none-eabi-gcc/4.8.3-2014q1/bin/../lib/gcc/arm-none-eabi/4.8.3/armv6-m/crtend.o
LOAD c:/users/alex/appdata/local/arduino15/packages/arduino/tools/arm-none-eabi-gcc/4.8.3-2014q1/bin/../lib/gcc/arm-none-eabi/4.8.3/armv6-m/crtn.o

.text           0x00002000     0x3e58
                0x00002000                __text_start__ = .
 *(.sketch_boot)
                0x00002000                . = ALIGN (0x2000)
 *(.isr_vector)
 .isr_vector    0x00002000       0xb4 C:\Users\Alex\AppData\Local\Temp\VMBuilds\USB_Host_SAMD21\arduino_zero_native\Release/core.a(cortex_handlers.c.o)
                0x00002000                exception_table
 *(.text*)
 .text          0x000020b4       0x60 c:/users/alex/appdata/local/arduino15/packages/arduino/tools/arm-none-eabi-gcc/4.8.3-2014q1/bin/../lib/gcc/arm-none-eabi/4.8.3/armv6-m/crtbegin.o
 .text.setup    0x00002114       0x4c C:\Users\Alex\AppData\Local\Temp\VMBuilds\USB_Host_SAMD21\arduino_zero_native\Release\USB_Host_SAMD21.cpp.o
                0x00002114                setup
 .text.loop     0x00002160       0x8c C:\Users\Alex\AppData\Local\Temp\VMBuilds\USB_Host_SAMD21\arduino_zero_native\Release\USB_Host_SAMD21.cpp.o
                0x00002160                loop
 .text.startup._GLOBAL__sub_I_usb
                0x000021ec       0x48 C:\Users\Alex\AppData\Local\Temp\VMBuilds\USB_Host_SAMD21\arduino_zero_native\Release\USB_Host_SAMD21.cpp.o
 .text._ZN15USBDeviceConfig12ResetHubPortEm
                0x00002234        0x2 C:\Users\Alex\AppData\Local\Temp\VMBuilds\USB_Host_SAMD21\arduino_zero_native\Release\USBHost\adk.cpp.o
                0x00002234                USBDeviceConfig::ResetHubPort(unsigned long)
 .text._ZN15USBDeviceConfig10DEVCLASSOKEm
                0x00002236        0x4 C:\Users\Alex\AppData\Local\Temp\VMBuilds\USB_Host_SAMD21\arduino_zero_native\Release\USBHost\adk.cpp.o
                0x00002236                USBDeviceConfig::DEVCLASSOK(unsigned long)
 .text._ZN3ADK4PollEv
                0x0000223a        0x4 C:\Users\Alex\AppData\Local\Temp\VMBuilds\USB_Host_SAMD21\arduino_zero_native\Release\USBHost\adk.cpp.o
                0x0000223a                ADK::Poll()
 .text._ZN3ADK10GetAddressEv
                0x0000223e        0x4 C:\Users\Alex\AppData\Local\Temp\VMBuilds\USB_Host_SAMD21\arduino_zero_native\Release\USBHost\adk.cpp.o
                0x0000223e                ADK::GetAddress()
 .text._ZN3ADK7isReadyEv
                0x00002242        0x4 C:\Users\Alex\AppData\Local\Temp\VMBuilds\USB_Host_SAMD21\arduino_zero_native\Release\USBHost\adk.cpp.o
                0x00002242                ADK::isReady()
 *fill*         0x00002246        0x2 
 .text._ZN3ADK8VIDPIDOKEmm
                0x00002248       0x1c C:\Users\Alex\AppData\Local\Temp\VMBuilds\USB_Host_SAMD21\arduino_zero_native\Release\USBHost\adk.cpp.o
                0x00002248                ADK::VIDPIDOK(unsigned long, unsigned long)
 .text._ZN3ADK15ConfigureDeviceEmmm
                0x00002264        0xa C:\Users\Alex\AppData\Local\Temp\VMBuilds\USB_Host_SAMD21\arduino_zero_native\Release\USBHost\adk.cpp.o
                0x00002264                ADK::ConfigureDevice(unsigned long, unsigned long, unsigned long)
 .text._ZN3ADK14EndpointXtractEmmmmPK23USB_ENDPOINT_DESCRIPTOR
                0x0000226e       0x40 C:\Users\Alex\AppData\Local\Temp\VMBuilds\USB_Host_SAMD21\arduino_zero_native\Release\USBHost\adk.cpp.o
                0x0000226e                ADK::EndpointXtract(unsigned long, unsigned long, unsigned long, unsigned long, USB_ENDPOINT_DESCRIPTOR const*)
 *fill*         0x000022ae        0x2 
 .text._ZThn4_N3ADK14EndpointXtractEmmmmPK23USB_ENDPOINT_DESCRIPTOR
                0x000022b0       0x10 C:\Users\Alex\AppData\Local\Temp\VMBuilds\USB_Host_SAMD21\arduino_zero_native\Release\USBHost\adk.cpp.o
                0x000022b0                non-virtual thunk to ADK::EndpointXtract(unsigned long, unsigned long, unsigned long, unsigned long, USB_ENDPOINT_DESCRIPTOR const*)
 .text._ZN3ADK7ReleaseEv
                0x000022c0       0x1a C:\Users\Alex\AppData\Local\Temp\VMBuilds\USB_Host_SAMD21\arduino_zero_native\Release\USBHost\adk.cpp.o
                0x000022c0                ADK::Release()
 .text._ZN16ConfigDescParserILh0ELh0ELh0ELh0EE5ParseEmPKhRKm
                0x000022da      0x174 C:\Users\Alex\AppData\Local\Temp\VMBuilds\USB_Host_SAMD21\arduino_zero_native\Release\USBHost\adk.cpp.o
                0x000022da                ConfigDescParser<(unsigned char)0, (unsigned char)0, (unsigned char)0, (unsigned char)0>::Parse(unsigned long, unsigned char const*, unsigned long const&)
 .text._ZN3ADK8getProtoEPh
                0x0000244e       0x2c C:\Users\Alex\AppData\Local\Temp\VMBuilds\USB_Host_SAMD21\arduino_zero_native\Release\USBHost\adk.cpp.o
                0x0000244e                ADK::getProto(unsigned char*)
 .text._ZN3ADK7sendStrEmPKc
                0x0000247a       0x3c C:\Users\Alex\AppData\Local\Temp\VMBuilds\USB_Host_SAMD21\arduino_zero_native\Release\USBHost\adk.cpp.o
                0x0000247a                ADK::sendStr(unsigned long, char const*)
 *fill*         0x000024b6        0x2 
 .text._ZN3ADK4InitEmmm
                0x000024b8      0x28c C:\Users\Alex\AppData\Local\Temp\VMBuilds\USB_Host_SAMD21\arduino_zero_native\Release\USBHost\adk.cpp.o
                0x000024b8                ADK::Init(unsigned long, unsigned long, unsigned long)
 .text._ZN3ADKC2EP7USBHostPKcS3_S3_S3_S3_S3_
                0x00002744       0xb0 C:\Users\Alex\AppData\Local\Temp\VMBuilds\USB_Host_SAMD21\arduino_zero_native\Release\USBHost\adk.cpp.o
                0x00002744                ADK::ADK(USBHost*, char const*, char const*, char const*, char const*, char const*, char const*)
                0x00002744                ADK::ADK(USBHost*, char const*, char const*, char const*, char const*, char const*, char const*)
 .text._ZN3ADK7RcvDataEPhS0_
                0x000027f4       0x16 C:\Users\Alex\AppData\Local\Temp\VMBuilds\USB_Host_SAMD21\arduino_zero_native\Release\USBHost\adk.cpp.o
                0x000027f4                ADK::RcvData(unsigned char*, unsigned char*)
 .text._ZN3ADK7SndDataEmPh
                0x0000280a       0x16 C:\Users\Alex\AppData\Local\Temp\VMBuilds\USB_Host_SAMD21\arduino_zero_native\Release\USBHost\adk.cpp.o
                0x0000280a                ADK::SndData(unsigned long, unsigned char*)
 .text._ZN20MultiByteValueParser5ParseEPPhPm
                0x00002820       0x3e C:\Users\Alex\AppData\Local\Temp\VMBuilds\USB_Host_SAMD21\arduino_zero_native\Release\USBHost\parsetools.cpp.o
                0x00002820                MultiByteValueParser::Parse(unsigned char**, unsigned long*)
 *fill*         0x0000285e        0x2 
 .text._ZN7USBHostC2Ev
                0x00002860       0x4c C:\Users\Alex\AppData\Local\Temp\VMBuilds\USB_Host_SAMD21\arduino_zero_native\Release\USBHost\Usb.cpp.o
                0x00002860                USBHost::USBHost()
                0x00002860                USBHost::USBHost()
 .text._ZN7USBHost4InitEv
                0x000028ac       0x12 C:\Users\Alex\AppData\Local\Temp\VMBuilds\USB_Host_SAMD21\arduino_zero_native\Release\USBHost\Usb.cpp.o
                0x000028ac                USBHost::Init()
 *fill*         0x000028be        0x2 
 .text._ZN7USBHost11dispatchPktEmmm
                0x000028c0       0xa8 C:\Users\Alex\AppData\Local\Temp\VMBuilds\USB_Host_SAMD21\arduino_zero_native\Release\USBHost\Usb.cpp.o
                0x000028c0                USBHost::dispatchPkt(unsigned long, unsigned long, unsigned long)
 .text._ZN7USBHost10InTransferEP6EpInfomPhS2_
                0x00002968       0xf8 C:\Users\Alex\AppData\Local\Temp\VMBuilds\USB_Host_SAMD21\arduino_zero_native\Release\USBHost\Usb.cpp.o
                0x00002968                USBHost::InTransfer(EpInfo*, unsigned long, unsigned char*, unsigned char*)
 .text._ZN7USBHost11OutTransferEP6EpInfommPh
                0x00002a60       0xd0 C:\Users\Alex\AppData\Local\Temp\VMBuilds\USB_Host_SAMD21\arduino_zero_native\Release\USBHost\Usb.cpp.o
                0x00002a60                USBHost::OutTransfer(EpInfo*, unsigned long, unsigned long, unsigned char*)
 .text._ZN7USBHost13AttemptConfigEmmmm
                0x00002b30       0xc4 C:\Users\Alex\AppData\Local\Temp\VMBuilds\USB_Host_SAMD21\arduino_zero_native\Release\USBHost\Usb.cpp.o
                0x00002b30                USBHost::AttemptConfig(unsigned long, unsigned long, unsigned long, unsigned long)
 .text._ZN15AddressPoolImplILm16EE16FindAddressIndexEm
                0x00002bf4       0x1a C:\Users\Alex\AppData\Local\Temp\VMBuilds\USB_Host_SAMD21\arduino_zero_native\Release\USBHost\Usb.cpp.o
                0x00002bf4                AddressPoolImpl<16ul>::FindAddressIndex(unsigned long)
 .text._ZN15AddressPoolImplILm16EE12AllocAddressEmmm
                0x00002c0e       0x84 C:\Users\Alex\AppData\Local\Temp\VMBuilds\USB_Host_SAMD21\arduino_zero_native\Release\USBHost\Usb.cpp.o
                0x00002c0e                AddressPoolImpl<16ul>::AllocAddress(unsigned long, unsigned long, unsigned long)
 .text._ZN15AddressPoolImplILm16EE15GetUsbDevicePtrEm
                0x00002c92       0x22 C:\Users\Alex\AppData\Local\Temp\VMBuilds\USB_Host_SAMD21\arduino_zero_native\Release\USBHost\Usb.cpp.o
                0x00002c92                AddressPoolImpl<16ul>::GetUsbDevicePtr(unsigned long)
 .text._ZN7USBHost14getEpInfoEntryEmm
                0x00002cb4       0x2e C:\Users\Alex\AppData\Local\Temp\VMBuilds\USB_Host_SAMD21\arduino_zero_native\Release\USBHost\Usb.cpp.o
                0x00002cb4                USBHost::getEpInfoEntry(unsigned long, unsigned long)
 .text._ZN7USBHost14setEpInfoEntryEmmP6EpInfo
                0x00002ce2       0x20 C:\Users\Alex\AppData\Local\Temp\VMBuilds\USB_Host_SAMD21\arduino_zero_native\Release\USBHost\Usb.cpp.o
                0x00002ce2                USBHost::setEpInfoEntry(unsigned long, unsigned long, EpInfo*)
 *fill*         0x00002d02        0x2 
 .text._ZN7USBHost14SetPipeAddressEmmPP6EpInfoRm
                0x00002d04       0x68 C:\Users\Alex\AppData\Local\Temp\VMBuilds\USB_Host_SAMD21\arduino_zero_native\Release\USBHost\Usb.cpp.o
                0x00002d04                USBHost::SetPipeAddress(unsigned long, unsigned long, EpInfo**, unsigned long&)
 .text._ZN7USBHost7ctrlReqEmmhhhhttmPhP13USBReadParser
                0x00002d6c      0x12c C:\Users\Alex\AppData\Local\Temp\VMBuilds\USB_Host_SAMD21\arduino_zero_native\Release\USBHost\Usb.cpp.o
                0x00002d6c                USBHost::ctrlReq(unsigned long, unsigned long, unsigned char, unsigned char, unsigned char, unsigned char, unsigned short, unsigned short, unsigned long, unsigned char*, USBReadParser*)
 .text._ZN7USBHost11getDevDescrEmmmPh
                0x00002e98       0x28 C:\Users\Alex\AppData\Local\Temp\VMBuilds\USB_Host_SAMD21\arduino_zero_native\Release\USBHost\Usb.cpp.o
                0x00002e98                USBHost::getDevDescr(unsigned long, unsigned long, unsigned long, unsigned char*)
 .text._ZN7USBHost12getConfDescrEmmmmPh
                0x00002ec0       0x2c C:\Users\Alex\AppData\Local\Temp\VMBuilds\USB_Host_SAMD21\arduino_zero_native\Release\USBHost\Usb.cpp.o
                0x00002ec0                USBHost::getConfDescr(unsigned long, unsigned long, unsigned long, unsigned long, unsigned char*)
 .text._ZN7USBHost12getConfDescrEmmmP13USBReadParser
                0x00002eec       0x4a C:\Users\Alex\AppData\Local\Temp\VMBuilds\USB_Host_SAMD21\arduino_zero_native\Release\USBHost\Usb.cpp.o
                0x00002eec                USBHost::getConfDescr(unsigned long, unsigned long, unsigned long, USBReadParser*)
 .text._ZN7USBHost7setAddrEmmm
                0x00002f36       0x2e C:\Users\Alex\AppData\Local\Temp\VMBuilds\USB_Host_SAMD21\arduino_zero_native\Release\USBHost\Usb.cpp.o
                0x00002f36                USBHost::setAddr(unsigned long, unsigned long, unsigned long)
 .text._ZN7USBHost7setConfEmmm
                0x00002f64       0x22 C:\Users\Alex\AppData\Local\Temp\VMBuilds\USB_Host_SAMD21\arduino_zero_native\Release\USBHost\Usb.cpp.o
                0x00002f64                USBHost::setConf(unsigned long, unsigned long, unsigned long)
 .text._ZN7USBHost10inTransferEmmPhS0_
                0x00002f86       0x32 C:\Users\Alex\AppData\Local\Temp\VMBuilds\USB_Host_SAMD21\arduino_zero_native\Release\USBHost\Usb.cpp.o
                0x00002f86                USBHost::inTransfer(unsigned long, unsigned long, unsigned char*, unsigned char*)
 .text._ZN7USBHost11outTransferEmmmPh
                0x00002fb8       0x32 C:\Users\Alex\AppData\Local\Temp\VMBuilds\USB_Host_SAMD21\arduino_zero_native\Release\USBHost\Usb.cpp.o
                0x00002fb8                USBHost::outTransfer(unsigned long, unsigned long, unsigned long, unsigned char*)
 .text._ZN15AddressPoolImplILm16EE18FreeAddressByIndexEm
                0x00002fea       0x5c C:\Users\Alex\AppData\Local\Temp\VMBuilds\USB_Host_SAMD21\arduino_zero_native\Release\USBHost\Usb.cpp.o
                0x00002fea                AddressPoolImpl<16ul>::FreeAddressByIndex(unsigned long)
 .text._ZN15AddressPoolImplILm16EE11FreeAddressEm
                0x00003046       0x34 C:\Users\Alex\AppData\Local\Temp\VMBuilds\USB_Host_SAMD21\arduino_zero_native\Release\USBHost\Usb.cpp.o
                0x00003046                AddressPoolImpl<16ul>::FreeAddress(unsigned long)
 .text._ZN7USBHost17DefaultAddressingEmmm
                0x0000307a       0x62 C:\Users\Alex\AppData\Local\Temp\VMBuilds\USB_Host_SAMD21\arduino_zero_native\Release\USBHost\Usb.cpp.o
                0x0000307a                USBHost::DefaultAddressing(unsigned long, unsigned long, unsigned long)
 .text._ZN7USBHost11ConfiguringEmmm
                0x000030dc      0x11e C:\Users\Alex\AppData\Local\Temp\VMBuilds\USB_Host_SAMD21\arduino_zero_native\Release\USBHost\Usb.cpp.o
                0x000030dc                USBHost::Configuring(unsigned long, unsigned long, unsigned long)
 *fill*         0x000031fa        0x2 
 .text._ZN7USBHost4TaskEv
                0x000031fc      0x144 C:\Users\Alex\AppData\Local\Temp\VMBuilds\USB_Host_SAMD21\arduino_zero_native\Release\USBHost\Usb.cpp.o
                0x000031fc                USBHost::Task()
 .text.SERCOM0_Handler
                0x00003340       0x10 C:\Users\Alex\AppData\Local\Temp\VMBCore\arduino16x\f4e4fb79301fbd088d63ca0524c96428\variant\variant.cpp.o
                0x00003340                SERCOM0_Handler
 .text.SERCOM5_Handler
                0x00003350       0x10 C:\Users\Alex\AppData\Local\Temp\VMBCore\arduino16x\f4e4fb79301fbd088d63ca0524c96428\variant\variant.cpp.o
                0x00003350                SERCOM5_Handler
 .text.startup._GLOBAL__sub_I_g_APinDescription
                0x00003360       0x94 C:\Users\Alex\AppData\Local\Temp\VMBCore\arduino16x\f4e4fb79301fbd088d63ca0524c96428\variant\variant.cpp.o
 .text.Dummy_Handler
                0x000033f4        0x2 C:\Users\Alex\AppData\Local\Temp\VMBuilds\USB_Host_SAMD21\arduino_zero_native\Release/core.a(cortex_handlers.c.o)
                0x000033f4                DMAC_Handler
                0x000033f4                HardFault_Handler
                0x000033f4                AC_Handler
                0x000033f4                PendSV_Handler
                0x000033f4                NMI_Handler
                0x000033f4                TC7_Handler
                0x000033f4                SERCOM1_Handler
                0x000033f4                ADC_Handler
                0x000033f4                TCC1_Handler
                0x000033f4                SERCOM2_Handler
                0x000033f4                TCC0_Handler
                0x000033f4                RTC_Handler
                0x000033f4                EIC_Handler
                0x000033f4                TC6_Handler
                0x000033f4                WDT_Handler
                0x000033f4                TC4_Handler
                0x000033f4                TC3_Handler
                0x000033f4                Dummy_Handler
                0x000033f4                PM_Handler
                0x000033f4                SVC_Handler
                0x000033f4                TCC2_Handler
                0x000033f4                EVSYS_Handler
                0x000033f4                SERCOM3_Handler
                0x000033f4                SERCOM4_Handler
                0x000033f4                I2S_Handler
                0x000033f4                NVMCTRL_Handler
                0x000033f4                DAC_Handler
                0x000033f4                PTC_Handler
                0x000033f4                SYSCTRL_Handler
 *fill*         0x000033f6        0x2 
 .text.USB_Handler
                0x000033f8       0x14 C:\Users\Alex\AppData\Local\Temp\VMBuilds\USB_Host_SAMD21\arduino_zero_native\Release/core.a(cortex_handlers.c.o)
                0x000033f8                USB_Handler
 .text.Reset_Handler
                0x0000340c       0x54 C:\Users\Alex\AppData\Local\Temp\VMBuilds\USB_Host_SAMD21\arduino_zero_native\Release/core.a(cortex_handlers.c.o)
                0x0000340c                Reset_Handler
 .text.SysTick_Handler
                0x00003460       0x10 C:\Users\Alex\AppData\Local\Temp\VMBuilds\USB_Host_SAMD21\arduino_zero_native\Release/core.a(cortex_handlers.c.o)
                0x00003460                SysTick_Handler
 .text.USB_SetHandler
                0x00003470        0xc C:\Users\Alex\AppData\Local\Temp\VMBuilds\USB_Host_SAMD21\arduino_zero_native\Release/core.a(cortex_handlers.c.o)
                0x00003470                USB_SetHandler
 .text.millis   0x0000347c        0xc C:\Users\Alex\AppData\Local\Temp\VMBuilds\USB_Host_SAMD21\arduino_zero_native\Release/core.a(delay.c.o)
                0x0000347c                millis
 .text.delay    0x00003488       0x20 C:\Users\Alex\AppData\Local\Temp\VMBuilds\USB_Host_SAMD21\arduino_zero_native\Release/core.a(delay.c.o)
                0x00003488                delay
 .text.SysTick_DefaultHandler
                0x000034a8       0x14 C:\Users\Alex\AppData\Local\Temp\VMBuilds\USB_Host_SAMD21\arduino_zero_native\Release/core.a(delay.c.o)
                0x000034a8                SysTick_DefaultHandler
 .text.__empty  0x000034bc        0x2 C:\Users\Alex\AppData\Local\Temp\VMBuilds\USB_Host_SAMD21\arduino_zero_native\Release/core.a(hooks.c.o)
                0x000034bc                yield
 .text.__false  0x000034be        0x4 C:\Users\Alex\AppData\Local\Temp\VMBuilds\USB_Host_SAMD21\arduino_zero_native\Release/core.a(hooks.c.o)
                0x000034be                sysTickHook
 *fill*         0x000034c2        0x2 
 .text.SystemInit
                0x000034c4      0x168 C:\Users\Alex\AppData\Local\Temp\VMBuilds\USB_Host_SAMD21\arduino_zero_native\Release/core.a(startup.c.o)
                0x000034c4                SystemInit
 .text.init     0x0000362c       0xf0 C:\Users\Alex\AppData\Local\Temp\VMBuilds\USB_Host_SAMD21\arduino_zero_native\Release/core.a(wiring.c.o)
                0x0000362c                init
 .text.analogReference
                0x0000371c       0x5c C:\Users\Alex\AppData\Local\Temp\VMBuilds\USB_Host_SAMD21\arduino_zero_native\Release/core.a(wiring_analog.c.o)
                0x0000371c                analogReference
 .text.pinMode  0x00003778       0xb4 C:\Users\Alex\AppData\Local\Temp\VMBuilds\USB_Host_SAMD21\arduino_zero_native\Release/core.a(wiring_digital.c.o)
                0x00003778                pinMode
 .text.digitalWrite
                0x0000382c       0x60 C:\Users\Alex\AppData\Local\Temp\VMBuilds\USB_Host_SAMD21\arduino_zero_native\Release/core.a(wiring_digital.c.o)
                0x0000382c                digitalWrite
 .text.pinPeripheral
                0x0000388c       0xc4 C:\Users\Alex\AppData\Local\Temp\VMBuilds\USB_Host_SAMD21\arduino_zero_native\Release/core.a(wiring_private.c.o)
                0x0000388c                pinPeripheral
 .text.UHD_Handler
                0x00003950       0x70 C:\Users\Alex\AppData\Local\Temp\VMBuilds\USB_Host_SAMD21\arduino_zero_native\Release/core.a(samd21_host.c.o)
                0x00003950                UHD_Handler
 .text.UHD_Init
                0x000039c0      0x144 C:\Users\Alex\AppData\Local\Temp\VMBuilds\USB_Host_SAMD21\arduino_zero_native\Release/core.a(samd21_host.c.o)
                0x000039c0                UHD_Init
 .text.UHD_GetVBUSState
                0x00003b04        0xc C:\Users\Alex\AppData\Local\Temp\VMBuilds\USB_Host_SAMD21\arduino_zero_native\Release/core.a(samd21_host.c.o)
                0x00003b04                UHD_GetVBUSState
 .text.UHD_Pipe0_Alloc
                0x00003b10       0x50 C:\Users\Alex\AppData\Local\Temp\VMBuilds\USB_Host_SAMD21\arduino_zero_native\Release/core.a(samd21_host.c.o)
                0x00003b10                UHD_Pipe0_Alloc
 .text.UHD_Pipe_CountZero
                0x00003b60       0x14 C:\Users\Alex\AppData\Local\Temp\VMBuilds\USB_Host_SAMD21\arduino_zero_native\Release/core.a(samd21_host.c.o)
                0x00003b60                UHD_Pipe_CountZero
 .text.UHD_Pipe_Write
                0x00003b74       0x28 C:\Users\Alex\AppData\Local\Temp\VMBuilds\USB_Host_SAMD21\arduino_zero_native\Release/core.a(samd21_host.c.o)
                0x00003b74                UHD_Pipe_Write
 .text.UHD_Pipe_Send
                0x00003b9c       0x58 C:\Users\Alex\AppData\Local\Temp\VMBuilds\USB_Host_SAMD21\arduino_zero_native\Release/core.a(samd21_host.c.o)
                0x00003b9c                UHD_Pipe_Send
 .text.UHD_Pipe_Is_Transfer_Complete
                0x00003bf4       0x5c C:\Users\Alex\AppData\Local\Temp\VMBuilds\USB_Host_SAMD21\arduino_zero_native\Release/core.a(samd21_host.c.o)
                0x00003bf4                UHD_Pipe_Is_Transfer_Complete
 .text._Z11initVariantv
                0x00003c50        0x2 C:\Users\Alex\AppData\Local\Temp\VMBuilds\USB_Host_SAMD21\arduino_zero_native\Release/core.a(main.cpp.o)
                0x00003c50                initVariant()
 *fill*         0x00003c52        0x2 
 .text.startup.main
                0x00003c54       0x40 C:\Users\Alex\AppData\Local\Temp\VMBuilds\USB_Host_SAMD21\arduino_zero_native\Release/core.a(main.cpp.o)
                0x00003c54                main
 .text._ZN5Print5writeEPKhj
                0x00003c94       0x28 C:\Users\Alex\AppData\Local\Temp\VMBuilds\USB_Host_SAMD21\arduino_zero_native\Release/core.a(Print.cpp.o)
                0x00003c94                Print::write(unsigned char const*, unsigned int)
 .text._ZN5Print5writeEPKc
                0x00003cbc       0x1c C:\Users\Alex\AppData\Local\Temp\VMBuilds\USB_Host_SAMD21\arduino_zero_native\Release/core.a(Print.cpp.o)
                0x00003cbc                Print::write(char const*)
 .text._ZN5Print5printEPKc
                0x00003cd8        0x8 C:\Users\Alex\AppData\Local\Temp\VMBuilds\USB_Host_SAMD21\arduino_zero_native\Release/core.a(Print.cpp.o)
                0x00003cd8                Print::print(char const*)
 .text._ZN5Print5printEc
                0x00003ce0        0xa C:\Users\Alex\AppData\Local\Temp\VMBuilds\USB_Host_SAMD21\arduino_zero_native\Release/core.a(Print.cpp.o)
                0x00003ce0                Print::print(char)
 *fill*         0x00003cea        0x2 
 .text._ZN5Print7printlnEv
                0x00003cec       0x10 C:\Users\Alex\AppData\Local\Temp\VMBuilds\USB_Host_SAMD21\arduino_zero_native\Release/core.a(Print.cpp.o)
                0x00003cec                Print::println()
 .text._ZN5Print7printlnEPKc
                0x00003cfc       0x14 C:\Users\Alex\AppData\Local\Temp\VMBuilds\USB_Host_SAMD21\arduino_zero_native\Release/core.a(Print.cpp.o)
                0x00003cfc                Print::println(char const*)
 .text.initiateReset
                0x00003d10        0xc C:\Users\Alex\AppData\Local\Temp\VMBuilds\USB_Host_SAMD21\arduino_zero_native\Release/core.a(Reset.cpp.o)
                0x00003d10                initiateReset
 .text.cancelReset
                0x00003d1c       0x10 C:\Users\Alex\AppData\Local\Temp\VMBuilds\USB_Host_SAMD21\arduino_zero_native\Release/core.a(Reset.cpp.o)
                0x00003d1c                cancelReset
 .text.tickReset
                0x00003d2c       0x74 C:\Users\Alex\AppData\Local\Temp\VMBuilds\USB_Host_SAMD21\arduino_zero_native\Release/core.a(Reset.cpp.o)
                0x00003d2c                tickReset
 .text._ZN6SERCOMC2EP6Sercom
                0x00003da0        0x4 C:\Users\Alex\AppData\Local\Temp\VMBuilds\USB_Host_SAMD21\arduino_zero_native\Release/core.a(SERCOM.cpp.o)
                0x00003da0                SERCOM::SERCOM(Sercom*)
                0x00003da0                SERCOM::SERCOM(Sercom*)
 .text._ZN6SERCOM9initFrameE18SercomUartCharSize15SercomDataOrder16SercomParityMode19SercomNumberStopBit
                0x00003da4       0x38 C:\Users\Alex\AppData\Local\Temp\VMBuilds\USB_Host_SAMD21\arduino_zero_native\Release/core.a(SERCOM.cpp.o)
                0x00003da4                SERCOM::initFrame(SercomUartCharSize, SercomDataOrder, SercomParityMode, SercomNumberStopBit)
 .text._ZN6SERCOM8initPadsE15SercomUartTXPad11SercomRXPad
                0x00003ddc       0x26 C:\Users\Alex\AppData\Local\Temp\VMBuilds\USB_Host_SAMD21\arduino_zero_native\Release/core.a(SERCOM.cpp.o)
                0x00003ddc                SERCOM::initPads(SercomUartTXPad, SercomRXPad)
 .text._ZN6SERCOM9resetUARTEv
                0x00003e02       0x1c C:\Users\Alex\AppData\Local\Temp\VMBuilds\USB_Host_SAMD21\arduino_zero_native\Release/core.a(SERCOM.cpp.o)
                0x00003e02                SERCOM::resetUART()
 .text._ZN6SERCOM10enableUARTEv
                0x00003e1e       0x14 C:\Users\Alex\AppData\Local\Temp\VMBuilds\USB_Host_SAMD21\arduino_zero_native\Release/core.a(SERCOM.cpp.o)
                0x00003e1e                SERCOM::enableUART()
 .text._ZN6SERCOM9flushUARTEv
                0x00003e32       0x10 C:\Users\Alex\AppData\Local\Temp\VMBuilds\USB_Host_SAMD21\arduino_zero_native\Release/core.a(SERCOM.cpp.o)
                0x00003e32                SERCOM::flushUART()
 .text._ZN6SERCOM15clearStatusUARTEv
                0x00003e42        0x8 C:\Users\Alex\AppData\Local\Temp\VMBuilds\USB_Host_SAMD21\arduino_zero_native\Release/core.a(SERCOM.cpp.o)
                0x00003e42                SERCOM::clearStatusUART()
 .text._ZN6SERCOM17availableDataUARTEv
                0x00003e4a        0xa C:\Users\Alex\AppData\Local\Temp\VMBuilds\USB_Host_SAMD21\arduino_zero_native\Release/core.a(SERCOM.cpp.o)
                0x00003e4a                SERCOM::availableDataUART()
 .text._ZN6SERCOM11isUARTErrorEv
                0x00003e54        0x8 C:\Users\Alex\AppData\Local\Temp\VMBuilds\USB_Host_SAMD21\arduino_zero_native\Release/core.a(SERCOM.cpp.o)
                0x00003e54                SERCOM::isUARTError()
 .text._ZN6SERCOM20acknowledgeUARTErrorEv
                0x00003e5c        0xe C:\Users\Alex\AppData\Local\Temp\VMBuilds\USB_Host_SAMD21\arduino_zero_native\Release/core.a(SERCOM.cpp.o)
                0x00003e5c                SERCOM::acknowledgeUARTError()
 .text._ZN6SERCOM23isDataRegisterEmptyUARTEv
                0x00003e6a        0xa C:\Users\Alex\AppData\Local\Temp\VMBuilds\USB_Host_SAMD21\arduino_zero_native\Release/core.a(SERCOM.cpp.o)
                0x00003e6a                SERCOM::isDataRegisterEmptyUART()
 .text._ZN6SERCOM12readDataUARTEv
                0x00003e74        0x8 C:\Users\Alex\AppData\Local\Temp\VMBuilds\USB_Host_SAMD21\arduino_zero_native\Release/core.a(SERCOM.cpp.o)
                0x00003e74                SERCOM::readDataUART()
 .text._ZN6SERCOM13writeDataUARTEh
                0x00003e7c        0xe C:\Users\Alex\AppData\Local\Temp\VMBuilds\USB_Host_SAMD21\arduino_zero_native\Release/core.a(SERCOM.cpp.o)
                0x00003e7c                SERCOM::writeDataUART(unsigned char)
 .text._ZN6SERCOM36enableDataRegisterEmptyInterruptUARTEv
                0x00003e8a        0x8 C:\Users\Alex\AppData\Local\Temp\VMBuilds\USB_Host_SAMD21\arduino_zero_native\Release/core.a(SERCOM.cpp.o)
                0x00003e8a                SERCOM::enableDataRegisterEmptyInterruptUART()
 .text._ZN6SERCOM37disableDataRegisterEmptyInterruptUARTEv
                0x00003e92        0x8 C:\Users\Alex\AppData\Local\Temp\VMBuilds\USB_Host_SAMD21\arduino_zero_native\Release/core.a(SERCOM.cpp.o)
                0x00003e92                SERCOM::disableDataRegisterEmptyInterruptUART()
 *fill*         0x00003e9a        0x2 
 .text._ZN6SERCOM13initClockNVICEv
                0x00003e9c       0xac C:\Users\Alex\AppData\Local\Temp\VMBuilds\USB_Host_SAMD21\arduino_zero_native\Release/core.a(SERCOM.cpp.o)
                0x00003e9c                SERCOM::initClockNVIC()
 .text._ZN6SERCOM8initUARTE14SercomUartMode20SercomUartSampleRatem
                0x00003f48       0x6c C:\Users\Alex\AppData\Local\Temp\VMBuilds\USB_Host_SAMD21\arduino_zero_native\Release/core.a(SERCOM.cpp.o)
                0x00003f48                SERCOM::initUART(SercomUartMode, SercomUartSampleRate, unsigned long)
 .text._ZN4UartcvbEv
                0x00003fb4        0x4 C:\Users\Alex\AppData\Local\Temp\VMBuilds\USB_Host_SAMD21\arduino_zero_native\Release/core.a(Uart.cpp.o)
                0x00003fb4                Uart::operator bool()
 .text._ZN4Uart5beginEm
                0x00003fb8       0x10 C:\Users\Alex\AppData\Local\Temp\VMBuilds\USB_Host_SAMD21\arduino_zero_native\Release/core.a(Uart.cpp.o)
                0x00003fb8                Uart::begin(unsigned long)
 .text._ZN4Uart4peekEv
                0x00003fc8       0x16 C:\Users\Alex\AppData\Local\Temp\VMBuilds\USB_Host_SAMD21\arduino_zero_native\Release/core.a(Uart.cpp.o)
                0x00003fc8                Uart::peek()
 .text._ZN4Uart3endEv
                0x00003fde       0x1c C:\Users\Alex\AppData\Local\Temp\VMBuilds\USB_Host_SAMD21\arduino_zero_native\Release/core.a(Uart.cpp.o)
                0x00003fde                Uart::end()
 *fill*         0x00003ffa        0x2 
 .text._ZN4UartC2EP6SERCOMhh11SercomRXPad15SercomUartTXPadhh
                0x00003ffc       0x7c C:\Users\Alex\AppData\Local\Temp\VMBuilds\USB_Host_SAMD21\arduino_zero_native\Release/core.a(Uart.cpp.o)
                0x00003ffc                Uart::Uart(SERCOM*, unsigned char, unsigned char, SercomRXPad, SercomUartTXPad, unsigned char, unsigned char)
                0x00003ffc                Uart::Uart(SERCOM*, unsigned char, unsigned char, SercomRXPad, SercomUartTXPad, unsigned char, unsigned char)
 .text._ZN4UartC2EP6SERCOMhh11SercomRXPad15SercomUartTXPad
                0x00004078       0x24 C:\Users\Alex\AppData\Local\Temp\VMBuilds\USB_Host_SAMD21\arduino_zero_native\Release/core.a(Uart.cpp.o)
                0x00004078                Uart::Uart(SERCOM*, unsigned char, unsigned char, SercomRXPad, SercomUartTXPad)
                0x00004078                Uart::Uart(SERCOM*, unsigned char, unsigned char, SercomRXPad, SercomUartTXPad)
 .text._ZN4Uart16extractNbStopBitEt
                0x0000409c        0xe C:\Users\Alex\AppData\Local\Temp\VMBuilds\USB_Host_SAMD21\arduino_zero_native\Release/core.a(Uart.cpp.o)
                0x0000409c                Uart::extractNbStopBit(unsigned short)
 .text._ZN4Uart15extractCharSizeEt
                0x000040aa       0x2c C:\Users\Alex\AppData\Local\Temp\VMBuilds\USB_Host_SAMD21\arduino_zero_native\Release/core.a(Uart.cpp.o)
                0x000040aa                Uart::extractCharSize(unsigned short)
 .text._ZN4Uart13extractParityEt
                0x000040d6       0x18 C:\Users\Alex\AppData\Local\Temp\VMBuilds\USB_Host_SAMD21\arduino_zero_native\Release/core.a(Uart.cpp.o)
                0x000040d6                Uart::extractParity(unsigned short)
 *fill*         0x000040ee        0x2 
 .text._ZN4Uart5beginEmt
                0x000040f0       0xf4 C:\Users\Alex\AppData\Local\Temp\VMBuilds\USB_Host_SAMD21\arduino_zero_native\Release/core.a(Uart.cpp.o)
                0x000040f0                Uart::begin(unsigned long, unsigned short)
 .text._ZN11RingBufferNILi64EE9availableEv
                0x000041e4        0xc C:\Users\Alex\AppData\Local\Temp\VMBuilds\USB_Host_SAMD21\arduino_zero_native\Release/core.a(Uart.cpp.o)
                0x000041e4                RingBufferN<64>::available()
 .text._ZN4Uart5flushEv
                0x000041f0       0x18 C:\Users\Alex\AppData\Local\Temp\VMBuilds\USB_Host_SAMD21\arduino_zero_native\Release/core.a(Uart.cpp.o)
                0x000041f0                Uart::flush()
 .text._ZN4Uart9availableEv
                0x00004208        0xa C:\Users\Alex\AppData\Local\Temp\VMBuilds\USB_Host_SAMD21\arduino_zero_native\Release/core.a(Uart.cpp.o)
                0x00004208                Uart::available()
 .text._ZN11RingBufferNILi64EE17availableForStoreEv
                0x00004212       0x1c C:\Users\Alex\AppData\Local\Temp\VMBuilds\USB_Host_SAMD21\arduino_zero_native\Release/core.a(Uart.cpp.o)
                0x00004212                RingBufferN<64>::availableForStore()
 .text._ZN4Uart17availableForWriteEv
                0x0000422e        0xa C:\Users\Alex\AppData\Local\Temp\VMBuilds\USB_Host_SAMD21\arduino_zero_native\Release/core.a(Uart.cpp.o)
                0x0000422e                Uart::availableForWrite()
 .text._ZN4Uart10IrqHandlerEv
                0x00004238       0xb2 C:\Users\Alex\AppData\Local\Temp\VMBuilds\USB_Host_SAMD21\arduino_zero_native\Release/core.a(Uart.cpp.o)
                0x00004238                Uart::IrqHandler()
 *fill*         0x000042ea        0x2 
 .text._ZN4Uart5writeEh
                0x000042ec       0xb8 C:\Users\Alex\AppData\Local\Temp\VMBuilds\USB_Host_SAMD21\arduino_zero_native\Release/core.a(Uart.cpp.o)
                0x000042ec                Uart::write(unsigned char)
 .text._ZN4Uart4readEv
                0x000043a4       0x48 C:\Users\Alex\AppData\Local\Temp\VMBuilds\USB_Host_SAMD21\arduino_zero_native\Release/core.a(Uart.cpp.o)
                0x000043a4                Uart::read()
 .text._ZN7Serial_17availableForWriteEv
                0x000043ec        0x4 C:\Users\Alex\AppData\Local\Temp\VMBuilds\USB_Host_SAMD21\arduino_zero_native\Release/core.a(CDC.cpp.o)
                0x000043ec                Serial_::availableForWrite()
 .text._ZN7Serial_5writeEh
                0x000043f0       0x14 C:\Users\Alex\AppData\Local\Temp\VMBuilds\USB_Host_SAMD21\arduino_zero_native\Release/core.a(CDC.cpp.o)
                0x000043f0                Serial_::write(unsigned char)
 .text._ZN7Serial_9availableEv
                0x00004404        0xc C:\Users\Alex\AppData\Local\Temp\VMBuilds\USB_Host_SAMD21\arduino_zero_native\Release/core.a(CDC.cpp.o)
                0x00004404                Serial_::available()
 .text._ZN7Serial_5flushEv
                0x00004410        0xc C:\Users\Alex\AppData\Local\Temp\VMBuilds\USB_Host_SAMD21\arduino_zero_native\Release/core.a(CDC.cpp.o)
                0x00004410                Serial_::flush()
 .text._ZN7Serial_5writeEPKhj
                0x0000441c       0x1c C:\Users\Alex\AppData\Local\Temp\VMBuilds\USB_Host_SAMD21\arduino_zero_native\Release/core.a(CDC.cpp.o)
                0x0000441c                Serial_::write(unsigned char const*, unsigned int)
 .text._ZN7Serial_4peekEv
                0x00004438       0x1c C:\Users\Alex\AppData\Local\Temp\VMBuilds\USB_Host_SAMD21\arduino_zero_native\Release/core.a(CDC.cpp.o)
                0x00004438                Serial_::peek()
 .text._ZN7Serial_4readEv
                0x00004454       0x24 C:\Users\Alex\AppData\Local\Temp\VMBuilds\USB_Host_SAMD21\arduino_zero_native\Release/core.a(CDC.cpp.o)
                0x00004454                Serial_::read()
 .text._Z16CDC_GetInterfacePh
                0x00004478       0x1c C:\Users\Alex\AppData\Local\Temp\VMBuilds\USB_Host_SAMD21\arduino_zero_native\Release/core.a(CDC.cpp.o)
                0x00004478                CDC_GetInterface(unsigned char*)
 .text._Z9CDC_SetupR8USBSetup
                0x00004494       0x80 C:\Users\Alex\AppData\Local\Temp\VMBuilds\USB_Host_SAMD21\arduino_zero_native\Release/core.a(CDC.cpp.o)
                0x00004494                CDC_Setup(USBSetup&)
 .text._ZN7Serial_5beginEm
                0x00004514        0x2 C:\Users\Alex\AppData\Local\Temp\VMBuilds\USB_Host_SAMD21\arduino_zero_native\Release/core.a(CDC.cpp.o)
                0x00004514                Serial_::begin(unsigned long)
 *fill*         0x00004516        0x2 
 .text._ZN7Serial_cvbEv
                0x00004518       0x28 C:\Users\Alex\AppData\Local\Temp\VMBuilds\USB_Host_SAMD21\arduino_zero_native\Release/core.a(CDC.cpp.o)
                0x00004518                Serial_::operator bool()
 .text.startup._GLOBAL__sub_I__Z17_CDC_GetInterfacev
                0x00004540       0x28 C:\Users\Alex\AppData\Local\Temp\VMBuilds\USB_Host_SAMD21\arduino_zero_native\Release/core.a(CDC.cpp.o)
 .text._ZL5utox8mPc
                0x00004568       0x1c C:\Users\Alex\AppData\Local\Temp\VMBuilds\USB_Host_SAMD21\arduino_zero_native\Release/core.a(USBCore.cpp.o)
 .text._ZN14USBDeviceClass6initEPEmm.part.4
                0x00004584       0xc8 C:\Users\Alex\AppData\Local\Temp\VMBuilds\USB_Host_SAMD21\arduino_zero_native\Release/core.a(USBCore.cpp.o)
 .text._ZN20USBDevice_SAMD21G18x5resetEv
                0x0000464c       0x28 C:\Users\Alex\AppData\Local\Temp\VMBuilds\USB_Host_SAMD21\arduino_zero_native\Release/core.a(USBCore.cpp.o)
                0x0000464c                USBDevice_SAMD21G18x::reset()
 .text._ZN20USBDevice_SAMD21G18x9calibrateEv
                0x00004674       0x5c C:\Users\Alex\AppData\Local\Temp\VMBuilds\USB_Host_SAMD21\arduino_zero_native\Release/core.a(USBCore.cpp.o)
                0x00004674                USBDevice_SAMD21G18x::calibrate()
 .text._ZN7__GuardC2Ev
                0x000046d0        0xe C:\Users\Alex\AppData\Local\Temp\VMBuilds\USB_Host_SAMD21\arduino_zero_native\Release/core.a(USBCore.cpp.o)
                0x000046d0                __Guard::__Guard()
                0x000046d0                __Guard::__Guard()
 .text._ZN7__GuardD2Ev
                0x000046de        0xe C:\Users\Alex\AppData\Local\Temp\VMBuilds\USB_Host_SAMD21\arduino_zero_native\Release/core.a(USBCore.cpp.o)
                0x000046de                __Guard::~__Guard()
                0x000046de                __Guard::~__Guard()
 .text._ZNK26DoubleBufferedEPOutHandler9availableEv
                0x000046ec       0x5e C:\Users\Alex\AppData\Local\Temp\VMBuilds\USB_Host_SAMD21\arduino_zero_native\Release/core.a(USBCore.cpp.o)
                0x000046ec                DoubleBufferedEPOutHandler::available() const
 *fill*         0x0000474a        0x2 
 .text._ZN26DoubleBufferedEPOutHandler7releaseEv
                0x0000474c       0x58 C:\Users\Alex\AppData\Local\Temp\VMBuilds\USB_Host_SAMD21\arduino_zero_native\Release/core.a(USBCore.cpp.o)
                0x0000474c                DoubleBufferedEPOutHandler::release()
 .text._ZN26DoubleBufferedEPOutHandler4recvEPvm
                0x000047a4      0x11c C:\Users\Alex\AppData\Local\Temp\VMBuilds\USB_Host_SAMD21\arduino_zero_native\Release/core.a(USBCore.cpp.o)
                0x000047a4                DoubleBufferedEPOutHandler::recv(void*, unsigned long)
 .text._ZN26DoubleBufferedEPOutHandler14handleEndpointEv
                0x000048c0       0xc8 C:\Users\Alex\AppData\Local\Temp\VMBuilds\USB_Host_SAMD21\arduino_zero_native\Release/core.a(USBCore.cpp.o)
                0x000048c0                DoubleBufferedEPOutHandler::handleEndpoint()
 .text._ZN14USBDeviceClass14SendInterfacesEPm
                0x00004988       0x2c C:\Users\Alex\AppData\Local\Temp\VMBuilds\USB_Host_SAMD21\arduino_zero_native\Release/core.a(USBCore.cpp.o)
                0x00004988                USBDeviceClass::SendInterfaces(unsigned long*)
 .text._ZN14USBDeviceClass14handleEndpointEh
                0x000049b4       0x40 C:\Users\Alex\AppData\Local\Temp\VMBuilds\USB_Host_SAMD21\arduino_zero_native\Release/core.a(USBCore.cpp.o)
                0x000049b4                USBDeviceClass::handleEndpoint(unsigned char)
 .text._ZN14USBDeviceClass4initEv
                0x000049f4       0xf0 C:\Users\Alex\AppData\Local\Temp\VMBuilds\USB_Host_SAMD21\arduino_zero_native\Release/core.a(USBCore.cpp.o)
                0x000049f4                USBDeviceClass::init()
 .text._ZN14USBDeviceClass6attachEv
                0x00004ae4       0x34 C:\Users\Alex\AppData\Local\Temp\VMBuilds\USB_Host_SAMD21\arduino_zero_native\Release/core.a(USBCore.cpp.o)
                0x00004ae4                USBDeviceClass::attach()
 .text._ZN14USBDeviceClass10setAddressEm
                0x00004b18       0x48 C:\Users\Alex\AppData\Local\Temp\VMBuilds\USB_Host_SAMD21\arduino_zero_native\Release/core.a(USBCore.cpp.o)
                0x00004b18                USBDeviceClass::setAddress(unsigned long)
 .text._ZN14USBDeviceClass25handleClassInterfaceSetupER8USBSetup
                0x00004b60       0x40 C:\Users\Alex\AppData\Local\Temp\VMBuilds\USB_Host_SAMD21\arduino_zero_native\Release/core.a(USBCore.cpp.o)
                0x00004b60                USBDeviceClass::handleClassInterfaceSetup(USBSetup&)
 .text._ZN14USBDeviceClass6initEPEmm
                0x00004ba0       0xf4 C:\Users\Alex\AppData\Local\Temp\VMBuilds\USB_Host_SAMD21\arduino_zero_native\Release/core.a(USBCore.cpp.o)
                0x00004ba0                USBDeviceClass::initEP(unsigned long, unsigned long)
 .text._ZN14USBDeviceClass13initEndpointsEv
                0x00004c94       0x24 C:\Users\Alex\AppData\Local\Temp\VMBuilds\USB_Host_SAMD21\arduino_zero_native\Release/core.a(USBCore.cpp.o)
                0x00004c94                USBDeviceClass::initEndpoints()
 .text._ZN14USBDeviceClass9availableEm
                0x00004cb8       0x2c C:\Users\Alex\AppData\Local\Temp\VMBuilds\USB_Host_SAMD21\arduino_zero_native\Release/core.a(USBCore.cpp.o)
                0x00004cb8                USBDeviceClass::available(unsigned long)
 .text._ZN14USBDeviceClass5flushEm
                0x00004ce4       0x2c C:\Users\Alex\AppData\Local\Temp\VMBuilds\USB_Host_SAMD21\arduino_zero_native\Release/core.a(USBCore.cpp.o)
                0x00004ce4                USBDeviceClass::flush(unsigned long)
 .text._ZN14USBDeviceClass14armRecvCtrlOUTEm
                0x00004d10       0x60 C:\Users\Alex\AppData\Local\Temp\VMBuilds\USB_Host_SAMD21\arduino_zero_native\Release/core.a(USBCore.cpp.o)
                0x00004d10                USBDeviceClass::armRecvCtrlOUT(unsigned long)
 .text._ZN14USBDeviceClass11recvControlEPvm
                0x00004d70       0x3c C:\Users\Alex\AppData\Local\Temp\VMBuilds\USB_Host_SAMD21\arduino_zero_native\Release/core.a(USBCore.cpp.o)
                0x00004d70                USBDeviceClass::recvControl(void*, unsigned long)
 .text._ZN14USBDeviceClass7armRecvEm
                0x00004dac       0x3c C:\Users\Alex\AppData\Local\Temp\VMBuilds\USB_Host_SAMD21\arduino_zero_native\Release/core.a(USBCore.cpp.o)
                0x00004dac                USBDeviceClass::armRecv(unsigned long)
 .text._ZN14USBDeviceClass4recvEmPvm
                0x00004de8       0xd8 C:\Users\Alex\AppData\Local\Temp\VMBuilds\USB_Host_SAMD21\arduino_zero_native\Release/core.a(USBCore.cpp.o)
                0x00004de8                USBDeviceClass::recv(unsigned long, void*, unsigned long)
 .text._ZN14USBDeviceClass4recvEm
                0x00004ec0       0x1c C:\Users\Alex\AppData\Local\Temp\VMBuilds\USB_Host_SAMD21\arduino_zero_native\Release/core.a(USBCore.cpp.o)
                0x00004ec0                USBDeviceClass::recv(unsigned long)
 .text._ZN14USBDeviceClass4sendEmPKvm
                0x00004edc      0x124 C:\Users\Alex\AppData\Local\Temp\VMBuilds\USB_Host_SAMD21\arduino_zero_native\Release/core.a(USBCore.cpp.o)
                0x00004edc                USBDeviceClass::send(unsigned long, void const*, unsigned long)
 .text._ZN14USBDeviceClass7armSendEmPKvm
                0x00005000       0x48 C:\Users\Alex\AppData\Local\Temp\VMBuilds\USB_Host_SAMD21\arduino_zero_native\Release/core.a(USBCore.cpp.o)
                0x00005000                USBDeviceClass::armSend(unsigned long, void const*, unsigned long)
 .text._ZN14USBDeviceClass11sendControlEPKvm
                0x00005048       0x58 C:\Users\Alex\AppData\Local\Temp\VMBuilds\USB_Host_SAMD21\arduino_zero_native\Release/core.a(USBCore.cpp.o)
                0x00005048                USBDeviceClass::sendControl(void const*, unsigned long)
 .text._ZN14USBDeviceClass20sendStringDescriptorEPKhh
                0x000050a0       0x68 C:\Users\Alex\AppData\Local\Temp\VMBuilds\USB_Host_SAMD21\arduino_zero_native\Release/core.a(USBCore.cpp.o)
                0x000050a0                USBDeviceClass::sendStringDescriptor(unsigned char const*, unsigned char)
 .text._ZN14USBDeviceClass12packMessagesEb.part.6
                0x00005108       0x20 C:\Users\Alex\AppData\Local\Temp\VMBuilds\USB_Host_SAMD21\arduino_zero_native\Release/core.a(USBCore.cpp.o)
 .text._ZN14USBDeviceClass17sendConfigurationEm
                0x00005128       0x90 C:\Users\Alex\AppData\Local\Temp\VMBuilds\USB_Host_SAMD21\arduino_zero_native\Release/core.a(USBCore.cpp.o)
                0x00005128                USBDeviceClass::sendConfiguration(unsigned long)
 .text._ZN14USBDeviceClass14sendDescriptorER8USBSetup
                0x000051b8       0xec C:\Users\Alex\AppData\Local\Temp\VMBuilds\USB_Host_SAMD21\arduino_zero_native\Release/core.a(USBCore.cpp.o)
                0x000051b8                USBDeviceClass::sendDescriptor(USBSetup&)
 .text._ZN14USBDeviceClass19handleStandardSetupER8USBSetup
                0x000052a4      0x118 C:\Users\Alex\AppData\Local\Temp\VMBuilds\USB_Host_SAMD21\arduino_zero_native\Release/core.a(USBCore.cpp.o)
                0x000052a4                USBDeviceClass::handleStandardSetup(USBSetup&)
 .text._ZN14USBDeviceClass10ISRHandlerEv
                0x000053bc      0x150 C:\Users\Alex\AppData\Local\Temp\VMBuilds\USB_Host_SAMD21\arduino_zero_native\Release/core.a(USBCore.cpp.o)
                0x000053bc                USBDeviceClass::ISRHandler()
 .text.UDD_Handler
                0x0000550c       0x10 C:\Users\Alex\AppData\Local\Temp\VMBuilds\USB_Host_SAMD21\arduino_zero_native\Release/core.a(USBCore.cpp.o)
                0x0000550c                UDD_Handler
 .text.startup._GLOBAL__sub_I__ZN20USBDevice_SAMD21G18x5resetEv
                0x0000551c       0x10 C:\Users\Alex\AppData\Local\Temp\VMBuilds\USB_Host_SAMD21\arduino_zero_native\Release/core.a(USBCore.cpp.o)
 .text._Znwj    0x0000552c        0x8 C:\Users\Alex\AppData\Local\Temp\VMBuilds\USB_Host_SAMD21\arduino_zero_native\Release/core.a(new.cpp.o)
                0x0000552c                operator new(unsigned int)
 .text._ZN13PluggableUSB_12getInterfaceEPh
                0x00005534       0x2a C:\Users\Alex\AppData\Local\Temp\VMBuilds\USB_Host_SAMD21\arduino_zero_native\Release/core.a(PluggableUSB.cpp.o)
                0x00005534                PluggableUSB_::getInterface(unsigned char*)
 .text._ZN13PluggableUSB_13getDescriptorER8USBSetup
                0x0000555e       0x20 C:\Users\Alex\AppData\Local\Temp\VMBuilds\USB_Host_SAMD21\arduino_zero_native\Release/core.a(PluggableUSB.cpp.o)
                0x0000555e                PluggableUSB_::getDescriptor(USBSetup&)
 .text._ZN13PluggableUSB_12getShortNameEPc
                0x0000557e       0x1e C:\Users\Alex\AppData\Local\Temp\VMBuilds\USB_Host_SAMD21\arduino_zero_native\Release/core.a(PluggableUSB.cpp.o)
                0x0000557e                PluggableUSB_::getShortName(char*)
 .text._ZN13PluggableUSB_5setupER8USBSetup
                0x0000559c       0x24 C:\Users\Alex\AppData\Local\Temp\VMBuilds\USB_Host_SAMD21\arduino_zero_native\Release/core.a(PluggableUSB.cpp.o)
                0x0000559c                PluggableUSB_::setup(USBSetup&)
 .text._Z12PluggableUSBv
                0x000055c0       0x24 C:\Users\Alex\AppData\Local\Temp\VMBuilds\USB_Host_SAMD21\arduino_zero_native\Release/core.a(PluggableUSB.cpp.o)
                0x000055c0                PluggableUSB()
 .text          0x000055e4       0x14 c:/users/alex/appdata/local/arduino15/packages/arduino/tools/arm-none-eabi-gcc/4.8.3-2014q1/bin/../lib/gcc/arm-none-eabi/4.8.3/armv6-m\libgcc.a(_thumb1_case_uqi.o)
                0x000055e4                __gnu_thumb1_case_uqi
 .text          0x000055f8       0x9c c:/users/alex/appdata/local/arduino15/packages/arduino/tools/arm-none-eabi-gcc/4.8.3-2014q1/bin/../lib/gcc/arm-none-eabi/4.8.3/armv6-m\libgcc.a(_udivsi3.o)
                0x000055f8                __aeabi_uidiv
                0x000055f8                __udivsi3
                0x00005680                __aeabi_uidivmod
 .text          0x00005694        0x4 c:/users/alex/appdata/local/arduino15/packages/arduino/tools/arm-none-eabi-gcc/4.8.3-2014q1/bin/../lib/gcc/arm-none-eabi/4.8.3/armv6-m\libgcc.a(_dvmd_tls.o)
                0x00005694                __aeabi_idiv0
                0x00005694                __aeabi_ldiv0
 .text.__libc_init_array
                0x00005698       0x4c c:/users/alex/appdata/local/arduino15/packages/arduino/tools/arm-none-eabi-gcc/4.8.3-2014q1/bin/../lib/gcc/arm-none-eabi/4.8.3/../../../../arm-none-eabi/lib/armv6-m\libc_s.a(lib_a-init.o)
                0x00005698                __libc_init_array
 .text.malloc   0x000056e4       0x14 c:/users/alex/appdata/local/arduino15/packages/arduino/tools/arm-none-eabi-gcc/4.8.3-2014q1/bin/../lib/gcc/arm-none-eabi/4.8.3/../../../../arm-none-eabi/lib/armv6-m\libc_s.a(lib_a-malloc.o)
                0x000056e4                malloc
 .text.memcpy   0x000056f8       0x12 c:/users/alex/appdata/local/arduino15/packages/arduino/tools/arm-none-eabi-gcc/4.8.3-2014q1/bin/../lib/gcc/arm-none-eabi/4.8.3/../../../../arm-none-eabi/lib/armv6-m\libc_s.a(lib_a-memcpy-stub.o)
                0x000056f8                memcpy
 .text.memset   0x0000570a       0x10 c:/users/alex/appdata/local/arduino15/packages/arduino/tools/arm-none-eabi-gcc/4.8.3-2014q1/bin/../lib/gcc/arm-none-eabi/4.8.3/../../../../arm-none-eabi/lib/armv6-m\libc_s.a(lib_a-memset.o)
                0x0000570a                memset
 *fill*         0x0000571a        0x2 
 .text._malloc_r
                0x0000571c       0xa8 c:/users/alex/appdata/local/arduino15/packages/arduino/tools/arm-none-eabi-gcc/4.8.3-2014q1/bin/../lib/gcc/arm-none-eabi/4.8.3/../../../../arm-none-eabi/lib/armv6-m\libc_s.a(lib_a-nano-mallocr.o)
                0x0000571c                _malloc_r
 .text._sbrk_r  0x000057c4       0x24 c:/users/alex/appdata/local/arduino15/packages/arduino/tools/arm-none-eabi-gcc/4.8.3-2014q1/bin/../lib/gcc/arm-none-eabi/4.8.3/../../../../arm-none-eabi/lib/armv6-m\libc_s.a(lib_a-sbrkr.o)
                0x000057c4                _sbrk_r
 .text.strlen   0x000057e8        0xe c:/users/alex/appdata/local/arduino15/packages/arduino/tools/arm-none-eabi-gcc/4.8.3-2014q1/bin/../lib/gcc/arm-none-eabi/4.8.3/../../../../arm-none-eabi/lib/armv6-m\libc_s.a(lib_a-strlen.o)
                0x000057e8                strlen
 *fill*         0x000057f6        0x2 
 .text._sbrk    0x000057f8       0x34 c:/users/alex/appdata/local/arduino15/packages/arduino/tools/arm-none-eabi-gcc/4.8.3-2014q1/bin/../lib/gcc/arm-none-eabi/4.8.3/../../../../arm-none-eabi/lib/armv6-m\libnosys.a(sbrk.o)
                0x000057f8                _sbrk
 *(.init)
 .init          0x0000582c        0x4 c:/users/alex/appdata/local/arduino15/packages/arduino/tools/arm-none-eabi-gcc/4.8.3-2014q1/bin/../lib/gcc/arm-none-eabi/4.8.3/armv6-m/crti.o
                0x0000582c                _init
 .init          0x00005830        0x8 c:/users/alex/appdata/local/arduino15/packages/arduino/tools/arm-none-eabi-gcc/4.8.3-2014q1/bin/../lib/gcc/arm-none-eabi/4.8.3/armv6-m/crtn.o
 *(.fini)
 .fini          0x00005838        0x4 c:/users/alex/appdata/local/arduino15/packages/arduino/tools/arm-none-eabi-gcc/4.8.3-2014q1/bin/../lib/gcc/arm-none-eabi/4.8.3/armv6-m/crti.o
                0x00005838                _fini
 .fini          0x0000583c        0x8 c:/users/alex/appdata/local/arduino15/packages/arduino/tools/arm-none-eabi-gcc/4.8.3-2014q1/bin/../lib/gcc/arm-none-eabi/4.8.3/armv6-m/crtn.o
 *crtbegin.o(.ctors)
 *crtbegin?.o(.ctors)
 *(EXCLUDE_FILE(*crtend.o *crtend?.o) .ctors)
 *(SORT(.ctors.*))
 *(.ctors)
 *crtbegin.o(.dtors)
 *crtbegin?.o(.dtors)
 *(EXCLUDE_FILE(*crtend.o *crtend?.o) .dtors)
 *(SORT(.dtors.*))
 *(.dtors)
 *(.rodata*)
 .rodata.str1.1
                0x00005844       0xc9 C:\Users\Alex\AppData\Local\Temp\VMBuilds\USB_Host_SAMD21\arduino_zero_native\Release\USB_Host_SAMD21.cpp.o
                                 0xcc (size before relaxing)
 *fill*         0x0000590d        0x3 
 .rodata._ZTV16ConfigDescParserILh0ELh0ELh0ELh0EE
                0x00005910       0x10 C:\Users\Alex\AppData\Local\Temp\VMBuilds\USB_Host_SAMD21\arduino_zero_native\Release\USBHost\adk.cpp.o
                0x00005910                vtable for ConfigDescParser<(unsigned char)0, (unsigned char)0, (unsigned char)0, (unsigned char)0>
 .rodata._ZTV3ADK
                0x00005920       0x40 C:\Users\Alex\AppData\Local\Temp\VMBuilds\USB_Host_SAMD21\arduino_zero_native\Release\USBHost\adk.cpp.o
                0x00005920                vtable for ADK
 .rodata._ZTV15AddressPoolImplILm16EE
                0x00005960       0x18 C:\Users\Alex\AppData\Local\Temp\VMBuilds\USB_Host_SAMD21\arduino_zero_native\Release\USBHost\Usb.cpp.o
                0x00005960                vtable for AddressPoolImpl<16ul>
 .rodata.g_APinDescription
                0x00005978      0x420 C:\Users\Alex\AppData\Local\Temp\VMBCore\arduino16x\f4e4fb79301fbd088d63ca0524c96428\variant\variant.cpp.o
                0x00005978                g_APinDescription
 .rodata.str1.1
                0x00005d98        0xc C:\Users\Alex\AppData\Local\Temp\VMBuilds\USB_Host_SAMD21\arduino_zero_native\Release/core.a(Print.cpp.o)
                                  0xf (size before relaxing)
 *fill*         0x00005da4        0x4 
 .rodata._ZTV4Uart
                0x00005da8       0x38 C:\Users\Alex\AppData\Local\Temp\VMBuilds\USB_Host_SAMD21\arduino_zero_native\Release/core.a(Uart.cpp.o)
                0x00005da8                vtable for Uart
 .rodata._ZTV7Serial_
                0x00005de0       0x28 C:\Users\Alex\AppData\Local\Temp\VMBuilds\USB_Host_SAMD21\arduino_zero_native\Release/core.a(CDC.cpp.o)
                0x00005de0                vtable for Serial_
 .rodata._ZTV26DoubleBufferedEPOutHandler
                0x00005e08       0x18 C:\Users\Alex\AppData\Local\Temp\VMBuilds\USB_Host_SAMD21\arduino_zero_native\Release/core.a(USBCore.cpp.o)
                0x00005e08                vtable for DoubleBufferedEPOutHandler
 .rodata._ZL19STRING_MANUFACTURER
                0x00005e20        0xc C:\Users\Alex\AppData\Local\Temp\VMBuilds\USB_Host_SAMD21\arduino_zero_native\Release/core.a(USBCore.cpp.o)
 .rodata._ZL15STRING_LANGUAGE
                0x00005e2c        0x4 C:\Users\Alex\AppData\Local\Temp\VMBuilds\USB_Host_SAMD21\arduino_zero_native\Release/core.a(USBCore.cpp.o)
 .rodata._ZL21USB_DeviceDescriptorB
                0x00005e30       0x12 C:\Users\Alex\AppData\Local\Temp\VMBuilds\USB_Host_SAMD21\arduino_zero_native\Release/core.a(USBCore.cpp.o)
 .rodata._ZL14STRING_PRODUCT
                0x00005e42        0xd C:\Users\Alex\AppData\Local\Temp\VMBuilds\USB_Host_SAMD21\arduino_zero_native\Release/core.a(USBCore.cpp.o)
 .rodata.str1.1
                0x00005e4f        0x2 c:/users/alex/appdata/local/arduino15/packages/arduino/tools/arm-none-eabi-gcc/4.8.3-2014q1/bin/../lib/gcc/arm-none-eabi/4.8.3/../../../../arm-none-eabi/lib/armv6-m\libc_s.a(lib_a-impure.o)
 *(.eh_frame*)
 *fill*         0x00005e51        0x3 
 .eh_frame      0x00005e54        0x0 c:/users/alex/appdata/local/arduino15/packages/arduino/tools/arm-none-eabi-gcc/4.8.3-2014q1/bin/../lib/gcc/arm-none-eabi/4.8.3/armv6-m/crtbegin.o
 .eh_frame      0x00005e54        0x4 c:/users/alex/appdata/local/arduino15/packages/arduino/tools/arm-none-eabi-gcc/4.8.3-2014q1/bin/../lib/gcc/arm-none-eabi/4.8.3/armv6-m/crtend.o

.glue_7         0x00005e58        0x0
 .glue_7        0x00000000        0x0 linker stubs

.glue_7t        0x00005e58        0x0
 .glue_7t       0x00000000        0x0 linker stubs

.vfp11_veneer   0x00005e58        0x0
 .vfp11_veneer  0x00000000        0x0 linker stubs

.v4_bx          0x00005e58        0x0
 .v4_bx         0x00000000        0x0 linker stubs

.iplt           0x00005e58        0x0
 .iplt          0x00000000        0x0 c:/users/alex/appdata/local/arduino15/packages/arduino/tools/arm-none-eabi-gcc/4.8.3-2014q1/bin/../lib/gcc/arm-none-eabi/4.8.3/armv6-m/crtbegin.o

.rel.dyn        0x00005e58        0x0
 .rel.iplt      0x00000000        0x0 c:/users/alex/appdata/local/arduino15/packages/arduino/tools/arm-none-eabi-gcc/4.8.3-2014q1/bin/../lib/gcc/arm-none-eabi/4.8.3/armv6-m/crtbegin.o

.ARM.extab
 *(.ARM.extab* .gnu.linkonce.armextab.*)
                0x00005e58                __exidx_start = .

.ARM.exidx
 *(.ARM.exidx* .gnu.linkonce.armexidx.*)
                0x00005e58                __exidx_end = .
                0x00005e58                __etext = .

.data           0x20000000      0x110 load address 0x00005e58
                0x20000000                __data_start__ = .
 *(vtable)
 *(.data*)
 .data._ZL14usb_task_state
                0x20000000        0x4 C:\Users\Alex\AppData\Local\Temp\VMBuilds\USB_Host_SAMD21\arduino_zero_native\Release\USBHost\Usb.cpp.o
 .data.SystemCoreClock
                0x20000004        0x4 C:\Users\Alex\AppData\Local\Temp\VMBuilds\USB_Host_SAMD21\arduino_zero_native\Release/core.a(wiring.c.o)
                0x20000004                SystemCoreClock
 .data._ZL5ticks
                0x20000008        0x4 C:\Users\Alex\AppData\Local\Temp\VMBuilds\USB_Host_SAMD21\arduino_zero_native\Release/core.a(Reset.cpp.o)
 .data._ZL12_usbLineInfo
                0x2000000c        0x8 C:\Users\Alex\AppData\Local\Temp\VMBuilds\USB_Host_SAMD21\arduino_zero_native\Release/core.a(CDC.cpp.o)
 .data._ZL10breakValue
                0x20000014        0x4 C:\Users\Alex\AppData\Local\Temp\VMBuilds\USB_Host_SAMD21\arduino_zero_native\Release/core.a(CDC.cpp.o)
 .data._ZL13_cdcInterface
                0x20000018       0x42 C:\Users\Alex\AppData\Local\Temp\VMBuilds\USB_Host_SAMD21\arduino_zero_native\Release/core.a(CDC.cpp.o)
 *fill*         0x2000005a        0x2 
 .data._serialPeek
                0x2000005c        0x4 C:\Users\Alex\AppData\Local\Temp\VMBuilds\USB_Host_SAMD21\arduino_zero_native\Release/core.a(CDC.cpp.o)
                0x2000005c                _serialPeek
 .data.EndPoints
                0x20000060       0x28 C:\Users\Alex\AppData\Local\Temp\VMBuilds\USB_Host_SAMD21\arduino_zero_native\Release/core.a(USBCore.cpp.o)
                0x20000060                EndPoints
 .data.impure_data
                0x20000088       0x60 c:/users/alex/appdata/local/arduino15/packages/arduino/tools/arm-none-eabi-gcc/4.8.3-2014q1/bin/../lib/gcc/arm-none-eabi/4.8.3/../../../../arm-none-eabi/lib/armv6-m\libc_s.a(lib_a-impure.o)
 .data._impure_ptr
                0x200000e8        0x4 c:/users/alex/appdata/local/arduino15/packages/arduino/tools/arm-none-eabi-gcc/4.8.3-2014q1/bin/../lib/gcc/arm-none-eabi/4.8.3/../../../../arm-none-eabi/lib/armv6-m\libc_s.a(lib_a-impure.o)
                0x200000e8                _impure_ptr
                0x200000ec                . = ALIGN (0x4)
                0x200000ec                PROVIDE (__preinit_array_start, .)
 *(.preinit_array)
                0x200000ec                PROVIDE (__preinit_array_end, .)
                0x200000ec                . = ALIGN (0x4)
                0x200000ec                PROVIDE (__init_array_start, .)
 *(SORT(.init_array.*))
 *(.init_array)
 .init_array    0x200000ec        0x4 c:/users/alex/appdata/local/arduino15/packages/arduino/tools/arm-none-eabi-gcc/4.8.3-2014q1/bin/../lib/gcc/arm-none-eabi/4.8.3/armv6-m/crtbegin.o
 .init_array    0x200000f0        0x4 C:\Users\Alex\AppData\Local\Temp\VMBuilds\USB_Host_SAMD21\arduino_zero_native\Release\USB_Host_SAMD21.cpp.o
 .init_array    0x200000f4        0x4 C:\Users\Alex\AppData\Local\Temp\VMBCore\arduino16x\f4e4fb79301fbd088d63ca0524c96428\variant\variant.cpp.o
 .init_array    0x200000f8        0x4 C:\Users\Alex\AppData\Local\Temp\VMBuilds\USB_Host_SAMD21\arduino_zero_native\Release/core.a(CDC.cpp.o)
 .init_array    0x200000fc        0x4 C:\Users\Alex\AppData\Local\Temp\VMBuilds\USB_Host_SAMD21\arduino_zero_native\Release/core.a(USBCore.cpp.o)
                0x20000100                PROVIDE (__init_array_end, .)
                0x20000100                . = ALIGN (0x4)
                0x20000100                PROVIDE (__fini_array_start, .)
 *(SORT(.fini_array.*))
 *(.fini_array)
 .fini_array    0x20000100        0x4 c:/users/alex/appdata/local/arduino15/packages/arduino/tools/arm-none-eabi-gcc/4.8.3-2014q1/bin/../lib/gcc/arm-none-eabi/4.8.3/armv6-m/crtbegin.o
                0x20000104                PROVIDE (__fini_array_end, .)
 *(.jcr*)
 .jcr           0x20000104        0x0 c:/users/alex/appdata/local/arduino15/packages/arduino/tools/arm-none-eabi-gcc/4.8.3-2014q1/bin/../lib/gcc/arm-none-eabi/4.8.3/armv6-m/crtbegin.o
 .jcr           0x20000104        0x4 c:/users/alex/appdata/local/arduino15/packages/arduino/tools/arm-none-eabi-gcc/4.8.3-2014q1/bin/../lib/gcc/arm-none-eabi/4.8.3/armv6-m/crtend.o
                0x20000110                . = ALIGN (0x10)
 *fill*         0x20000108        0x8 
                0x20000110                __data_end__ = .

.igot.plt       0x20000110        0x0 load address 0x00005f68
 .igot.plt      0x00000000        0x0 c:/users/alex/appdata/local/arduino15/packages/arduino/tools/arm-none-eabi-gcc/4.8.3-2014q1/bin/../lib/gcc/arm-none-eabi/4.8.3/armv6-m/crtbegin.o

.bss            0x20000110      0xa68 load address 0x00005f68
                0x20000110                . = ALIGN (0x4)
                0x20000110                __bss_start__ = .
 *(.bss*)
 .bss           0x20000110       0x1c c:/users/alex/appdata/local/arduino15/packages/arduino/tools/arm-none-eabi-gcc/4.8.3-2014q1/bin/../lib/gcc/arm-none-eabi/4.8.3/armv6-m/crtbegin.o
 .bss.adk       0x2000012c       0x58 C:\Users\Alex\AppData\Local\Temp\VMBuilds\USB_Host_SAMD21\arduino_zero_native\Release\USB_Host_SAMD21.cpp.o
                0x2000012c                adk
 .bss.usb       0x20000184      0x158 C:\Users\Alex\AppData\Local\Temp\VMBuilds\USB_Host_SAMD21\arduino_zero_native\Release\USB_Host_SAMD21.cpp.o
                0x20000184                usb
 .bss._ZL9usb_error
                0x200002dc        0x4 C:\Users\Alex\AppData\Local\Temp\VMBuilds\USB_Host_SAMD21\arduino_zero_native\Release\USBHost\Usb.cpp.o
 .bss._ZZN7USBHost4TaskEvE5delay
                0x200002e0        0x4 C:\Users\Alex\AppData\Local\Temp\VMBuilds\USB_Host_SAMD21\arduino_zero_native\Release\USBHost\Usb.cpp.o
 .bss.Serial    0x200002e4       0xbc C:\Users\Alex\AppData\Local\Temp\VMBCore\arduino16x\f4e4fb79301fbd088d63ca0524c96428\variant\variant.cpp.o
                0x200002e4                Serial
 .bss.Serial1   0x200003a0       0xbc C:\Users\Alex\AppData\Local\Temp\VMBCore\arduino16x\f4e4fb79301fbd088d63ca0524c96428\variant\variant.cpp.o
                0x200003a0                Serial1
 .bss.sercom3   0x2000045c        0x4 C:\Users\Alex\AppData\Local\Temp\VMBCore\arduino16x\f4e4fb79301fbd088d63ca0524c96428\variant\variant.cpp.o
                0x2000045c                sercom3
 .bss.sercom0   0x20000460        0x4 C:\Users\Alex\AppData\Local\Temp\VMBCore\arduino16x\f4e4fb79301fbd088d63ca0524c96428\variant\variant.cpp.o
                0x20000460                sercom0
 .bss.sercom1   0x20000464        0x4 C:\Users\Alex\AppData\Local\Temp\VMBCore\arduino16x\f4e4fb79301fbd088d63ca0524c96428\variant\variant.cpp.o
                0x20000464                sercom1
 .bss.sercom2   0x20000468        0x4 C:\Users\Alex\AppData\Local\Temp\VMBCore\arduino16x\f4e4fb79301fbd088d63ca0524c96428\variant\variant.cpp.o
                0x20000468                sercom2
 .bss.sercom4   0x2000046c        0x4 C:\Users\Alex\AppData\Local\Temp\VMBCore\arduino16x\f4e4fb79301fbd088d63ca0524c96428\variant\variant.cpp.o
                0x2000046c                sercom4
 .bss.sercom5   0x20000470        0x4 C:\Users\Alex\AppData\Local\Temp\VMBCore\arduino16x\f4e4fb79301fbd088d63ca0524c96428\variant\variant.cpp.o
                0x20000470                sercom5
 .bss.usb_isr   0x20000474        0x4 C:\Users\Alex\AppData\Local\Temp\VMBuilds\USB_Host_SAMD21\arduino_zero_native\Release/core.a(cortex_handlers.c.o)
 .bss._ulTickCount
                0x20000478        0x4 C:\Users\Alex\AppData\Local\Temp\VMBuilds\USB_Host_SAMD21\arduino_zero_native\Release/core.a(delay.c.o)
 .bss.uhd_state
                0x2000047c        0x1 C:\Users\Alex\AppData\Local\Temp\VMBuilds\USB_Host_SAMD21\arduino_zero_native\Release/core.a(samd21_host.c.o)
 *fill*         0x2000047d        0x3 
 .bss.SerialUSB
                0x20000480       0x1c C:\Users\Alex\AppData\Local\Temp\VMBuilds\USB_Host_SAMD21\arduino_zero_native\Release/core.a(CDC.cpp.o)
                0x20000480                SerialUSB
 .bss._ZL14isEndpointHalt
                0x2000049c        0x1 C:\Users\Alex\AppData\Local\Temp\VMBuilds\USB_Host_SAMD21\arduino_zero_native\Release/core.a(USBCore.cpp.o)
 .bss._pack_buffer
                0x2000049d      0x100 C:\Users\Alex\AppData\Local\Temp\VMBuilds\USB_Host_SAMD21\arduino_zero_native\Release/core.a(USBCore.cpp.o)
                0x2000049d                _pack_buffer
 *fill*         0x2000059d        0x1 
 .bss._pack_size
                0x2000059e        0x2 C:\Users\Alex\AppData\Local\Temp\VMBuilds\USB_Host_SAMD21\arduino_zero_native\Release/core.a(USBCore.cpp.o)
                0x2000059e                _pack_size
 .bss._ZL20LastTransmitTimedOut
                0x200005a0        0x7 C:\Users\Alex\AppData\Local\Temp\VMBuilds\USB_Host_SAMD21\arduino_zero_native\Release/core.a(USBCore.cpp.o)
 *fill*         0x200005a7        0x1 
 .bss._ZL22udd_ep_in_cache_buffer
                0x200005a8      0x1c0 C:\Users\Alex\AppData\Local\Temp\VMBuilds\USB_Host_SAMD21\arduino_zero_native\Release/core.a(USBCore.cpp.o)
 .bss._ZL10txLEDPulse
                0x20000768        0x1 C:\Users\Alex\AppData\Local\Temp\VMBuilds\USB_Host_SAMD21\arduino_zero_native\Release/core.a(USBCore.cpp.o)
 *fill*         0x20000769        0x3 
 .bss._ZL23udd_ep_out_cache_buffer
                0x2000076c      0x1c0 C:\Users\Alex\AppData\Local\Temp\VMBuilds\USB_Host_SAMD21\arduino_zero_native\Release/core.a(USBCore.cpp.o)
 .bss._ZL10epHandlers
                0x2000092c       0x1c C:\Users\Alex\AppData\Local\Temp\VMBuilds\USB_Host_SAMD21\arduino_zero_native\Release/core.a(USBCore.cpp.o)
 .bss._pack_message
                0x20000948        0x1 C:\Users\Alex\AppData\Local\Temp\VMBuilds\USB_Host_SAMD21\arduino_zero_native\Release/core.a(USBCore.cpp.o)
                0x20000948                _pack_message
 .bss._ZL21isRemoteWakeUpEnabled
                0x20000949        0x1 C:\Users\Alex\AppData\Local\Temp\VMBuilds\USB_Host_SAMD21\arduino_zero_native\Release/core.a(USBCore.cpp.o)
 .bss._dry_run  0x2000094a        0x1 C:\Users\Alex\AppData\Local\Temp\VMBuilds\USB_Host_SAMD21\arduino_zero_native\Release/core.a(USBCore.cpp.o)
                0x2000094a                _dry_run
 .bss.USBDevice
                0x2000094b        0x1 C:\Users\Alex\AppData\Local\Temp\VMBuilds\USB_Host_SAMD21\arduino_zero_native\Release/core.a(USBCore.cpp.o)
                0x2000094b                USBDevice
 .bss._usbSetInterface
                0x2000094c        0x4 C:\Users\Alex\AppData\Local\Temp\VMBuilds\USB_Host_SAMD21\arduino_zero_native\Release/core.a(USBCore.cpp.o)
                0x2000094c                _usbSetInterface
 .bss._ZL10rxLEDPulse
                0x20000950        0x1 C:\Users\Alex\AppData\Local\Temp\VMBuilds\USB_Host_SAMD21\arduino_zero_native\Release/core.a(USBCore.cpp.o)
 *fill*         0x20000951        0x3 
 .bss.usbd      0x20000954      0x104 C:\Users\Alex\AppData\Local\Temp\VMBuilds\USB_Host_SAMD21\arduino_zero_native\Release/core.a(USBCore.cpp.o)
                0x20000954                usbd
 .bss._usbConfiguration
                0x20000a58        0x4 C:\Users\Alex\AppData\Local\Temp\VMBuilds\USB_Host_SAMD21\arduino_zero_native\Release/core.a(USBCore.cpp.o)
                0x20000a58                _usbConfiguration
 .bss._ZZ12PluggableUSBvE3obj
                0x20000a5c        0x8 C:\Users\Alex\AppData\Local\Temp\VMBuilds\USB_Host_SAMD21\arduino_zero_native\Release/core.a(PluggableUSB.cpp.o)
 .bss._ZGVZ12PluggableUSBvE3obj
                0x20000a64        0x4 C:\Users\Alex\AppData\Local\Temp\VMBuilds\USB_Host_SAMD21\arduino_zero_native\Release/core.a(PluggableUSB.cpp.o)
 .bss.__malloc_sbrk_start
                0x20000a68        0x4 c:/users/alex/appdata/local/arduino15/packages/arduino/tools/arm-none-eabi-gcc/4.8.3-2014q1/bin/../lib/gcc/arm-none-eabi/4.8.3/../../../../arm-none-eabi/lib/armv6-m\libc_s.a(lib_a-nano-mallocr.o)
                0x20000a68                __malloc_sbrk_start
 .bss.__malloc_free_list
                0x20000a6c        0x4 c:/users/alex/appdata/local/arduino15/packages/arduino/tools/arm-none-eabi-gcc/4.8.3-2014q1/bin/../lib/gcc/arm-none-eabi/4.8.3/../../../../arm-none-eabi/lib/armv6-m\libc_s.a(lib_a-nano-mallocr.o)
                0x20000a6c                __malloc_free_list
 .bss.heap_end.4243
                0x20000a70        0x4 c:/users/alex/appdata/local/arduino15/packages/arduino/tools/arm-none-eabi-gcc/4.8.3-2014q1/bin/../lib/gcc/arm-none-eabi/4.8.3/../../../../arm-none-eabi/lib/armv6-m\libnosys.a(sbrk.o)
 *(COMMON)
 COMMON         0x20000a74      0x100 C:\Users\Alex\AppData\Local\Temp\VMBuilds\USB_Host_SAMD21\arduino_zero_native\Release/core.a(samd21_host.c.o)
                0x20000a74                usb_pipe_table
 COMMON         0x20000b74        0x4 c:/users/alex/appdata/local/arduino15/packages/arduino/tools/arm-none-eabi-gcc/4.8.3-2014q1/bin/../lib/gcc/arm-none-eabi/4.8.3/../../../../arm-none-eabi/lib/armv6-m\libc_s.a(lib_a-reent.o)
                0x20000b74                errno
                0x20000b78                . = ALIGN (0x4)
                0x20000b78                __bss_end__ = .

.heap           0x20000b78        0x0
                0x20000b78                __end__ = .
                0x20000b78                PROVIDE (end, .)
 *(.heap*)
                0x20000b78                __HeapLimit = .

.stack_dummy    0x20000b78        0x0
 *(.stack*)
                0x20008000                __StackTop = (ORIGIN (RAM) + 0x8000)
                0x20008000                __StackLimit = (__StackTop - SIZEOF (.stack_dummy))
                0x20008000                PROVIDE (__stack, __StackTop)
                0x20007fff                __ram_end__ = ((ORIGIN (RAM) + 0x8000) - 0x1)
                0x00000001                ASSERT ((__StackLimit >= __HeapLimit), region RAM overflowed with stack)
OUTPUT(C:\Users\Alex\AppData\Local\Temp\VMBuilds\USB_Host_SAMD21\arduino_zero_native\Release/USB_Host_SAMD21.ino.elf elf32-littlearm)

.ARM.attributes
                0x00000000       0x28
 .ARM.attributes
                0x00000000       0x1e c:/users/alex/appdata/local/arduino15/packages/arduino/tools/arm-none-eabi-gcc/4.8.3-2014q1/bin/../lib/gcc/arm-none-eabi/4.8.3/armv6-m/crti.o
 .ARM.attributes
                0x0000001e       0x2c c:/users/alex/appdata/local/arduino15/packages/arduino/tools/arm-none-eabi-gcc/4.8.3-2014q1/bin/../lib/gcc/arm-none-eabi/4.8.3/armv6-m/crtbegin.o
 .ARM.attributes
                0x0000004a       0x32 C:\Users\Alex\AppData\Local\Temp\VMBuilds\USB_Host_SAMD21\arduino_zero_native\Release\USB_Host_SAMD21.cpp.o
 .ARM.attributes
                0x0000007c       0x32 C:\Users\Alex\AppData\Local\Temp\VMBuilds\USB_Host_SAMD21\arduino_zero_native\Release\USBHost\adk.cpp.o
 .ARM.attributes
                0x000000ae       0x32 C:\Users\Alex\AppData\Local\Temp\VMBuilds\USB_Host_SAMD21\arduino_zero_native\Release\USBHost\parsetools.cpp.o
 .ARM.attributes
                0x000000e0       0x32 C:\Users\Alex\AppData\Local\Temp\VMBuilds\USB_Host_SAMD21\arduino_zero_native\Release\USBHost\Usb.cpp.o
 .ARM.attributes
                0x00000112       0x32 C:\Users\Alex\AppData\Local\Temp\VMBCore\arduino16x\f4e4fb79301fbd088d63ca0524c96428\variant\variant.cpp.o
 .ARM.attributes
                0x00000144       0x32 C:\Users\Alex\AppData\Local\Temp\VMBuilds\USB_Host_SAMD21\arduino_zero_native\Release/core.a(cortex_handlers.c.o)
 .ARM.attributes
                0x00000176       0x32 C:\Users\Alex\AppData\Local\Temp\VMBuilds\USB_Host_SAMD21\arduino_zero_native\Release/core.a(delay.c.o)
 .ARM.attributes
                0x000001a8       0x32 C:\Users\Alex\AppData\Local\Temp\VMBuilds\USB_Host_SAMD21\arduino_zero_native\Release/core.a(hooks.c.o)
 .ARM.attributes
                0x000001da       0x32 C:\Users\Alex\AppData\Local\Temp\VMBuilds\USB_Host_SAMD21\arduino_zero_native\Release/core.a(startup.c.o)
 .ARM.attributes
                0x0000020c       0x32 C:\Users\Alex\AppData\Local\Temp\VMBuilds\USB_Host_SAMD21\arduino_zero_native\Release/core.a(wiring.c.o)
 .ARM.attributes
                0x0000023e       0x32 C:\Users\Alex\AppData\Local\Temp\VMBuilds\USB_Host_SAMD21\arduino_zero_native\Release/core.a(wiring_analog.c.o)
 .ARM.attributes
                0x00000270       0x32 C:\Users\Alex\AppData\Local\Temp\VMBuilds\USB_Host_SAMD21\arduino_zero_native\Release/core.a(wiring_digital.c.o)
 .ARM.attributes
                0x000002a2       0x32 C:\Users\Alex\AppData\Local\Temp\VMBuilds\USB_Host_SAMD21\arduino_zero_native\Release/core.a(wiring_private.c.o)
 .ARM.attributes
                0x000002d4       0x32 C:\Users\Alex\AppData\Local\Temp\VMBuilds\USB_Host_SAMD21\arduino_zero_native\Release/core.a(samd21_host.c.o)
 .ARM.attributes
                0x00000306       0x32 C:\Users\Alex\AppData\Local\Temp\VMBuilds\USB_Host_SAMD21\arduino_zero_native\Release/core.a(main.cpp.o)
 .ARM.attributes
                0x00000338       0x32 C:\Users\Alex\AppData\Local\Temp\VMBuilds\USB_Host_SAMD21\arduino_zero_native\Release/core.a(Print.cpp.o)
 .ARM.attributes
                0x0000036a       0x32 C:\Users\Alex\AppData\Local\Temp\VMBuilds\USB_Host_SAMD21\arduino_zero_native\Release/core.a(Reset.cpp.o)
 .ARM.attributes
                0x0000039c       0x32 C:\Users\Alex\AppData\Local\Temp\VMBuilds\USB_Host_SAMD21\arduino_zero_native\Release/core.a(SERCOM.cpp.o)
 .ARM.attributes
                0x000003ce       0x32 C:\Users\Alex\AppData\Local\Temp\VMBuilds\USB_Host_SAMD21\arduino_zero_native\Release/core.a(Uart.cpp.o)
 .ARM.attributes
                0x00000400       0x32 C:\Users\Alex\AppData\Local\Temp\VMBuilds\USB_Host_SAMD21\arduino_zero_native\Release/core.a(CDC.cpp.o)
 .ARM.attributes
                0x00000432       0x32 C:\Users\Alex\AppData\Local\Temp\VMBuilds\USB_Host_SAMD21\arduino_zero_native\Release/core.a(USBCore.cpp.o)
 .ARM.attributes
                0x00000464       0x32 C:\Users\Alex\AppData\Local\Temp\VMBuilds\USB_Host_SAMD21\arduino_zero_native\Release/core.a(new.cpp.o)
 .ARM.attributes
                0x00000496       0x32 C:\Users\Alex\AppData\Local\Temp\VMBuilds\USB_Host_SAMD21\arduino_zero_native\Release/core.a(PluggableUSB.cpp.o)
 .ARM.attributes
                0x000004c8       0x1e c:/users/alex/appdata/local/arduino15/packages/arduino/tools/arm-none-eabi-gcc/4.8.3-2014q1/bin/../lib/gcc/arm-none-eabi/4.8.3/armv6-m\libgcc.a(_thumb1_case_uqi.o)
 .ARM.attributes
                0x000004e6       0x1e c:/users/alex/appdata/local/arduino15/packages/arduino/tools/arm-none-eabi-gcc/4.8.3-2014q1/bin/../lib/gcc/arm-none-eabi/4.8.3/armv6-m\libgcc.a(_udivsi3.o)
 .ARM.attributes
                0x00000504       0x1e c:/users/alex/appdata/local/arduino15/packages/arduino/tools/arm-none-eabi-gcc/4.8.3-2014q1/bin/../lib/gcc/arm-none-eabi/4.8.3/armv6-m\libgcc.a(_dvmd_tls.o)
 .ARM.attributes
                0x00000522       0x2c c:/users/alex/appdata/local/arduino15/packages/arduino/tools/arm-none-eabi-gcc/4.8.3-2014q1/bin/../lib/gcc/arm-none-eabi/4.8.3/../../../../arm-none-eabi/lib/armv6-m\libc_s.a(lib_a-impure.o)
 .ARM.attributes
                0x0000054e       0x2c c:/users/alex/appdata/local/arduino15/packages/arduino/tools/arm-none-eabi-gcc/4.8.3-2014q1/bin/../lib/gcc/arm-none-eabi/4.8.3/../../../../arm-none-eabi/lib/armv6-m\libc_s.a(lib_a-init.o)
 .ARM.attributes
                0x0000057a       0x2c c:/users/alex/appdata/local/arduino15/packages/arduino/tools/arm-none-eabi-gcc/4.8.3-2014q1/bin/../lib/gcc/arm-none-eabi/4.8.3/../../../../arm-none-eabi/lib/armv6-m\libc_s.a(lib_a-malloc.o)
 .ARM.attributes
                0x000005a6       0x2c c:/users/alex/appdata/local/arduino15/packages/arduino/tools/arm-none-eabi-gcc/4.8.3-2014q1/bin/../lib/gcc/arm-none-eabi/4.8.3/../../../../arm-none-eabi/lib/armv6-m\libc_s.a(lib_a-memcpy-stub.o)
 .ARM.attributes
                0x000005d2       0x2c c:/users/alex/appdata/local/arduino15/packages/arduino/tools/arm-none-eabi-gcc/4.8.3-2014q1/bin/../lib/gcc/arm-none-eabi/4.8.3/../../../../arm-none-eabi/lib/armv6-m\libc_s.a(lib_a-memset.o)
 .ARM.attributes
                0x000005fe       0x2c c:/users/alex/appdata/local/arduino15/packages/arduino/tools/arm-none-eabi-gcc/4.8.3-2014q1/bin/../lib/gcc/arm-none-eabi/4.8.3/../../../../arm-none-eabi/lib/armv6-m\libc_s.a(lib_a-nano-mallocr.o)
 .ARM.attributes
                0x0000062a       0x2c c:/users/alex/appdata/local/arduino15/packages/arduino/tools/arm-none-eabi-gcc/4.8.3-2014q1/bin/../lib/gcc/arm-none-eabi/4.8.3/../../../../arm-none-eabi/lib/armv6-m\libc_s.a(lib_a-sbrkr.o)
 .ARM.attributes
                0x00000656       0x2c c:/users/alex/appdata/local/arduino15/packages/arduino/tools/arm-none-eabi-gcc/4.8.3-2014q1/bin/../lib/gcc/arm-none-eabi/4.8.3/../../../../arm-none-eabi/lib/armv6-m\libc_s.a(lib_a-strlen.o)
 .ARM.attributes
                0x00000682       0x2c c:/users/alex/appdata/local/arduino15/packages/arduino/tools/arm-none-eabi-gcc/4.8.3-2014q1/bin/../lib/gcc/arm-none-eabi/4.8.3/../../../../arm-none-eabi/lib/armv6-m\libc_s.a(lib_a-reent.o)
 .ARM.attributes
                0x000006ae       0x2c c:/users/alex/appdata/local/arduino15/packages/arduino/tools/arm-none-eabi-gcc/4.8.3-2014q1/bin/../lib/gcc/arm-none-eabi/4.8.3/../../../../arm-none-eabi/lib/armv6-m\libnosys.a(sbrk.o)
 .ARM.attributes
                0x000006da       0x2c c:/users/alex/appdata/local/arduino15/packages/arduino/tools/arm-none-eabi-gcc/4.8.3-2014q1/bin/../lib/gcc/arm-none-eabi/4.8.3/armv6-m/crtend.o
 .ARM.attributes
                0x00000706       0x1e c:/users/alex/appdata/local/arduino15/packages/arduino/tools/arm-none-eabi-gcc/4.8.3-2014q1/bin/../lib/gcc/arm-none-eabi/4.8.3/armv6-m/crtn.o

.comment        0x00000000       0x70
 .comment       0x00000000       0x70 C:\Users\Alex\AppData\Local\Temp\VMBuilds\USB_Host_SAMD21\arduino_zero_native\Release\USB_Host_SAMD21.cpp.o
                                 0x71 (size before relaxing)
 .comment       0x00000000       0x71 C:\Users\Alex\AppData\Local\Temp\VMBuilds\USB_Host_SAMD21\arduino_zero_native\Release\USBHost\adk.cpp.o
 .comment       0x00000000       0x71 C:\Users\Alex\AppData\Local\Temp\VMBuilds\USB_Host_SAMD21\arduino_zero_native\Release\USBHost\parsetools.cpp.o
 .comment       0x00000000       0x71 C:\Users\Alex\AppData\Local\Temp\VMBuilds\USB_Host_SAMD21\arduino_zero_native\Release\USBHost\Usb.cpp.o
 .comment       0x00000000       0x71 C:\Users\Alex\AppData\Local\Temp\VMBCore\arduino16x\f4e4fb79301fbd088d63ca0524c96428\variant\variant.cpp.o
 .comment       0x00000000       0x71 C:\Users\Alex\AppData\Local\Temp\VMBuilds\USB_Host_SAMD21\arduino_zero_native\Release/core.a(cortex_handlers.c.o)
 .comment       0x00000000       0x71 C:\Users\Alex\AppData\Local\Temp\VMBuilds\USB_Host_SAMD21\arduino_zero_native\Release/core.a(delay.c.o)
 .comment       0x00000000       0x71 C:\Users\Alex\AppData\Local\Temp\VMBuilds\USB_Host_SAMD21\arduino_zero_native\Release/core.a(hooks.c.o)
 .comment       0x00000000       0x71 C:\Users\Alex\AppData\Local\Temp\VMBuilds\USB_Host_SAMD21\arduino_zero_native\Release/core.a(startup.c.o)
 .comment       0x00000000       0x71 C:\Users\Alex\AppData\Local\Temp\VMBuilds\USB_Host_SAMD21\arduino_zero_native\Release/core.a(wiring.c.o)
 .comment       0x00000000       0x71 C:\Users\Alex\AppData\Local\Temp\VMBuilds\USB_Host_SAMD21\arduino_zero_native\Release/core.a(wiring_analog.c.o)
 .comment       0x00000000       0x71 C:\Users\Alex\AppData\Local\Temp\VMBuilds\USB_Host_SAMD21\arduino_zero_native\Release/core.a(wiring_digital.c.o)
 .comment       0x00000000       0x71 C:\Users\Alex\AppData\Local\Temp\VMBuilds\USB_Host_SAMD21\arduino_zero_native\Release/core.a(wiring_private.c.o)
 .comment       0x00000000       0x71 C:\Users\Alex\AppData\Local\Temp\VMBuilds\USB_Host_SAMD21\arduino_zero_native\Release/core.a(samd21_host.c.o)
 .comment       0x00000000       0x71 C:\Users\Alex\AppData\Local\Temp\VMBuilds\USB_Host_SAMD21\arduino_zero_native\Release/core.a(main.cpp.o)
 .comment       0x00000000       0x71 C:\Users\Alex\AppData\Local\Temp\VMBuilds\USB_Host_SAMD21\arduino_zero_native\Release/core.a(Print.cpp.o)
 .comment       0x00000000       0x71 C:\Users\Alex\AppData\Local\Temp\VMBuilds\USB_Host_SAMD21\arduino_zero_native\Release/core.a(Reset.cpp.o)
 .comment       0x00000000       0x71 C:\Users\Alex\AppData\Local\Temp\VMBuilds\USB_Host_SAMD21\arduino_zero_native\Release/core.a(SERCOM.cpp.o)
 .comment       0x00000000       0x71 C:\Users\Alex\AppData\Local\Temp\VMBuilds\USB_Host_SAMD21\arduino_zero_native\Release/core.a(Uart.cpp.o)
 .comment       0x00000000       0x71 C:\Users\Alex\AppData\Local\Temp\VMBuilds\USB_Host_SAMD21\arduino_zero_native\Release/core.a(CDC.cpp.o)
 .comment       0x00000000       0x71 C:\Users\Alex\AppData\Local\Temp\VMBuilds\USB_Host_SAMD21\arduino_zero_native\Release/core.a(USBCore.cpp.o)
 .comment       0x00000000       0x71 C:\Users\Alex\AppData\Local\Temp\VMBuilds\USB_Host_SAMD21\arduino_zero_native\Release/core.a(new.cpp.o)
 .comment       0x00000000       0x71 C:\Users\Alex\AppData\Local\Temp\VMBuilds\USB_Host_SAMD21\arduino_zero_native\Release/core.a(PluggableUSB.cpp.o)

.debug_info     0x00000000    0x3c9ae
 .debug_info    0x00000000     0x4953 C:\Users\Alex\AppData\Local\Temp\VMBuilds\USB_Host_SAMD21\arduino_zero_native\Release\USB_Host_SAMD21.cpp.o
 .debug_info    0x00004953     0x8076 C:\Users\Alex\AppData\Local\Temp\VMBuilds\USB_Host_SAMD21\arduino_zero_native\Release\USBHost\adk.cpp.o
 .debug_info    0x0000c9c9      0x54b C:\Users\Alex\AppData\Local\Temp\VMBuilds\USB_Host_SAMD21\arduino_zero_native\Release\USBHost\parsetools.cpp.o
 .debug_info    0x0000cf14     0x4ba1 C:\Users\Alex\AppData\Local\Temp\VMBuilds\USB_Host_SAMD21\arduino_zero_native\Release\USBHost\Usb.cpp.o
 .debug_info    0x00011ab5     0x551c C:\Users\Alex\AppData\Local\Temp\VMBCore\arduino16x\f4e4fb79301fbd088d63ca0524c96428\variant\variant.cpp.o
 .debug_info    0x00016fd1      0x4d6 C:\Users\Alex\AppData\Local\Temp\VMBuilds\USB_Host_SAMD21\arduino_zero_native\Release/core.a(cortex_handlers.c.o)
 .debug_info    0x000174a7      0x362 C:\Users\Alex\AppData\Local\Temp\VMBuilds\USB_Host_SAMD21\arduino_zero_native\Release/core.a(delay.c.o)
 .debug_info    0x00017809       0x60 C:\Users\Alex\AppData\Local\Temp\VMBuilds\USB_Host_SAMD21\arduino_zero_native\Release/core.a(hooks.c.o)
 .debug_info    0x00017869     0x28ff C:\Users\Alex\AppData\Local\Temp\VMBuilds\USB_Host_SAMD21\arduino_zero_native\Release/core.a(startup.c.o)
 .debug_info    0x0001a168     0x1ddc C:\Users\Alex\AppData\Local\Temp\VMBuilds\USB_Host_SAMD21\arduino_zero_native\Release/core.a(wiring.c.o)
 .debug_info    0x0001bf44     0x435b C:\Users\Alex\AppData\Local\Temp\VMBuilds\USB_Host_SAMD21\arduino_zero_native\Release/core.a(wiring_analog.c.o)
 .debug_info    0x0002029f      0xb8f C:\Users\Alex\AppData\Local\Temp\VMBuilds\USB_Host_SAMD21\arduino_zero_native\Release/core.a(wiring_digital.c.o)
 .debug_info    0x00020e2e      0xb78 C:\Users\Alex\AppData\Local\Temp\VMBuilds\USB_Host_SAMD21\arduino_zero_native\Release/core.a(wiring_private.c.o)
 .debug_info    0x000219a6     0x33a2 C:\Users\Alex\AppData\Local\Temp\VMBuilds\USB_Host_SAMD21\arduino_zero_native\Release/core.a(samd21_host.c.o)
 .debug_info    0x00024d48      0x7c2 C:\Users\Alex\AppData\Local\Temp\VMBuilds\USB_Host_SAMD21\arduino_zero_native\Release/core.a(main.cpp.o)
 .debug_info    0x0002550a     0x2758 C:\Users\Alex\AppData\Local\Temp\VMBuilds\USB_Host_SAMD21\arduino_zero_native\Release/core.a(Print.cpp.o)
 .debug_info    0x00027c62      0x846 C:\Users\Alex\AppData\Local\Temp\VMBuilds\USB_Host_SAMD21\arduino_zero_native\Release/core.a(Reset.cpp.o)
 .debug_info    0x000284a8     0x3a9b C:\Users\Alex\AppData\Local\Temp\VMBuilds\USB_Host_SAMD21\arduino_zero_native\Release/core.a(SERCOM.cpp.o)
 .debug_info    0x0002bf43     0x58a9 C:\Users\Alex\AppData\Local\Temp\VMBuilds\USB_Host_SAMD21\arduino_zero_native\Release/core.a(Uart.cpp.o)
 .debug_info    0x000317ec     0x2ca3 C:\Users\Alex\AppData\Local\Temp\VMBuilds\USB_Host_SAMD21\arduino_zero_native\Release/core.a(CDC.cpp.o)
 .debug_info    0x0003448f     0x7c8e C:\Users\Alex\AppData\Local\Temp\VMBuilds\USB_Host_SAMD21\arduino_zero_native\Release/core.a(USBCore.cpp.o)
 .debug_info    0x0003c11d      0x1a1 C:\Users\Alex\AppData\Local\Temp\VMBuilds\USB_Host_SAMD21\arduino_zero_native\Release/core.a(new.cpp.o)
 .debug_info    0x0003c2be      0x6f0 C:\Users\Alex\AppData\Local\Temp\VMBuilds\USB_Host_SAMD21\arduino_zero_native\Release/core.a(PluggableUSB.cpp.o)

.debug_abbrev   0x00000000     0x51ae
 .debug_abbrev  0x00000000      0x449 C:\Users\Alex\AppData\Local\Temp\VMBuilds\USB_Host_SAMD21\arduino_zero_native\Release\USB_Host_SAMD21.cpp.o
 .debug_abbrev  0x00000449      0x7a8 C:\Users\Alex\AppData\Local\Temp\VMBuilds\USB_Host_SAMD21\arduino_zero_native\Release\USBHost\adk.cpp.o
 .debug_abbrev  0x00000bf1      0x20e C:\Users\Alex\AppData\Local\Temp\VMBuilds\USB_Host_SAMD21\arduino_zero_native\Release\USBHost\parsetools.cpp.o
 .debug_abbrev  0x00000dff      0x78e C:\Users\Alex\AppData\Local\Temp\VMBuilds\USB_Host_SAMD21\arduino_zero_native\Release\USBHost\Usb.cpp.o
 .debug_abbrev  0x0000158d      0x32b C:\Users\Alex\AppData\Local\Temp\VMBCore\arduino16x\f4e4fb79301fbd088d63ca0524c96428\variant\variant.cpp.o
 .debug_abbrev  0x000018b8      0x159 C:\Users\Alex\AppData\Local\Temp\VMBuilds\USB_Host_SAMD21\arduino_zero_native\Release/core.a(cortex_handlers.c.o)
 .debug_abbrev  0x00001a11      0x158 C:\Users\Alex\AppData\Local\Temp\VMBuilds\USB_Host_SAMD21\arduino_zero_native\Release/core.a(delay.c.o)
 .debug_abbrev  0x00001b69       0x47 C:\Users\Alex\AppData\Local\Temp\VMBuilds\USB_Host_SAMD21\arduino_zero_native\Release/core.a(hooks.c.o)
 .debug_abbrev  0x00001bb0      0x17a C:\Users\Alex\AppData\Local\Temp\VMBuilds\USB_Host_SAMD21\arduino_zero_native\Release/core.a(startup.c.o)
 .debug_abbrev  0x00001d2a      0x281 C:\Users\Alex\AppData\Local\Temp\VMBuilds\USB_Host_SAMD21\arduino_zero_native\Release/core.a(wiring.c.o)
 .debug_abbrev  0x00001fab      0x38f C:\Users\Alex\AppData\Local\Temp\VMBuilds\USB_Host_SAMD21\arduino_zero_native\Release/core.a(wiring_analog.c.o)
 .debug_abbrev  0x0000233a      0x201 C:\Users\Alex\AppData\Local\Temp\VMBuilds\USB_Host_SAMD21\arduino_zero_native\Release/core.a(wiring_digital.c.o)
 .debug_abbrev  0x0000253b      0x21b C:\Users\Alex\AppData\Local\Temp\VMBuilds\USB_Host_SAMD21\arduino_zero_native\Release/core.a(wiring_private.c.o)
 .debug_abbrev  0x00002756      0x352 C:\Users\Alex\AppData\Local\Temp\VMBuilds\USB_Host_SAMD21\arduino_zero_native\Release/core.a(samd21_host.c.o)
 .debug_abbrev  0x00002aa8      0x216 C:\Users\Alex\AppData\Local\Temp\VMBuilds\USB_Host_SAMD21\arduino_zero_native\Release/core.a(main.cpp.o)
 .debug_abbrev  0x00002cbe      0x487 C:\Users\Alex\AppData\Local\Temp\VMBuilds\USB_Host_SAMD21\arduino_zero_native\Release/core.a(Print.cpp.o)
 .debug_abbrev  0x00003145      0x264 C:\Users\Alex\AppData\Local\Temp\VMBuilds\USB_Host_SAMD21\arduino_zero_native\Release/core.a(Reset.cpp.o)
 .debug_abbrev  0x000033a9      0x48d C:\Users\Alex\AppData\Local\Temp\VMBuilds\USB_Host_SAMD21\arduino_zero_native\Release/core.a(SERCOM.cpp.o)
 .debug_abbrev  0x00003836      0x65e C:\Users\Alex\AppData\Local\Temp\VMBuilds\USB_Host_SAMD21\arduino_zero_native\Release/core.a(Uart.cpp.o)
 .debug_abbrev  0x00003e94      0x659 C:\Users\Alex\AppData\Local\Temp\VMBuilds\USB_Host_SAMD21\arduino_zero_native\Release/core.a(CDC.cpp.o)
 .debug_abbrev  0x000044ed      0x8f9 C:\Users\Alex\AppData\Local\Temp\VMBuilds\USB_Host_SAMD21\arduino_zero_native\Release/core.a(USBCore.cpp.o)
 .debug_abbrev  0x00004de6       0xd7 C:\Users\Alex\AppData\Local\Temp\VMBuilds\USB_Host_SAMD21\arduino_zero_native\Release/core.a(new.cpp.o)
 .debug_abbrev  0x00004ebd      0x2f1 C:\Users\Alex\AppData\Local\Temp\VMBuilds\USB_Host_SAMD21\arduino_zero_native\Release/core.a(PluggableUSB.cpp.o)

.debug_loc      0x00000000     0x8ce5
 .debug_loc     0x00000000       0x13 C:\Users\Alex\AppData\Local\Temp\VMBuilds\USB_Host_SAMD21\arduino_zero_native\Release\USB_Host_SAMD21.cpp.o
 .debug_loc     0x00000013      0xd88 C:\Users\Alex\AppData\Local\Temp\VMBuilds\USB_Host_SAMD21\arduino_zero_native\Release\USBHost\adk.cpp.o
 .debug_loc     0x00000d9b      0x152 C:\Users\Alex\AppData\Local\Temp\VMBuilds\USB_Host_SAMD21\arduino_zero_native\Release\USBHost\parsetools.cpp.o
 .debug_loc     0x00000eed     0x1a89 C:\Users\Alex\AppData\Local\Temp\VMBuilds\USB_Host_SAMD21\arduino_zero_native\Release\USBHost\Usb.cpp.o
 .debug_loc     0x00002976       0x7b C:\Users\Alex\AppData\Local\Temp\VMBuilds\USB_Host_SAMD21\arduino_zero_native\Release/core.a(cortex_handlers.c.o)
 .debug_loc     0x000029f1       0xf4 C:\Users\Alex\AppData\Local\Temp\VMBuilds\USB_Host_SAMD21\arduino_zero_native\Release/core.a(delay.c.o)
 .debug_loc     0x00002ae5       0x58 C:\Users\Alex\AppData\Local\Temp\VMBuilds\USB_Host_SAMD21\arduino_zero_native\Release/core.a(startup.c.o)
 .debug_loc     0x00002b3d       0xe9 C:\Users\Alex\AppData\Local\Temp\VMBuilds\USB_Host_SAMD21\arduino_zero_native\Release/core.a(wiring.c.o)
 .debug_loc     0x00002c26      0x53d C:\Users\Alex\AppData\Local\Temp\VMBuilds\USB_Host_SAMD21\arduino_zero_native\Release/core.a(wiring_analog.c.o)
 .debug_loc     0x00003163      0x19f C:\Users\Alex\AppData\Local\Temp\VMBuilds\USB_Host_SAMD21\arduino_zero_native\Release/core.a(wiring_digital.c.o)
 .debug_loc     0x00003302      0x123 C:\Users\Alex\AppData\Local\Temp\VMBuilds\USB_Host_SAMD21\arduino_zero_native\Release/core.a(wiring_private.c.o)